2026-01-26 13:48:20,038 - INFO - Starting verification on /Users/4d/Documents/GitHub/template/projects/cogsec_multiagent_1_theory/manuscript...
2026-01-26 13:48:20,038 - INFO - Checking file existence...
2026-01-26 13:48:20,038 - INFO - Verifying citations...
2026-01-26 13:48:20,039 - INFO - Found 76 bibliography entries.
2026-01-26 13:48:20,041 - INFO - Verifying definition labels and references...
2026-01-26 13:48:20,042 - INFO - Verifying images and links...
2026-01-26 13:48:20,043 - INFO - Checking style guidelines...
2026-01-26 13:48:20,080 - WARNING - Potential hyperbole 'perfect' in S02_eusocial_cogsec.md:116
2026-01-26 13:48:20,087 - INFO - ----------------------------------------
2026-01-26 13:48:20,087 - INFO - Verification Summary:
2026-01-26 13:48:20,087 - INFO - Files          : PASS
2026-01-26 13:48:20,087 - INFO - Citations      : PASS
2026-01-26 13:48:20,087 - INFO - Labels/Refs    : PASS
2026-01-26 13:48:20,087 - INFO - Images/Links   : PASS
2026-01-26 13:48:20,087 - INFO - Style          : PASS
2026-01-26 13:48:20,087 - INFO - ----------------------------------------
2026-01-26 13:48:20,087 - INFO - All checks passed successfully.
2026-01-26 15:09:22,961 - INFO - Starting verification on /Users/4d/Documents/GitHub/template/projects/cogsec_multiagent_1_theory/manuscript...
2026-01-26 15:09:22,961 - INFO - Checking file existence...
2026-01-26 15:09:22,961 - INFO - Verifying citations...
2026-01-26 15:09:22,962 - INFO - Found 78 bibliography entries.
2026-01-26 15:09:22,963 - INFO - Verifying definition labels and references...
2026-01-26 15:09:22,964 - INFO - Verifying images and links...
2026-01-26 15:09:22,965 - INFO - Checking style guidelines...
2026-01-26 15:09:23,015 - WARNING - Potential hyperbole 'perfect' in S02_eusocial_cogsec.md:116
2026-01-26 15:09:23,025 - INFO - ----------------------------------------
2026-01-26 15:09:23,025 - INFO - Verification Summary:
2026-01-26 15:09:23,025 - INFO - Files          : PASS
2026-01-26 15:09:23,025 - INFO - Citations      : PASS
2026-01-26 15:09:23,025 - INFO - Labels/Refs    : PASS
2026-01-26 15:09:23,025 - INFO - Images/Links   : PASS
2026-01-26 15:09:23,025 - INFO - Style          : PASS
2026-01-26 15:09:23,025 - INFO - ----------------------------------------
2026-01-26 15:09:23,025 - INFO - All checks passed successfully.
2026-01-27 08:42:53,743 - INFO - Starting verification on /Users/4d/Documents/GitHub/template/projects/cogsec_multiagent_1_theory/manuscript...
2026-01-27 08:42:53,743 - INFO - Checking file existence...
2026-01-27 08:42:53,743 - INFO - Verifying citations...
2026-01-27 08:42:53,743 - INFO - Found 79 bibliography entries.
2026-01-27 08:42:53,746 - INFO - Verifying definition labels and references...
2026-01-27 08:42:53,747 - INFO - Verifying images and links...
2026-01-27 08:42:53,748 - INFO - Checking style guidelines...
2026-01-27 08:42:53,784 - WARNING - Potential hyperbole 'perfect' in S02_eusocial_cogsec.md:116
2026-01-27 08:42:53,791 - INFO - ----------------------------------------
2026-01-27 08:42:53,791 - INFO - Verification Summary:
2026-01-27 08:42:53,791 - INFO - Files          : PASS
2026-01-27 08:42:53,791 - INFO - Citations      : PASS
2026-01-27 08:42:53,791 - INFO - Labels/Refs    : PASS
2026-01-27 08:42:53,791 - INFO - Images/Links   : PASS
2026-01-27 08:42:53,791 - INFO - Style          : PASS
2026-01-27 08:42:53,791 - INFO - ----------------------------------------
2026-01-27 08:42:53,791 - INFO - All checks passed successfully.
2026-01-27 09:24:39,384 - INFO - Starting verification on /Users/4d/Documents/GitHub/template/projects/cogsec_multiagent_1_theory/manuscript...
2026-01-27 09:24:39,385 - INFO - Checking file existence...
2026-01-27 09:24:39,385 - INFO - Verifying citations...
2026-01-27 09:24:39,385 - INFO - Found 79 bibliography entries.
2026-01-27 09:24:39,389 - INFO - Verifying definition labels and references...
2026-01-27 09:24:39,391 - INFO - Verifying images and links...
2026-01-27 09:24:39,392 - INFO - Checking style guidelines...
2026-01-27 09:24:39,431 - WARNING - Potential hyperbole 'perfect' in S02_eusocial_cogsec.md:116
2026-01-27 09:24:39,439 - INFO - ----------------------------------------
2026-01-27 09:24:39,439 - INFO - Verification Summary:
2026-01-27 09:24:39,439 - INFO - Files          : PASS
2026-01-27 09:24:39,439 - INFO - Citations      : PASS
2026-01-27 09:24:39,439 - INFO - Labels/Refs    : PASS
2026-01-27 09:24:39,439 - INFO - Images/Links   : PASS
2026-01-27 09:24:39,439 - INFO - Style          : PASS
2026-01-27 09:24:39,439 - INFO - ----------------------------------------
2026-01-27 09:24:39,439 - INFO - All checks passed successfully.
2026-01-27 10:10:29,288 - INFO - Starting verification on /Users/4d/Documents/GitHub/template/projects/cogsec_multiagent_1_theory/manuscript...
2026-01-27 10:10:29,289 - INFO - Checking file existence...
2026-01-27 10:10:29,289 - INFO - Verifying citations...
2026-01-27 10:10:29,289 - INFO - Found 79 bibliography entries.
2026-01-27 10:10:29,293 - INFO - Verifying definition labels and references...
2026-01-27 10:10:29,294 - INFO - Verifying images and links...
2026-01-27 10:10:29,295 - INFO - Checking style guidelines...
2026-01-27 10:10:29,332 - WARNING - Potential hyperbole 'perfect' in S02_eusocial_cogsec.md:116
2026-01-27 10:10:29,339 - INFO - ----------------------------------------
2026-01-27 10:10:29,339 - INFO - Verification Summary:
2026-01-27 10:10:29,339 - INFO - Files          : PASS
2026-01-27 10:10:29,339 - INFO - Citations      : PASS
2026-01-27 10:10:29,339 - INFO - Labels/Refs    : PASS
2026-01-27 10:10:29,340 - INFO - Images/Links   : PASS
2026-01-27 10:10:29,340 - INFO - Style          : PASS
2026-01-27 10:10:29,340 - INFO - ----------------------------------------
2026-01-27 10:10:29,340 - INFO - All checks passed successfully.
2026-01-27 11:17:11,118 - INFO - Starting verification on /Users/4d/Documents/GitHub/template/projects/cogsec_multiagent_1_theory/manuscript...
2026-01-27 11:17:11,118 - INFO - Checking file existence...
2026-01-27 11:17:11,118 - INFO - Verifying citations...
2026-01-27 11:17:11,118 - INFO - Found 79 bibliography entries.
2026-01-27 11:17:11,121 - INFO - Verifying definition labels and references...
2026-01-27 11:17:11,122 - INFO - Verifying images and links...
2026-01-27 11:17:11,122 - INFO - Checking style guidelines...
2026-01-27 11:17:11,160 - WARNING - Potential hyperbole 'perfect' in S02_eusocial_cogsec.md:116
2026-01-27 11:17:11,167 - INFO - ----------------------------------------
2026-01-27 11:17:11,167 - INFO - Verification Summary:
2026-01-27 11:17:11,167 - INFO - Files          : PASS
2026-01-27 11:17:11,167 - INFO - Citations      : PASS
2026-01-27 11:17:11,167 - INFO - Labels/Refs    : PASS
2026-01-27 11:17:11,167 - INFO - Images/Links   : PASS
2026-01-27 11:17:11,167 - INFO - Style          : PASS
2026-01-27 11:17:11,167 - INFO - ----------------------------------------
2026-01-27 11:17:11,167 - INFO - All checks passed successfully.
2026-01-27 14:04:02,501 - INFO - Starting verification on /Users/4d/Documents/GitHub/template/projects/cogsec_multiagent_1_theory/manuscript...
2026-01-27 14:04:02,501 - INFO - Checking file existence...
2026-01-27 14:04:02,501 - INFO - Verifying citations...
2026-01-27 14:04:02,502 - INFO - Found 79 bibliography entries.
2026-01-27 14:04:02,504 - INFO - Verifying definition labels and references...
2026-01-27 14:04:02,505 - INFO - Verifying images and links...
2026-01-27 14:04:02,506 - INFO - Checking style guidelines...
2026-01-27 14:04:02,544 - WARNING - Potential hyperbole 'perfect' in S02_eusocial_cogsec.md:116
2026-01-27 14:04:02,551 - INFO - ----------------------------------------
2026-01-27 14:04:02,551 - INFO - Verification Summary:
2026-01-27 14:04:02,551 - INFO - Files          : PASS
2026-01-27 14:04:02,551 - INFO - Citations      : PASS
2026-01-27 14:04:02,551 - INFO - Labels/Refs    : PASS
2026-01-27 14:04:02,551 - INFO - Images/Links   : PASS
2026-01-27 14:04:02,551 - INFO - Style          : PASS
2026-01-27 14:04:02,551 - INFO - ----------------------------------------
2026-01-27 14:04:02,551 - INFO - All checks passed successfully.
2026-01-27 14:36:23,358 - INFO - Starting verification on /Users/4d/Documents/GitHub/template/projects/cogsec_multiagent_1_theory/manuscript...
2026-01-27 14:36:23,358 - INFO - Checking file existence...
2026-01-27 14:36:23,358 - INFO - Verifying citations...
2026-01-27 14:36:23,359 - INFO - Found 79 bibliography entries.
2026-01-27 14:36:23,361 - INFO - Verifying definition labels and references...
2026-01-27 14:36:23,362 - WARNING - Undefined reference: '\cref{sec:nusmv-config}' in S03_notation.md
2026-01-27 14:36:23,362 - INFO - Verifying images and links...
2026-01-27 14:36:23,363 - INFO - Checking style guidelines...
2026-01-27 14:36:23,399 - WARNING - Potential hyperbole 'perfect' in S02_eusocial_cogsec.md:116
2026-01-27 14:36:23,406 - INFO - ----------------------------------------
2026-01-27 14:36:23,406 - INFO - Verification Summary:
2026-01-27 14:36:23,406 - INFO - Files          : PASS
2026-01-27 14:36:23,406 - INFO - Citations      : PASS
2026-01-27 14:36:23,406 - INFO - Labels/Refs    : FAIL
2026-01-27 14:36:23,406 - INFO - Images/Links   : PASS
2026-01-27 14:36:23,406 - INFO - Style          : PASS
2026-01-27 14:36:23,406 - INFO - ----------------------------------------
2026-01-27 14:36:23,406 - ERROR - Verification failed. See logs for details.
2026-01-27 14:37:26,183 - INFO - Starting verification on /Users/4d/Documents/GitHub/template/projects/cogsec_multiagent_1_theory/manuscript...
2026-01-27 14:37:26,183 - INFO - Checking file existence...
2026-01-27 14:37:26,183 - INFO - Verifying citations...
2026-01-27 14:37:26,183 - INFO - Found 79 bibliography entries.
2026-01-27 14:37:26,184 - INFO - Verifying definition labels and references...
2026-01-27 14:37:26,185 - INFO - Verifying images and links...
2026-01-27 14:37:26,185 - INFO - Checking style guidelines...
2026-01-27 14:37:26,222 - WARNING - Potential hyperbole 'perfect' in S02_eusocial_cogsec.md:116
2026-01-27 14:37:26,229 - INFO - ----------------------------------------
2026-01-27 14:37:26,229 - INFO - Verification Summary:
2026-01-27 14:37:26,229 - INFO - Files          : PASS
2026-01-27 14:37:26,229 - INFO - Citations      : PASS
2026-01-27 14:37:26,229 - INFO - Labels/Refs    : PASS
2026-01-27 14:37:26,229 - INFO - Images/Links   : PASS
2026-01-27 14:37:26,229 - INFO - Style          : PASS
2026-01-27 14:37:26,229 - INFO - ----------------------------------------
2026-01-27 14:37:26,229 - INFO - All checks passed successfully.
2026-01-27 15:41:08,458 - INFO - Starting verification on /Users/4d/Documents/GitHub/template/projects/cogsec_multiagent_1_theory/manuscript...
2026-01-27 15:41:08,458 - INFO - Checking file existence...
2026-01-27 15:41:08,458 - INFO - Verifying citations...
2026-01-27 15:41:08,459 - INFO - Found 79 bibliography entries.
2026-01-27 15:41:08,463 - INFO - Verifying definition labels and references...
2026-01-27 15:41:08,464 - INFO - Verifying images and links...
2026-01-27 15:41:08,465 - INFO - Checking style guidelines...
2026-01-27 15:41:08,502 - WARNING - Potential hyperbole 'perfect' in S02_eusocial_cogsec.md:116
2026-01-27 15:41:08,509 - INFO - ----------------------------------------
2026-01-27 15:41:08,509 - INFO - Verification Summary:
2026-01-27 15:41:08,509 - INFO - Files          : PASS
2026-01-27 15:41:08,509 - INFO - Citations      : PASS
2026-01-27 15:41:08,509 - INFO - Labels/Refs    : PASS
2026-01-27 15:41:08,509 - INFO - Images/Links   : PASS
2026-01-27 15:41:08,509 - INFO - Style          : PASS
2026-01-27 15:41:08,509 - INFO - ----------------------------------------
2026-01-27 15:41:08,509 - INFO - All checks passed successfully.
2026-01-27 16:05:07,247 - INFO - Starting verification on /Users/4d/Documents/GitHub/template/projects/cogsec_multiagent_1_theory/manuscript...
2026-01-27 16:05:07,247 - INFO - Checking file existence...
2026-01-27 16:05:07,247 - INFO - Verifying citations...
2026-01-27 16:05:07,247 - INFO - Found 79 bibliography entries.
2026-01-27 16:05:07,250 - INFO - Verifying definition labels and references...
2026-01-27 16:05:07,251 - INFO - Verifying images and links...
2026-01-27 16:05:07,252 - INFO - Checking style guidelines...
2026-01-27 16:05:07,303 - WARNING - Potential hyperbole 'perfect' in S02_eusocial_cogsec.md:116
2026-01-27 16:05:07,312 - INFO - ----------------------------------------
2026-01-27 16:05:07,312 - INFO - Verification Summary:
2026-01-27 16:05:07,312 - INFO - Files          : PASS
2026-01-27 16:05:07,312 - INFO - Citations      : PASS
2026-01-27 16:05:07,312 - INFO - Labels/Refs    : PASS
2026-01-27 16:05:07,312 - INFO - Images/Links   : PASS
2026-01-27 16:05:07,312 - INFO - Style          : PASS
2026-01-27 16:05:07,312 - INFO - ----------------------------------------
2026-01-27 16:05:07,312 - INFO - All checks passed successfully.
2026-01-28 05:28:17,252 - INFO - Starting verification on /Users/4d/Documents/GitHub/template/projects/cognitive_integrity/cogsec_multiagent_1_theory/manuscript...
2026-01-28 05:28:17,252 - INFO - Checking file existence...
2026-01-28 05:28:17,252 - INFO - Verifying citations...
2026-01-28 05:28:17,253 - INFO - Found 80 bibliography entries.
2026-01-28 05:28:17,257 - INFO - Verifying definition labels and references...
2026-01-28 05:28:17,258 - INFO - Verifying images and links...
2026-01-28 05:28:17,259 - INFO - Checking style guidelines...
2026-01-28 05:28:17,296 - WARNING - Potential hyperbole 'perfect' in S02_eusocial_cogsec.md:116
2026-01-28 05:28:17,303 - INFO - ----------------------------------------
2026-01-28 05:28:17,303 - INFO - Verification Summary:
2026-01-28 05:28:17,303 - INFO - Files          : PASS
2026-01-28 05:28:17,303 - INFO - Citations      : PASS
2026-01-28 05:28:17,303 - INFO - Labels/Refs    : PASS
2026-01-28 05:28:17,303 - INFO - Images/Links   : PASS
2026-01-28 05:28:17,303 - INFO - Style          : PASS
2026-01-28 05:28:17,303 - INFO - ----------------------------------------
2026-01-28 05:28:17,303 - INFO - All checks passed successfully.
2026-01-28 05:40:33,079 - INFO - Starting verification on /Users/4d/Documents/GitHub/template/projects/cognitive_integrity/cogsec_multiagent_1_theory/manuscript...
2026-01-28 05:40:33,079 - INFO - Checking file existence...
2026-01-28 05:40:33,079 - INFO - Verifying citations...
2026-01-28 05:40:33,079 - INFO - Found 80 bibliography entries.
2026-01-28 05:40:33,082 - INFO - Verifying definition labels and references...
2026-01-28 05:40:33,083 - INFO - Verifying images and links...
2026-01-28 05:40:33,084 - INFO - Checking style guidelines...
2026-01-28 05:40:33,122 - WARNING - Potential hyperbole 'perfect' in S02_eusocial_cogsec.md:116
2026-01-28 05:40:33,129 - INFO - ----------------------------------------
2026-01-28 05:40:33,129 - INFO - Verification Summary:
2026-01-28 05:40:33,129 - INFO - Files          : PASS
2026-01-28 05:40:33,129 - INFO - Citations      : PASS
2026-01-28 05:40:33,129 - INFO - Labels/Refs    : PASS
2026-01-28 05:40:33,129 - INFO - Images/Links   : PASS
2026-01-28 05:40:33,129 - INFO - Style          : PASS
2026-01-28 05:40:33,129 - INFO - ----------------------------------------
2026-01-28 05:40:33,129 - INFO - All checks passed successfully.
2026-01-28 05:53:19,810 - INFO - Starting verification on /Users/4d/Documents/GitHub/template/projects/cognitive_integrity/cogsec_multiagent_1_theory/manuscript...
2026-01-28 05:53:19,810 - INFO - Checking file existence...
2026-01-28 05:53:19,810 - INFO - Verifying citations...
2026-01-28 05:53:19,811 - INFO - Found 80 bibliography entries.
2026-01-28 05:53:19,814 - INFO - Verifying definition labels and references...
2026-01-28 05:53:19,816 - INFO - Verifying images and links...
2026-01-28 05:53:19,816 - INFO - Checking style guidelines...
2026-01-28 05:53:19,855 - WARNING - Potential hyperbole 'perfect' in S02_eusocial_cogsec.md:116
2026-01-28 05:53:19,863 - INFO - ----------------------------------------
2026-01-28 05:53:19,863 - INFO - Verification Summary:
2026-01-28 05:53:19,863 - INFO - Files          : PASS
2026-01-28 05:53:19,863 - INFO - Citations      : PASS
2026-01-28 05:53:19,863 - INFO - Labels/Refs    : PASS
2026-01-28 05:53:19,863 - INFO - Images/Links   : PASS
2026-01-28 05:53:19,863 - INFO - Style          : PASS
2026-01-28 05:53:19,863 - INFO - ----------------------------------------
2026-01-28 05:53:19,863 - INFO - All checks passed successfully.
2026-01-28 06:36:26,351 - INFO - Starting verification on /Users/4d/Documents/GitHub/template/projects/cognitive_integrity/cogsec_multiagent_1_theory/manuscript...
2026-01-28 06:36:26,351 - INFO - Checking file existence...
2026-01-28 06:36:26,351 - INFO - Verifying citations...
2026-01-28 06:36:26,352 - INFO - Found 80 bibliography entries.
2026-01-28 06:36:26,354 - INFO - Verifying definition labels and references...
2026-01-28 06:36:26,356 - INFO - Verifying images and links...
2026-01-28 06:36:26,356 - INFO - Checking style guidelines...
2026-01-28 06:36:26,393 - WARNING - Potential hyperbole 'perfect' in S02_eusocial_cogsec.md:116
2026-01-28 06:36:26,400 - INFO - ----------------------------------------
2026-01-28 06:36:26,400 - INFO - Verification Summary:
2026-01-28 06:36:26,400 - INFO - Files          : PASS
2026-01-28 06:36:26,400 - INFO - Citations      : PASS
2026-01-28 06:36:26,400 - INFO - Labels/Refs    : PASS
2026-01-28 06:36:26,400 - INFO - Images/Links   : PASS
2026-01-28 06:36:26,400 - INFO - Style          : PASS
2026-01-28 06:36:26,400 - INFO - ----------------------------------------
2026-01-28 06:36:26,400 - INFO - All checks passed successfully.
