[2026-04-26 19:00:48,535] [INFO] ✓ Stage 1 completed successfully (0.0s)
[2026-04-26 19:00:48,536] [INFO] 
[2026-04-26 19:00:48,536] [INFO] [2/8] Environment Setup (25% complete)
[2026-04-26 19:00:48,536] [INFO]   Elapsed: 0s | ETA: 0s
[2026-04-26 19:00:48,536] [INFO] ━━━━━━━━━━━━━━━━━━━━━━━━━━━━━━━━━━━━━━━━━━━━━━
[2026-04-26 19:00:51,832] [INFO] ✓ Stage 2 completed successfully (3.3s)
[2026-04-26 19:00:51,832] [INFO] 
[2026-04-26 19:00:51,833] [INFO] [3/8] Project Tests (37% complete)
[2026-04-26 19:00:51,833] [INFO]   Elapsed: 3s | ETA: 5s
[2026-04-26 19:00:51,833] [INFO] ━━━━━━━━━━━━━━━━━━━━━━━━━━━━━━━━━━━━━━━━━━━━━━
[2026-04-26 19:00:56,344] [INFO] ✓ Stage 3 completed successfully (4.5s)
[2026-04-26 19:00:56,344] [INFO] 
[2026-04-26 19:00:56,345] [INFO] [4/8] Project Analysis (50% complete)
[2026-04-26 19:00:56,345] [INFO]   Elapsed: 7s | ETA: 7s
[2026-04-26 19:00:56,345] [INFO] ━━━━━━━━━━━━━━━━━━━━━━━━━━━━━━━━━━━━━━━━━━━━━━
[2026-04-26 19:01:12,311] [INFO] ✓ Stage 4 completed successfully (16.0s)
[2026-04-26 19:01:12,312] [INFO] 
[2026-04-26 19:01:12,312] [INFO] [5/8] PDF Rendering (62% complete)
[2026-04-26 19:01:12,312] [INFO]   Elapsed: 23s | ETA: 14s
[2026-04-26 19:01:12,312] [INFO] ━━━━━━━━━━━━━━━━━━━━━━━━━━━━━━━━━━━━━━━━━━━━━━
[2026-04-26 19:01:53,950] [INFO] ✓ Stage 5 completed successfully (41.6s)
[2026-04-26 19:01:53,951] [INFO] 
[2026-04-26 19:01:53,951] [INFO] [6/8] Output Validation (75% complete)
[2026-04-26 19:01:53,951] [INFO]   Elapsed: 1m 5s | ETA: 21s
[2026-04-26 19:01:53,951] [INFO] ━━━━━━━━━━━━━━━━━━━━━━━━━━━━━━━━━━━━━━━━━━━━━━
[2026-04-26 19:01:54,379] [INFO] ✓ Stage 6 completed successfully (0.4s)
[2026-04-26 19:01:54,379] [INFO] 
[2026-04-26 19:01:54,379] [INFO] [7/8] Copy Outputs (87% complete)
[2026-04-26 19:01:54,379] [INFO]   Elapsed: 1m 5s | ETA: 9s
[2026-04-26 19:01:54,379] [INFO] ━━━━━━━━━━━━━━━━━━━━━━━━━━━━━━━━━━━━━━━━━━━━━━
[2026-04-26 19:01:54,775] [INFO] ✓ Stage 7 completed successfully (0.4s)
