[2026-02-16 11:15:10,392] [INFO] Recreated pipeline log file: /Users/4d/Documents/GitHub/template/projects/cognitive_integrity/cogsec_multiagent_2_computational/output/logs/pipeline.log
[2026-02-16 11:15:10,392] [INFO] [infrastructure.core.pipeline] Recreated pipeline log file: /Users/4d/Documents/GitHub/template/projects/cognitive_integrity/cogsec_multiagent_2_computational/output/logs/pipeline.log
[2026-02-16 11:15:10,392] [INFO] ✓ Stage 1 completed successfully (0.0s)
[2026-02-16 11:15:10,392] [INFO] [infrastructure.core.pipeline] ✓ Stage 1 completed successfully (0.0s)
[2026-02-16 11:15:10,393] [INFO] 
[2026-02-16 11:15:10,393] [INFO] [infrastructure.core.pipeline] 
[2026-02-16 11:15:10,393] [INFO] [2/8] Environment Setup (25% complete)
[2026-02-16 11:15:10,393] [INFO] [infrastructure.core.pipeline] [2/8] Environment Setup (25% complete)
[2026-02-16 11:15:10,393] [INFO]   Elapsed: 0s | ETA: 0s
[2026-02-16 11:15:10,393] [INFO] [infrastructure.core.pipeline]   Elapsed: 0s | ETA: 0s
[2026-02-16 11:15:10,393] [INFO] ━━━━━━━━━━━━━━━━━━━━━━━━━━━━━━━━━━━━━━━━━━━━━━
[2026-02-16 11:15:10,393] [INFO] [infrastructure.core.pipeline] ━━━━━━━━━━━━━━━━━━━━━━━━━━━━━━━━━━━━━━━━━━━━━━
[2026-02-16 11:15:10,393] [INFO] [infrastructure.core.logging_utils] Starting: Stage 2: Environment Setup
[2026-02-16 11:15:10,393] [INFO] Running environment setup...
[2026-02-16 11:15:10,393] [INFO] [infrastructure.core.pipeline] Running environment setup...
[2026-02-16 11:15:11,245] [INFO] [infrastructure.core.logging_utils] Completed: Stage 2: Environment Setup (0.9s)
[2026-02-16 11:15:11,245] [INFO] ✓ Stage 2 completed successfully (0.9s)
[2026-02-16 11:15:11,245] [INFO] [infrastructure.core.pipeline] ✓ Stage 2 completed successfully (0.9s)
[2026-02-16 11:15:11,246] [INFO] Skipping stage: Infrastructure Tests
[2026-02-16 11:15:11,246] [INFO] [infrastructure.core.pipeline] Skipping stage: Infrastructure Tests
[2026-02-16 11:15:11,246] [INFO] 
[2026-02-16 11:15:11,246] [INFO] [infrastructure.core.pipeline] 
[2026-02-16 11:15:11,246] [INFO] [3/8] Project Tests (37% complete)
[2026-02-16 11:15:11,246] [INFO] [infrastructure.core.pipeline] [3/8] Project Tests (37% complete)
[2026-02-16 11:15:11,246] [INFO]   Elapsed: 0s | ETA: 1s
[2026-02-16 11:15:11,246] [INFO] [infrastructure.core.pipeline]   Elapsed: 0s | ETA: 1s
[2026-02-16 11:15:11,246] [INFO] ━━━━━━━━━━━━━━━━━━━━━━━━━━━━━━━━━━━━━━━━━━━━━━
[2026-02-16 11:15:11,246] [INFO] [infrastructure.core.pipeline] ━━━━━━━━━━━━━━━━━━━━━━━━━━━━━━━━━━━━━━━━━━━━━━
[2026-02-16 11:15:11,247] [INFO] [infrastructure.core.logging_utils] Starting: Stage 3: Project Tests
[2026-02-16 11:15:11,247] [INFO] Running project tests...
[2026-02-16 11:15:11,247] [INFO] [infrastructure.core.pipeline] Running project tests...
[2026-02-16 11:15:36,338] [INFO] [infrastructure.core.logging_utils] Completed: Stage 3: Project Tests (25.1s)
[2026-02-16 11:15:36,339] [INFO] ✓ Stage 3 completed successfully (25.1s)
[2026-02-16 11:15:36,339] [INFO] [infrastructure.core.pipeline] ✓ Stage 3 completed successfully (25.1s)
[2026-02-16 11:15:36,340] [INFO] 
[2026-02-16 11:15:36,340] [INFO] [infrastructure.core.pipeline] 
[2026-02-16 11:15:36,340] [INFO] [4/8] Project Analysis (50% complete)
[2026-02-16 11:15:36,340] [INFO] [infrastructure.core.pipeline] [4/8] Project Analysis (50% complete)
[2026-02-16 11:15:36,340] [INFO]   Elapsed: 25s | ETA: 25s
[2026-02-16 11:15:36,340] [INFO] [infrastructure.core.pipeline]   Elapsed: 25s | ETA: 25s
[2026-02-16 11:15:36,340] [INFO] ━━━━━━━━━━━━━━━━━━━━━━━━━━━━━━━━━━━━━━━━━━━━━━
[2026-02-16 11:15:36,340] [INFO] [infrastructure.core.pipeline] ━━━━━━━━━━━━━━━━━━━━━━━━━━━━━━━━━━━━━━━━━━━━━━
[2026-02-16 11:15:36,342] [INFO] [infrastructure.core.logging_utils] Starting: Stage 4: Project Analysis
[2026-02-16 11:15:36,342] [INFO] Running project analysis...
[2026-02-16 11:15:36,342] [INFO] [infrastructure.core.pipeline] Running project analysis...
[2026-02-16 11:15:46,364] [INFO] [infrastructure.core.logging_utils] Completed: Stage 4: Project Analysis (10.0s)
[2026-02-16 11:15:46,364] [INFO] ✓ Stage 4 completed successfully (10.0s)
[2026-02-16 11:15:46,364] [INFO] [infrastructure.core.pipeline] ✓ Stage 4 completed successfully (10.0s)
[2026-02-16 11:15:46,365] [INFO] 
[2026-02-16 11:15:46,365] [INFO] [infrastructure.core.pipeline] 
[2026-02-16 11:15:46,365] [INFO] [5/8] PDF Rendering (62% complete)
[2026-02-16 11:15:46,365] [INFO] [infrastructure.core.pipeline] [5/8] PDF Rendering (62% complete)
[2026-02-16 11:15:46,365] [INFO]   Elapsed: 36s | ETA: 21s
[2026-02-16 11:15:46,365] [INFO] [infrastructure.core.pipeline]   Elapsed: 36s | ETA: 21s
[2026-02-16 11:15:46,365] [INFO] ━━━━━━━━━━━━━━━━━━━━━━━━━━━━━━━━━━━━━━━━━━━━━━
[2026-02-16 11:15:46,365] [INFO] [infrastructure.core.pipeline] ━━━━━━━━━━━━━━━━━━━━━━━━━━━━━━━━━━━━━━━━━━━━━━
[2026-02-16 11:15:46,366] [INFO] [infrastructure.core.logging_utils] Starting: Stage 5: PDF Rendering
[2026-02-16 11:15:46,366] [INFO] Running PDF rendering...
[2026-02-16 11:15:46,366] [INFO] [infrastructure.core.pipeline] Running PDF rendering...
[2026-02-16 11:16:53,222] [INFO] [infrastructure.core.logging_utils] Completed: Stage 5: PDF Rendering (66.9s)
[2026-02-16 11:16:53,222] [INFO] ✓ Stage 5 completed successfully (66.9s)
[2026-02-16 11:16:53,222] [INFO] [infrastructure.core.pipeline] ✓ Stage 5 completed successfully (66.9s)
[2026-02-16 11:16:53,223] [INFO] 
[2026-02-16 11:16:53,223] [INFO] [infrastructure.core.pipeline] 
[2026-02-16 11:16:53,223] [INFO] [6/8] Output Validation (75% complete)
[2026-02-16 11:16:53,223] [INFO] [infrastructure.core.pipeline] [6/8] Output Validation (75% complete)
[2026-02-16 11:16:53,223] [INFO]   Elapsed: 1m 42s | ETA: 34s
[2026-02-16 11:16:53,223] [INFO] [infrastructure.core.pipeline]   Elapsed: 1m 42s | ETA: 34s
[2026-02-16 11:16:53,223] [INFO] ━━━━━━━━━━━━━━━━━━━━━━━━━━━━━━━━━━━━━━━━━━━━━━
[2026-02-16 11:16:53,223] [INFO] [infrastructure.core.pipeline] ━━━━━━━━━━━━━━━━━━━━━━━━━━━━━━━━━━━━━━━━━━━━━━
[2026-02-16 11:16:53,225] [INFO] [infrastructure.core.logging_utils] Starting: Stage 6: Output Validation
[2026-02-16 11:16:53,225] [INFO] Running output validation...
[2026-02-16 11:16:53,225] [INFO] [infrastructure.core.pipeline] Running output validation...
[2026-02-16 11:16:53,702] [INFO] [infrastructure.core.logging_utils] Completed: Stage 6: Output Validation (0.5s)
[2026-02-16 11:16:53,703] [INFO] ✓ Stage 6 completed successfully (0.5s)
[2026-02-16 11:16:53,703] [INFO] [infrastructure.core.pipeline] ✓ Stage 6 completed successfully (0.5s)
[2026-02-16 11:16:53,703] [INFO] 
[2026-02-16 11:16:53,703] [INFO] [infrastructure.core.pipeline] 
[2026-02-16 11:16:53,703] [INFO] [7/8] Copy Outputs (87% complete)
[2026-02-16 11:16:53,703] [INFO] [infrastructure.core.pipeline] [7/8] Copy Outputs (87% complete)
[2026-02-16 11:16:53,703] [INFO]   Elapsed: 1m 43s | ETA: 14s
[2026-02-16 11:16:53,703] [INFO] [infrastructure.core.pipeline]   Elapsed: 1m 43s | ETA: 14s
[2026-02-16 11:16:53,703] [INFO] ━━━━━━━━━━━━━━━━━━━━━━━━━━━━━━━━━━━━━━━━━━━━━━
[2026-02-16 11:16:53,703] [INFO] [infrastructure.core.pipeline] ━━━━━━━━━━━━━━━━━━━━━━━━━━━━━━━━━━━━━━━━━━━━━━
[2026-02-16 11:16:53,704] [INFO] [infrastructure.core.logging_utils] Starting: Stage 7: Copy Outputs
[2026-02-16 11:16:53,704] [INFO] Running output copying...
[2026-02-16 11:16:53,704] [INFO] [infrastructure.core.pipeline] Running output copying...
[2026-02-16 11:16:54,234] [INFO] [infrastructure.core.logging_utils] Completed: Stage 7: Copy Outputs (0.5s)
[2026-02-16 11:16:54,235] [INFO] ✓ Stage 7 completed successfully (0.5s)
[2026-02-16 11:16:54,235] [INFO] [infrastructure.core.pipeline] ✓ Stage 7 completed successfully (0.5s)
[2026-02-16 11:16:54,271] [INFO] [infrastructure.reporting.pipeline_reporter] Pipeline report (JSON) saved: /Users/4d/Documents/GitHub/template/projects/cognitive_integrity/cogsec_multiagent_2_computational/output/reports/pipeline_report.json
[2026-02-16 11:16:54,271] [INFO] [infrastructure.reporting.pipeline_reporter] Pipeline report (Markdown) saved: /Users/4d/Documents/GitHub/template/projects/cognitive_integrity/cogsec_multiagent_2_computational/output/reports/pipeline_report.md
[2026-02-16 11:16:54,271] [INFO] [infrastructure.reporting.pipeline_reporter] Pipeline report (HTML) saved: /Users/4d/Documents/GitHub/template/projects/cognitive_integrity/cogsec_multiagent_2_computational/output/reports/pipeline_report.html
[2026-02-16 11:16:54,272] [INFO] [infrastructure.core.logging_utils] Completed: Pipeline execution for cognitive_integrity/cogsec_multiagent_2_computational (103.9s)
[2026-02-16 11:16:54,272] [INFO] [infrastructure.core.logging_utils] Starting: Pipeline execution for cognitive_integrity/cogsec_multiagent_3_practical
[2026-02-16 11:16:54,273] [INFO] [infrastructure.core.pipeline] Executing core pipeline for project 'cognitive_integrity/cogsec_multiagent_3_practical'
[2026-02-16 11:16:54,273] [INFO] [infrastructure.core.pipeline] 
[2026-02-16 11:16:54,273] [INFO] [infrastructure.core.pipeline] [1/8] Clean Output Directories (12% complete)
[2026-02-16 11:16:54,273] [INFO] [infrastructure.core.pipeline]   Elapsed: 0s | ETA: 0s
[2026-02-16 11:16:54,273] [INFO] [infrastructure.core.pipeline] ━━━━━━━━━━━━━━━━━━━━━━━━━━━━━━━━━━━━━━━━━━━━━━
[2026-02-16 11:16:54,273] [INFO] [infrastructure.core.logging_utils] Starting: Stage 1: Clean Output Directories
[2026-02-16 11:16:54,274] [INFO] [infrastructure.core.pipeline] Cleaning output directories...
[2026-02-16 11:16:54,297] [INFO] [infrastructure.core.pipeline] Recreated pipeline log file: /Users/4d/Documents/GitHub/template/projects/cognitive_integrity/cogsec_multiagent_3_practical/output/logs/pipeline.log
[2026-02-16 11:16:54,297] [INFO] [infrastructure.core.pipeline] ✓ Stage 1 completed successfully (0.0s)
[2026-02-16 11:16:54,298] [INFO] [infrastructure.core.pipeline] 
[2026-02-16 11:16:54,298] [INFO] [infrastructure.core.pipeline] [2/8] Environment Setup (25% complete)
[2026-02-16 11:16:54,298] [INFO] [infrastructure.core.pipeline]   Elapsed: 0s | ETA: 0s
[2026-02-16 11:16:54,298] [INFO] [infrastructure.core.pipeline] ━━━━━━━━━━━━━━━━━━━━━━━━━━━━━━━━━━━━━━━━━━━━━━
[2026-02-16 11:16:54,298] [INFO] [infrastructure.core.logging_utils] Starting: Stage 2: Environment Setup
[2026-02-16 11:16:54,298] [INFO] [infrastructure.core.pipeline] Running environment setup...
[2026-02-16 11:16:55,107] [INFO] [infrastructure.core.logging_utils] Completed: Stage 2: Environment Setup (0.8s)
[2026-02-16 11:16:55,107] [INFO] [infrastructure.core.pipeline] ✓ Stage 2 completed successfully (0.8s)
[2026-02-16 11:16:55,108] [INFO] [infrastructure.core.pipeline] Skipping stage: Infrastructure Tests
[2026-02-16 11:16:55,108] [INFO] [infrastructure.core.pipeline] 
[2026-02-16 11:16:55,108] [INFO] [infrastructure.core.pipeline] [3/8] Project Tests (37% complete)
[2026-02-16 11:16:55,108] [INFO] [infrastructure.core.pipeline]   Elapsed: 0s | ETA: 1s
[2026-02-16 11:16:55,108] [INFO] [infrastructure.core.pipeline] ━━━━━━━━━━━━━━━━━━━━━━━━━━━━━━━━━━━━━━━━━━━━━━
[2026-02-16 11:16:55,108] [INFO] [infrastructure.core.logging_utils] Starting: Stage 3: Project Tests
[2026-02-16 11:16:55,108] [INFO] [infrastructure.core.pipeline] Running project tests...
[2026-02-16 11:17:03,178] [INFO] [infrastructure.core.logging_utils] Completed: Stage 3: Project Tests (8.1s)
[2026-02-16 11:17:03,179] [INFO] [infrastructure.core.pipeline] ✓ Stage 3 completed successfully (8.1s)
[2026-02-16 11:17:03,180] [INFO] [infrastructure.core.pipeline] 
[2026-02-16 11:17:03,180] [INFO] [infrastructure.core.pipeline] [4/8] Project Analysis (50% complete)
[2026-02-16 11:17:03,180] [INFO] [infrastructure.core.pipeline]   Elapsed: 8s | ETA: 8s
[2026-02-16 11:17:03,180] [INFO] [infrastructure.core.pipeline] ━━━━━━━━━━━━━━━━━━━━━━━━━━━━━━━━━━━━━━━━━━━━━━
[2026-02-16 11:17:03,181] [INFO] [infrastructure.core.logging_utils] Starting: Stage 4: Project Analysis
[2026-02-16 11:17:03,181] [INFO] [infrastructure.core.pipeline] Running project analysis...
[2026-02-16 11:17:07,269] [INFO] [infrastructure.core.logging_utils] Completed: Stage 4: Project Analysis (4.1s)
[2026-02-16 11:17:07,270] [INFO] [infrastructure.core.pipeline] ✓ Stage 4 completed successfully (4.1s)
[2026-02-16 11:17:07,270] [INFO] [infrastructure.core.pipeline] 
[2026-02-16 11:17:07,270] [INFO] [infrastructure.core.pipeline] [5/8] PDF Rendering (62% complete)
[2026-02-16 11:17:07,270] [INFO] [infrastructure.core.pipeline]   Elapsed: 12s | ETA: 7s
[2026-02-16 11:17:07,270] [INFO] [infrastructure.core.pipeline] ━━━━━━━━━━━━━━━━━━━━━━━━━━━━━━━━━━━━━━━━━━━━━━
[2026-02-16 11:17:07,271] [INFO] [infrastructure.core.logging_utils] Starting: Stage 5: PDF Rendering
[2026-02-16 11:17:07,271] [INFO] [infrastructure.core.pipeline] Running PDF rendering...
[2026-02-16 11:17:39,653] [INFO] [infrastructure.core.logging_utils] Completed: Stage 5: PDF Rendering (32.4s)
[2026-02-16 11:17:39,654] [INFO] [infrastructure.core.pipeline] ✓ Stage 5 completed successfully (32.4s)
[2026-02-16 11:17:39,654] [INFO] [infrastructure.core.pipeline] 
[2026-02-16 11:17:39,654] [INFO] [infrastructure.core.pipeline] [6/8] Output Validation (75% complete)
[2026-02-16 11:17:39,654] [INFO] [infrastructure.core.pipeline]   Elapsed: 45s | ETA: 15s
[2026-02-16 11:17:39,654] [INFO] [infrastructure.core.pipeline] ━━━━━━━━━━━━━━━━━━━━━━━━━━━━━━━━━━━━━━━━━━━━━━
[2026-02-16 11:17:39,656] [INFO] [infrastructure.core.logging_utils] Starting: Stage 6: Output Validation
[2026-02-16 11:17:39,656] [INFO] [infrastructure.core.pipeline] Running output validation...
[2026-02-16 11:17:40,216] [INFO] [infrastructure.core.logging_utils] Completed: Stage 6: Output Validation (0.6s)
[2026-02-16 11:17:40,216] [INFO] [infrastructure.core.pipeline] ✓ Stage 6 completed successfully (0.6s)
[2026-02-16 11:17:40,216] [INFO] [infrastructure.core.pipeline] 
[2026-02-16 11:17:40,216] [INFO] [infrastructure.core.pipeline] [7/8] Copy Outputs (87% complete)
[2026-02-16 11:17:40,216] [INFO] [infrastructure.core.pipeline]   Elapsed: 45s | ETA: 6s
[2026-02-16 11:17:40,217] [INFO] [infrastructure.core.pipeline] ━━━━━━━━━━━━━━━━━━━━━━━━━━━━━━━━━━━━━━━━━━━━━━
[2026-02-16 11:17:40,217] [INFO] [infrastructure.core.logging_utils] Starting: Stage 7: Copy Outputs
[2026-02-16 11:17:40,217] [INFO] [infrastructure.core.pipeline] Running output copying...
[2026-02-16 11:17:40,716] [INFO] [infrastructure.core.logging_utils] Completed: Stage 7: Copy Outputs (0.5s)
[2026-02-16 11:17:40,717] [INFO] [infrastructure.core.pipeline] ✓ Stage 7 completed successfully (0.5s)
[2026-02-16 11:17:40,721] [INFO] [infrastructure.reporting.pipeline_reporter] Pipeline report (JSON) saved: /Users/4d/Documents/GitHub/template/projects/cognitive_integrity/cogsec_multiagent_3_practical/output/reports/pipeline_report.json
[2026-02-16 11:17:40,721] [INFO] [infrastructure.reporting.pipeline_reporter] Pipeline report (Markdown) saved: /Users/4d/Documents/GitHub/template/projects/cognitive_integrity/cogsec_multiagent_3_practical/output/reports/pipeline_report.md
[2026-02-16 11:17:40,721] [INFO] [infrastructure.reporting.pipeline_reporter] Pipeline report (HTML) saved: /Users/4d/Documents/GitHub/template/projects/cognitive_integrity/cogsec_multiagent_3_practical/output/reports/pipeline_report.html
[2026-02-16 11:17:40,721] [INFO] [infrastructure.core.logging_utils] Completed: Pipeline execution for cognitive_integrity/cogsec_multiagent_3_practical (46.4s)
[2026-02-16 11:17:40,722] [INFO] [infrastructure.reporting] Starting multi-project reporting for 4 projects...
[2026-02-16 11:17:40,722] [INFO] [infrastructure.reporting] Generating executive summary...
[2026-02-16 11:17:40,722] [INFO] [infrastructure.reporting.executive_reporter] Generating executive summary for 4 project(s)
[2026-02-16 11:17:40,722] [INFO] [infrastructure.reporting.executive_reporter] Collecting metrics for project: code_project
[2026-02-16 11:17:40,731] [INFO] [infrastructure.reporting.executive_reporter] Collecting metrics for project: cognitive_integrity/cogsec_multiagent_1_theory
[2026-02-16 11:17:40,799] [INFO] [infrastructure.reporting.executive_reporter] Collecting metrics for project: cognitive_integrity/cogsec_multiagent_2_computational
[2026-02-16 11:17:40,934] [INFO] [infrastructure.reporting.executive_reporter] Collecting metrics for project: cognitive_integrity/cogsec_multiagent_3_practical
[2026-02-16 11:17:40,959] [INFO] [infrastructure.reporting.executive_reporter] Executive summary generated successfully
[2026-02-16 11:17:40,959] [INFO] [infrastructure.reporting] Saving summary reports...
[2026-02-16 11:17:40,960] [INFO] [infrastructure.reporting.executive_reporter] Saved JSON report: /Users/4d/Documents/GitHub/template/output/executive_summary/json/consolidated_report.json
[2026-02-16 11:17:40,960] [INFO] [infrastructure.reporting.executive_reporter] Saved Markdown report: /Users/4d/Documents/GitHub/template/output/executive_summary/md/consolidated_report.md
[2026-02-16 11:17:40,961] [INFO] [infrastructure.reporting.executive_reporter] Saved HTML report: /Users/4d/Documents/GitHub/template/output/executive_summary/html/consolidated_report.html
[2026-02-16 11:17:40,961] [INFO] [infrastructure.reporting] Generating visual dashboards...
[2026-02-16 11:17:40,961] [INFO] [infrastructure.reporting.dashboard_generator] Generating all dashboard formats...
[2026-02-16 11:17:40,961] [INFO] [infrastructure.reporting.dashboard_generator] Generating matplotlib dashboard...
[2026-02-16 11:17:41,931] [INFO] [infrastructure.reporting.dashboard_generator] Saved PNG dashboard: /Users/4d/Documents/GitHub/template/output/executive_summary/png/dashboard.png
[2026-02-16 11:17:42,297] [INFO] [infrastructure.reporting.dashboard_generator] Saved PDF dashboard: /Users/4d/Documents/GitHub/template/output/executive_summary/pdf/dashboard.pdf
[2026-02-16 11:17:42,297] [INFO] [infrastructure.reporting.dashboard_generator] Generating health score radar chart...
[2026-02-16 11:17:42,463] [INFO] [infrastructure.reporting.dashboard_generator] Health radar chart (PNG) saved: /Users/4d/Documents/GitHub/template/output/executive_summary/png/health_scores_radar.png
[2026-02-16 11:17:42,513] [INFO] [infrastructure.reporting.dashboard_generator] Health radar chart (PDF) saved: /Users/4d/Documents/GitHub/template/output/executive_summary/pdf/health_scores_radar.pdf
[2026-02-16 11:17:42,513] [INFO] [infrastructure.reporting.dashboard_generator] Generating health score comparison chart...
[2026-02-16 11:17:42,723] [INFO] [infrastructure.reporting.dashboard_generator] Health comparison chart (PNG) saved: /Users/4d/Documents/GitHub/template/output/executive_summary/png/health_scores_comparison.png
[2026-02-16 11:17:42,787] [INFO] [infrastructure.reporting.dashboard_generator] Health comparison chart (PDF) saved: /Users/4d/Documents/GitHub/template/output/executive_summary/pdf/health_scores_comparison.pdf
[2026-02-16 11:17:42,787] [INFO] [infrastructure.reporting.dashboard_generator] Generating individual project dashboards...
[2026-02-16 11:17:43,098] [INFO] [infrastructure.reporting.dashboard_generator] Project dashboard (code_project PNG) saved: /Users/4d/Documents/GitHub/template/output/executive_summary/png/project_dashboard_codeproject.png
[2026-02-16 11:17:43,186] [INFO] [infrastructure.reporting.dashboard_generator] Project dashboard (code_project PDF) saved: /Users/4d/Documents/GitHub/template/output/executive_summary/pdf/project_dashboard_codeproject.pdf
[2026-02-16 11:17:43,353] [ERROR] [infrastructure.reporting.dashboard_generator] Failed to generate project breakdowns: [Errno 2] No such file or directory: '/Users/4d/Documents/GitHub/template/output/executive_summary/png/project_dashboard_cognitiveintegrity/cogsecmultiagent1theory.png'
[2026-02-16 11:17:43,353] [INFO] [infrastructure.reporting.dashboard_generator] Generating pipeline efficiency analysis chart...
[2026-02-16 11:17:43,735] [INFO] [infrastructure.reporting.dashboard_generator] Pipeline efficiency chart (PNG) saved: /Users/4d/Documents/GitHub/template/output/executive_summary/png/pipeline_efficiency.png
[2026-02-16 11:17:43,833] [INFO] [infrastructure.reporting.dashboard_generator] Pipeline efficiency chart (PDF) saved: /Users/4d/Documents/GitHub/template/output/executive_summary/pdf/pipeline_efficiency.pdf
[2026-02-16 11:17:43,833] [INFO] [infrastructure.reporting.dashboard_generator] Generating pipeline bottlenecks chart...
[2026-02-16 11:17:44,031] [INFO] [infrastructure.reporting.dashboard_generator] Pipeline bottlenecks chart (PNG) saved: /Users/4d/Documents/GitHub/template/output/executive_summary/png/pipeline_bottlenecks.png
[2026-02-16 11:17:44,077] [INFO] [infrastructure.reporting.dashboard_generator] Pipeline bottlenecks chart (PDF) saved: /Users/4d/Documents/GitHub/template/output/executive_summary/pdf/pipeline_bottlenecks.pdf
[2026-02-16 11:17:44,077] [INFO] [infrastructure.reporting.dashboard_generator] Generating output distribution charts...
[2026-02-16 11:17:44,476] [INFO] [infrastructure.reporting.dashboard_generator] Output distribution chart (PNG) saved: /Users/4d/Documents/GitHub/template/output/executive_summary/png/output_distribution.png
[2026-02-16 11:17:44,581] [INFO] [infrastructure.reporting.dashboard_generator] Output distribution chart (PDF) saved: /Users/4d/Documents/GitHub/template/output/executive_summary/pdf/output_distribution.pdf
[2026-02-16 11:17:44,581] [INFO] [infrastructure.reporting.dashboard_generator] Generating output comparison chart...
[2026-02-16 11:17:44,760] [INFO] [infrastructure.reporting.dashboard_generator] Output comparison chart (PNG) saved: /Users/4d/Documents/GitHub/template/output/executive_summary/png/output_comparison.png
[2026-02-16 11:17:44,810] [INFO] [infrastructure.reporting.dashboard_generator] Output comparison chart (PDF) saved: /Users/4d/Documents/GitHub/template/output/executive_summary/pdf/output_comparison.pdf
[2026-02-16 11:17:44,811] [INFO] [infrastructure.reporting.dashboard_generator] Generating codebase complexity chart...
[2026-02-16 11:17:45,218] [INFO] [infrastructure.reporting.dashboard_generator] Codebase complexity chart (PNG) saved: /Users/4d/Documents/GitHub/template/output/executive_summary/png/codebase_complexity.png
[2026-02-16 11:17:45,338] [INFO] [infrastructure.reporting.dashboard_generator] Codebase complexity chart (PDF) saved: /Users/4d/Documents/GitHub/template/output/executive_summary/pdf/codebase_complexity.pdf
[2026-02-16 11:17:45,338] [INFO] [infrastructure.reporting.dashboard_generator] Generating codebase comparison chart...
[2026-02-16 11:17:45,672] [INFO] [infrastructure.reporting.dashboard_generator] Codebase comparison chart (PNG) saved: /Users/4d/Documents/GitHub/template/output/executive_summary/png/codebase_comparison.png
[2026-02-16 11:17:45,767] [INFO] [infrastructure.reporting.dashboard_generator] Codebase comparison chart (PDF) saved: /Users/4d/Documents/GitHub/template/output/executive_summary/pdf/codebase_comparison.pdf
[2026-02-16 11:17:45,816] [INFO] [infrastructure.reporting.dashboard_generator] Generating interactive plotly dashboard...
[2026-02-16 11:17:45,943] [INFO] [infrastructure.reporting.dashboard_generator] Saved interactive HTML dashboard: /Users/4d/Documents/GitHub/template/output/executive_summary/dashboard.html
[2026-02-16 11:17:45,943] [INFO] [infrastructure.reporting.dashboard_generator] Generated CSV metrics table: /Users/4d/Documents/GitHub/template/output/executive_summary/csv/project_metrics.csv
[2026-02-16 11:17:45,943] [INFO] [infrastructure.reporting.dashboard_generator] Generated CSV aggregates table: /Users/4d/Documents/GitHub/template/output/executive_summary/csv/aggregate_metrics.csv
[2026-02-16 11:17:45,944] [INFO] [infrastructure.reporting.dashboard_generator] Generated CSV health scores table: /Users/4d/Documents/GitHub/template/output/executive_summary/csv/health_scores.csv
[2026-02-16 11:17:45,944] [INFO] [infrastructure.reporting.dashboard_generator] Detailed project breakdown CSV saved: /Users/4d/Documents/GitHub/template/output/executive_summary/csv/detailed_project_breakdown.csv
[2026-02-16 11:17:45,944] [INFO] [infrastructure.reporting.dashboard_generator] Comparative analysis CSV saved: /Users/4d/Documents/GitHub/template/output/executive_summary/csv/comparative_analysis.csv
[2026-02-16 11:17:45,945] [INFO] [infrastructure.reporting.dashboard_generator] Prioritized recommendations CSV saved: /Users/4d/Documents/GitHub/template/output/executive_summary/csv/recommendations_prioritized.csv
[2026-02-16 11:17:45,945] [INFO] [infrastructure.reporting.manuscript_overview] Generating manuscript overview for code_project
[2026-02-16 11:17:45,945] [INFO] [infrastructure.reporting.manuscript_overview] Generating manuscript overview for code_project
[2026-02-16 11:17:46,046] [INFO] [infrastructure.reporting.manuscript_overview] Extracting 19 pages from code_project_combined.pdf
[2026-02-16 11:17:46,046] [WARNING] [infrastructure.reporting.manuscript_overview] Advanced rendering failed, falling back to simple rendering: reportlab and PIL required for advanced rendering
[2026-02-16 11:17:46,648] [INFO] [infrastructure.reporting.manuscript_overview] Extracted 19 page images
[2026-02-16 11:17:47,370] [INFO] [infrastructure.reporting.manuscript_overview] Saved PNG overview: /Users/4d/Documents/GitHub/template/output/executive_summary/manuscript_overview_code_project.png
[2026-02-16 11:17:47,370] [WARNING] [infrastructure.reporting.manuscript_overview] Failed to save PDF overview: reportlab required for PDF output
[2026-02-16 11:17:47,370] [INFO] [infrastructure.reporting.manuscript_overview] Generated overview files for code_project: ['manuscript_overview_code_project.png']
[2026-02-16 11:17:47,371] [WARNING] [infrastructure.reporting.manuscript_overview] Manuscript PDF not found for project cognitive_integrity/cogsec_multiagent_1_theory, skipping overview generation
[2026-02-16 11:17:47,371] [WARNING] [infrastructure.reporting.manuscript_overview] Manuscript PDF not found for project cognitive_integrity/cogsec_multiagent_2_computational, skipping overview generation
[2026-02-16 11:17:47,371] [WARNING] [infrastructure.reporting.manuscript_overview] Manuscript PDF not found for project cognitive_integrity/cogsec_multiagent_3_practical, skipping overview generation
[2026-02-16 11:17:47,371] [INFO] [infrastructure.reporting.dashboard_generator] Generated 12 dashboard and data file(s)
[2026-02-16 11:17:47,371] [INFO] [infrastructure.reporting] Multi-project reporting complete. Generated 14 files:
[2026-02-16 11:17:47,371] [INFO] [infrastructure.reporting]   JSON: consolidated_report.json
[2026-02-16 11:17:47,371] [INFO] [infrastructure.reporting]   MARKDOWN: consolidated_report.md
[2026-02-16 11:17:47,371] [INFO] [infrastructure.reporting]   HTML: dashboard.html
[2026-02-16 11:17:47,371] [INFO] [infrastructure.reporting]   PNG: codebase_comparison.png
[2026-02-16 11:17:47,371] [INFO] [infrastructure.reporting]   PDF: codebase_comparison.pdf
[2026-02-16 11:17:47,371] [INFO] [infrastructure.reporting]   CODEPROJECT_PNG: project_dashboard_codeproject.png
[2026-02-16 11:17:47,371] [INFO] [infrastructure.reporting]   CODEPROJECT_PDF: project_dashboard_codeproject.pdf
[2026-02-16 11:17:47,371] [INFO] [infrastructure.reporting]   METRICS: project_metrics.csv
[2026-02-16 11:17:47,371] [INFO] [infrastructure.reporting]   AGGREGATES: aggregate_metrics.csv
[2026-02-16 11:17:47,371] [INFO] [infrastructure.reporting]   HEALTH: health_scores.csv
[2026-02-16 11:17:47,371] [INFO] [infrastructure.reporting]   DETAILED_BREAKDOWN_CSV: detailed_project_breakdown.csv
[2026-02-16 11:17:47,371] [INFO] [infrastructure.reporting]   COMPARATIVE_ANALYSIS_CSV: comparative_analysis.csv
[2026-02-16 11:17:47,371] [INFO] [infrastructure.reporting]   RECOMMENDATIONS_CSV: recommendations_prioritized.csv
[2026-02-16 11:17:47,371] [INFO] [infrastructure.reporting]   MANUSCRIPT_OVERVIEW_CODE_PROJECT.PNG: manuscript_overview_code_project.png
[2026-02-16 11:17:47,372] [INFO] [infrastructure.reporting.pipeline_reporter] For project code_project, proj_result type: <class 'list'>, len: 7
[2026-02-16 11:17:47,372] [INFO] [infrastructure.reporting.pipeline_reporter] For project cogsec_multiagent_1_theory, proj_result type: <class 'list'>, len: 0
[2026-02-16 11:17:47,372] [INFO] [infrastructure.reporting.pipeline_reporter] For project cogsec_multiagent_2_computational, proj_result type: <class 'list'>, len: 0
[2026-02-16 11:17:47,372] [INFO] [infrastructure.reporting.pipeline_reporter] For project cogsec_multiagent_3_practical, proj_result type: <class 'list'>, len: 0
[2026-02-16 11:17:47,372] [INFO] [infrastructure.reporting.pipeline_reporter] Multi-project summary saved: /Users/4d/Documents/GitHub/template/output/multi_project_summary/multi_project_summary.json
[2026-02-16 11:17:47,372] [INFO] [infrastructure.reporting.pipeline_reporter] Multi-project summary saved: /Users/4d/Documents/GitHub/template/output/multi_project_summary/multi_project_summary.md
