2026-01-24 18:23:35,107 - INFO - Starting verification on /Users/4d/Documents/GitHub/template/projects/cogsec_multiagent_3_practical/manuscript...
2026-01-24 18:23:35,107 - INFO - Checking file existence...
2026-01-24 18:23:35,107 - INFO - Verifying citations...
2026-01-24 18:23:35,108 - INFO - Found 54 bibliography entries.
2026-01-24 18:23:35,111 - INFO - Verifying definition labels and references...
2026-01-24 18:23:35,111 - INFO - Verifying images and links...
2026-01-24 18:23:35,112 - INFO - Checking style guidelines...
2026-01-24 18:23:35,120 - INFO - ----------------------------------------
2026-01-24 18:23:35,120 - INFO - Verification Summary:
2026-01-24 18:23:35,120 - INFO - Files          : PASS
2026-01-24 18:23:35,120 - INFO - Citations      : PASS
2026-01-24 18:23:35,120 - INFO - Labels/Refs    : PASS
2026-01-24 18:23:35,120 - INFO - Images/Links   : PASS
2026-01-24 18:23:35,120 - INFO - Style          : PASS
2026-01-24 18:23:35,120 - INFO - ----------------------------------------
2026-01-24 18:23:35,120 - INFO - All checks passed successfully.
2026-01-24 18:27:37,644 - INFO - Starting verification on /Users/4d/Documents/GitHub/template/projects/cogsec_multiagent_3_practical/manuscript...
2026-01-24 18:27:37,644 - INFO - Checking file existence...
2026-01-24 18:27:37,644 - INFO - Verifying citations...
2026-01-24 18:27:37,644 - INFO - Found 54 bibliography entries.
2026-01-24 18:27:37,647 - INFO - Verifying definition labels and references...
2026-01-24 18:27:37,648 - INFO - Verifying images and links...
2026-01-24 18:27:37,648 - INFO - Checking style guidelines...
2026-01-24 18:27:37,656 - INFO - ----------------------------------------
2026-01-24 18:27:37,656 - INFO - Verification Summary:
2026-01-24 18:27:37,656 - INFO - Files          : PASS
2026-01-24 18:27:37,656 - INFO - Citations      : PASS
2026-01-24 18:27:37,656 - INFO - Labels/Refs    : PASS
2026-01-24 18:27:37,656 - INFO - Images/Links   : PASS
2026-01-24 18:27:37,656 - INFO - Style          : PASS
2026-01-24 18:27:37,656 - INFO - ----------------------------------------
2026-01-24 18:27:37,656 - INFO - All checks passed successfully.
2026-01-24 18:30:29,729 - INFO - Starting verification on /Users/4d/Documents/GitHub/template/projects/cogsec_multiagent_3_practical/manuscript...
2026-01-24 18:30:29,730 - INFO - Checking file existence...
2026-01-24 18:30:29,730 - INFO - Verifying citations...
2026-01-24 18:30:29,730 - INFO - Found 54 bibliography entries.
2026-01-24 18:30:29,733 - INFO - Verifying definition labels and references...
2026-01-24 18:30:29,734 - INFO - Verifying images and links...
2026-01-24 18:30:29,734 - INFO - Checking style guidelines...
2026-01-24 18:30:29,743 - INFO - ----------------------------------------
2026-01-24 18:30:29,743 - INFO - Verification Summary:
2026-01-24 18:30:29,743 - INFO - Files          : PASS
2026-01-24 18:30:29,743 - INFO - Citations      : PASS
2026-01-24 18:30:29,743 - INFO - Labels/Refs    : PASS
2026-01-24 18:30:29,743 - INFO - Images/Links   : PASS
2026-01-24 18:30:29,743 - INFO - Style          : PASS
2026-01-24 18:30:29,743 - INFO - ----------------------------------------
2026-01-24 18:30:29,743 - INFO - All checks passed successfully.
2026-01-24 20:44:05,465 - INFO - Starting verification on /Users/4d/Documents/GitHub/template/projects/cogsec_multiagent_3_practical/manuscript...
2026-01-24 20:44:05,465 - INFO - Checking file existence...
2026-01-24 20:44:05,465 - INFO - Verifying citations...
2026-01-24 20:44:05,466 - INFO - Found 57 bibliography entries.
2026-01-24 20:44:05,468 - INFO - Verifying definition labels and references...
2026-01-24 20:44:05,468 - INFO - Verifying images and links...
2026-01-24 20:44:05,468 - INFO - Checking style guidelines...
2026-01-24 20:44:05,478 - INFO - ----------------------------------------
2026-01-24 20:44:05,478 - INFO - Verification Summary:
2026-01-24 20:44:05,478 - INFO - Files          : PASS
2026-01-24 20:44:05,478 - INFO - Citations      : PASS
2026-01-24 20:44:05,478 - INFO - Labels/Refs    : PASS
2026-01-24 20:44:05,478 - INFO - Images/Links   : PASS
2026-01-24 20:44:05,478 - INFO - Style          : PASS
2026-01-24 20:44:05,478 - INFO - ----------------------------------------
2026-01-24 20:44:05,478 - INFO - All checks passed successfully.
2026-01-25 10:25:06,266 - INFO - Starting verification on /Users/4d/Documents/GitHub/template/projects/cogsec_multiagent_3_practical/manuscript...
2026-01-25 10:25:06,267 - INFO - Checking file existence...
2026-01-25 10:25:06,267 - INFO - Verifying citations...
2026-01-25 10:25:06,267 - INFO - Found 57 bibliography entries.
2026-01-25 10:25:06,269 - INFO - Verifying definition labels and references...
2026-01-25 10:25:06,270 - INFO - Verifying images and links...
2026-01-25 10:25:06,270 - INFO - Checking style guidelines...
2026-01-25 10:25:06,279 - INFO - ----------------------------------------
2026-01-25 10:25:06,279 - INFO - Verification Summary:
2026-01-25 10:25:06,279 - INFO - Files          : PASS
2026-01-25 10:25:06,279 - INFO - Citations      : PASS
2026-01-25 10:25:06,279 - INFO - Labels/Refs    : PASS
2026-01-25 10:25:06,279 - INFO - Images/Links   : PASS
2026-01-25 10:25:06,279 - INFO - Style          : PASS
2026-01-25 10:25:06,279 - INFO - ----------------------------------------
2026-01-25 10:25:06,279 - INFO - All checks passed successfully.
2026-01-25 13:14:59,267 - INFO - Starting verification on /Users/4d/Documents/GitHub/template/projects/cogsec_multiagent_3_practical/manuscript...
2026-01-25 13:14:59,267 - INFO - Checking file existence...
2026-01-25 13:14:59,267 - INFO - Verifying citations...
2026-01-25 13:14:59,268 - INFO - Found 57 bibliography entries.
2026-01-25 13:14:59,270 - INFO - Verifying definition labels and references...
2026-01-25 13:14:59,270 - WARNING - Undefined reference: '\ref{fig:posture-radar}' in 02_operator_posture.md
2026-01-25 13:14:59,270 - WARNING - Undefined reference: '\ref{fig:checklist-flowchart}' in 03_human_checklist.md
2026-01-25 13:14:59,270 - WARNING - Undefined reference: '\ref{fig:timeline}' in 03_human_checklist.md
2026-01-25 13:14:59,270 - WARNING - Undefined reference: '\ref{fig:trust-decay}' in 05_deployment.md
2026-01-25 13:14:59,270 - WARNING - Undefined reference: '\ref{fig:risk-matrix}' in 06_risk_assessment.md
2026-01-25 13:14:59,270 - WARNING - Undefined reference: '\ref{fig:pitfall-severity}' in 07_common_pitfalls.md
2026-01-25 13:14:59,271 - INFO - Verifying images and links...
2026-01-25 13:14:59,271 - WARNING - Missing image: 'figures/posture_radar.pdf' in 02_operator_posture.md
2026-01-25 13:14:59,271 - WARNING - Missing image: 'figures/checklist_flowchart.pdf' in 03_human_checklist.md
2026-01-25 13:14:59,271 - WARNING - Missing image: 'figures/timeline.pdf' in 03_human_checklist.md
2026-01-25 13:14:59,271 - WARNING - Missing image: 'figures/trust_decay.pdf' in 05_deployment.md
2026-01-25 13:14:59,271 - WARNING - Missing image: 'figures/risk_matrix.pdf' in 06_risk_assessment.md
2026-01-25 13:14:59,271 - WARNING - Missing image: 'figures/pitfall_severity.pdf' in 07_common_pitfalls.md
2026-01-25 13:14:59,271 - INFO - Checking style guidelines...
2026-01-25 13:14:59,282 - INFO - ----------------------------------------
2026-01-25 13:14:59,282 - INFO - Verification Summary:
2026-01-25 13:14:59,282 - INFO - Files          : PASS
2026-01-25 13:14:59,282 - INFO - Citations      : PASS
2026-01-25 13:14:59,282 - INFO - Labels/Refs    : FAIL
2026-01-25 13:14:59,282 - INFO - Images/Links   : FAIL
2026-01-25 13:14:59,282 - INFO - Style          : PASS
2026-01-25 13:14:59,282 - INFO - ----------------------------------------
2026-01-25 13:14:59,282 - ERROR - Verification failed. See logs for details.
2026-01-25 13:17:33,246 - INFO - Starting verification on /Users/4d/Documents/GitHub/template/projects/cogsec_multiagent_3_practical/manuscript...
2026-01-25 13:17:33,246 - INFO - Checking file existence...
2026-01-25 13:17:33,246 - INFO - Verifying citations...
2026-01-25 13:17:33,246 - INFO - Found 57 bibliography entries.
2026-01-25 13:17:33,248 - INFO - Verifying definition labels and references...
2026-01-25 13:17:33,248 - WARNING - Undefined reference: '\ref{fig:posture-radar}' in 02_operator_posture.md
2026-01-25 13:17:33,248 - WARNING - Undefined reference: '\ref{fig:checklist-flowchart}' in 03_human_checklist.md
2026-01-25 13:17:33,248 - WARNING - Undefined reference: '\ref{fig:timeline}' in 03_human_checklist.md
2026-01-25 13:17:33,248 - WARNING - Undefined reference: '\ref{fig:trust-decay}' in 05_deployment.md
2026-01-25 13:17:33,249 - WARNING - Undefined reference: '\ref{fig:risk-matrix}' in 06_risk_assessment.md
2026-01-25 13:17:33,249 - WARNING - Undefined reference: '\ref{fig:pitfall-severity}' in 07_common_pitfalls.md
2026-01-25 13:17:33,249 - INFO - Verifying images and links...
2026-01-25 13:17:33,249 - INFO - Checking style guidelines...
2026-01-25 13:17:33,259 - INFO - ----------------------------------------
2026-01-25 13:17:33,260 - INFO - Verification Summary:
2026-01-25 13:17:33,260 - INFO - Files          : PASS
2026-01-25 13:17:33,260 - INFO - Citations      : PASS
2026-01-25 13:17:33,260 - INFO - Labels/Refs    : FAIL
2026-01-25 13:17:33,260 - INFO - Images/Links   : PASS
2026-01-25 13:17:33,260 - INFO - Style          : PASS
2026-01-25 13:17:33,260 - INFO - ----------------------------------------
2026-01-25 13:17:33,260 - ERROR - Verification failed. See logs for details.
2026-01-25 13:18:31,997 - INFO - Starting verification on /Users/4d/Documents/GitHub/template/projects/cogsec_multiagent_3_practical/manuscript...
2026-01-25 13:18:31,998 - INFO - Checking file existence...
2026-01-25 13:18:31,998 - INFO - Verifying citations...
2026-01-25 13:18:31,998 - INFO - Found 57 bibliography entries.
2026-01-25 13:18:32,000 - INFO - Verifying definition labels and references...
2026-01-25 13:18:32,001 - INFO - Verifying images and links...
2026-01-25 13:18:32,001 - INFO - Checking style guidelines...
2026-01-25 13:18:32,012 - INFO - ----------------------------------------
2026-01-25 13:18:32,012 - INFO - Verification Summary:
2026-01-25 13:18:32,012 - INFO - Files          : PASS
2026-01-25 13:18:32,012 - INFO - Citations      : PASS
2026-01-25 13:18:32,012 - INFO - Labels/Refs    : PASS
2026-01-25 13:18:32,012 - INFO - Images/Links   : PASS
2026-01-25 13:18:32,012 - INFO - Style          : PASS
2026-01-25 13:18:32,012 - INFO - ----------------------------------------
2026-01-25 13:18:32,012 - INFO - All checks passed successfully.
2026-01-25 13:20:41,629 - INFO - Starting verification on /Users/4d/Documents/GitHub/template/projects/cogsec_multiagent_3_practical/manuscript...
2026-01-25 13:20:41,630 - INFO - Checking file existence...
2026-01-25 13:20:41,630 - INFO - Verifying citations...
2026-01-25 13:20:41,630 - INFO - Found 57 bibliography entries.
2026-01-25 13:20:41,632 - INFO - Verifying definition labels and references...
2026-01-25 13:20:41,633 - INFO - Verifying images and links...
2026-01-25 13:20:41,633 - INFO - Checking style guidelines...
2026-01-25 13:20:41,644 - INFO - ----------------------------------------
2026-01-25 13:20:41,644 - INFO - Verification Summary:
2026-01-25 13:20:41,644 - INFO - Files          : PASS
2026-01-25 13:20:41,644 - INFO - Citations      : PASS
2026-01-25 13:20:41,644 - INFO - Labels/Refs    : PASS
2026-01-25 13:20:41,644 - INFO - Images/Links   : PASS
2026-01-25 13:20:41,644 - INFO - Style          : PASS
2026-01-25 13:20:41,644 - INFO - ----------------------------------------
2026-01-25 13:20:41,644 - INFO - All checks passed successfully.
2026-01-25 13:40:32,598 - INFO - Starting verification on /Users/4d/Documents/GitHub/template/projects/cogsec_multiagent_3_practical/manuscript...
2026-01-25 13:40:32,599 - INFO - Checking file existence...
2026-01-25 13:40:32,599 - INFO - Verifying citations...
2026-01-25 13:40:32,600 - INFO - Found 57 bibliography entries.
2026-01-25 13:40:32,603 - INFO - Verifying definition labels and references...
2026-01-25 13:40:32,604 - INFO - Verifying images and links...
2026-01-25 13:40:32,604 - INFO - Checking style guidelines...
2026-01-25 13:40:32,618 - INFO - ----------------------------------------
2026-01-25 13:40:32,618 - INFO - Verification Summary:
2026-01-25 13:40:32,618 - INFO - Files          : PASS
2026-01-25 13:40:32,618 - INFO - Citations      : PASS
2026-01-25 13:40:32,618 - INFO - Labels/Refs    : PASS
2026-01-25 13:40:32,618 - INFO - Images/Links   : PASS
2026-01-25 13:40:32,618 - INFO - Style          : PASS
2026-01-25 13:40:32,618 - INFO - ----------------------------------------
2026-01-25 13:40:32,618 - INFO - All checks passed successfully.
2026-01-25 13:56:13,650 - INFO - Starting verification on /Users/4d/Documents/GitHub/template/projects/cogsec_multiagent_3_practical/manuscript...
2026-01-25 13:56:13,651 - INFO - Checking file existence...
2026-01-25 13:56:13,651 - INFO - Verifying citations...
2026-01-25 13:56:13,651 - INFO - Found 57 bibliography entries.
2026-01-25 13:56:13,653 - INFO - Verifying definition labels and references...
2026-01-25 13:56:13,654 - INFO - Verifying images and links...
2026-01-25 13:56:13,654 - INFO - Checking style guidelines...
2026-01-25 13:56:13,666 - INFO - ----------------------------------------
2026-01-25 13:56:13,666 - INFO - Verification Summary:
2026-01-25 13:56:13,666 - INFO - Files          : PASS
2026-01-25 13:56:13,666 - INFO - Citations      : PASS
2026-01-25 13:56:13,666 - INFO - Labels/Refs    : PASS
2026-01-25 13:56:13,666 - INFO - Images/Links   : PASS
2026-01-25 13:56:13,666 - INFO - Style          : PASS
2026-01-25 13:56:13,666 - INFO - ----------------------------------------
2026-01-25 13:56:13,666 - INFO - All checks passed successfully.
2026-01-25 15:10:14,463 - INFO - Starting verification on /Users/4d/Documents/GitHub/template/projects/cogsec_multiagent_3_practical/manuscript...
2026-01-25 15:10:14,464 - INFO - Checking file existence...
2026-01-25 15:10:14,464 - INFO - Verifying citations...
2026-01-25 15:10:14,465 - INFO - Found 57 bibliography entries.
2026-01-25 15:10:14,467 - INFO - Verifying definition labels and references...
2026-01-25 15:10:14,468 - INFO - Verifying images and links...
2026-01-25 15:10:14,468 - INFO - Checking style guidelines...
2026-01-25 15:10:14,480 - INFO - ----------------------------------------
2026-01-25 15:10:14,480 - INFO - Verification Summary:
2026-01-25 15:10:14,480 - INFO - Files          : PASS
2026-01-25 15:10:14,480 - INFO - Citations      : PASS
2026-01-25 15:10:14,480 - INFO - Labels/Refs    : PASS
2026-01-25 15:10:14,480 - INFO - Images/Links   : PASS
2026-01-25 15:10:14,480 - INFO - Style          : PASS
2026-01-25 15:10:14,480 - INFO - ----------------------------------------
2026-01-25 15:10:14,480 - INFO - All checks passed successfully.
2026-01-25 15:43:23,154 - INFO - Starting verification on /Users/4d/Documents/GitHub/template/projects/cogsec_multiagent_3_practical/manuscript...
2026-01-25 15:43:23,156 - INFO - Checking file existence...
2026-01-25 15:43:23,157 - INFO - Verifying citations...
2026-01-25 15:43:23,157 - INFO - Found 57 bibliography entries.
2026-01-25 15:43:23,174 - INFO - Verifying definition labels and references...
2026-01-25 15:43:23,175 - INFO - Verifying images and links...
2026-01-25 15:43:23,176 - INFO - Checking style guidelines...
2026-01-25 15:43:23,188 - INFO - ----------------------------------------
2026-01-25 15:43:23,188 - INFO - Verification Summary:
2026-01-25 15:43:23,188 - INFO - Files          : PASS
2026-01-25 15:43:23,188 - INFO - Citations      : PASS
2026-01-25 15:43:23,188 - INFO - Labels/Refs    : PASS
2026-01-25 15:43:23,188 - INFO - Images/Links   : PASS
2026-01-25 15:43:23,188 - INFO - Style          : PASS
2026-01-25 15:43:23,188 - INFO - ----------------------------------------
2026-01-25 15:43:23,188 - INFO - All checks passed successfully.
2026-01-25 16:27:23,653 - INFO - Starting verification on /Users/4d/Documents/GitHub/template/projects/cogsec_multiagent_3_practical/manuscript...
2026-01-25 16:27:23,654 - INFO - Checking file existence...
2026-01-25 16:27:23,654 - INFO - Verifying citations...
2026-01-25 16:27:23,654 - INFO - Found 57 bibliography entries.
2026-01-25 16:27:23,658 - INFO - Verifying definition labels and references...
2026-01-25 16:27:23,659 - INFO - Verifying images and links...
2026-01-25 16:27:23,659 - INFO - Checking style guidelines...
2026-01-25 16:27:23,672 - INFO - ----------------------------------------
2026-01-25 16:27:23,672 - INFO - Verification Summary:
2026-01-25 16:27:23,672 - INFO - Files          : PASS
2026-01-25 16:27:23,672 - INFO - Citations      : PASS
2026-01-25 16:27:23,672 - INFO - Labels/Refs    : PASS
2026-01-25 16:27:23,672 - INFO - Images/Links   : PASS
2026-01-25 16:27:23,672 - INFO - Style          : PASS
2026-01-25 16:27:23,672 - INFO - ----------------------------------------
2026-01-25 16:27:23,672 - INFO - All checks passed successfully.
2026-01-26 05:28:12,229 - INFO - Starting verification on /Users/4d/Documents/GitHub/template/projects/cogsec_multiagent_3_practical/manuscript...
2026-01-26 05:28:12,230 - INFO - Checking file existence...
2026-01-26 05:28:12,230 - INFO - Verifying citations...
2026-01-26 05:28:12,230 - INFO - Found 57 bibliography entries.
2026-01-26 05:28:12,233 - INFO - Verifying definition labels and references...
2026-01-26 05:28:12,234 - INFO - Verifying images and links...
2026-01-26 05:28:12,234 - INFO - Checking style guidelines...
2026-01-26 05:28:12,246 - INFO - ----------------------------------------
2026-01-26 05:28:12,247 - INFO - Verification Summary:
2026-01-26 05:28:12,247 - INFO - Files          : PASS
2026-01-26 05:28:12,247 - INFO - Citations      : PASS
2026-01-26 05:28:12,247 - INFO - Labels/Refs    : PASS
2026-01-26 05:28:12,247 - INFO - Images/Links   : PASS
2026-01-26 05:28:12,247 - INFO - Style          : PASS
2026-01-26 05:28:12,247 - INFO - ----------------------------------------
2026-01-26 05:28:12,247 - INFO - All checks passed successfully.
2026-01-26 06:45:24,142 - INFO - Starting verification on /Users/4d/Documents/GitHub/template/projects/cogsec_multiagent_3_practical/manuscript...
2026-01-26 06:45:24,142 - INFO - Checking file existence...
2026-01-26 06:45:24,142 - INFO - Verifying citations...
2026-01-26 06:45:24,142 - INFO - Found 57 bibliography entries.
2026-01-26 06:45:24,145 - INFO - Verifying definition labels and references...
2026-01-26 06:45:24,146 - INFO - Verifying images and links...
2026-01-26 06:45:24,146 - INFO - Checking style guidelines...
2026-01-26 06:45:24,158 - INFO - ----------------------------------------
2026-01-26 06:45:24,158 - INFO - Verification Summary:
2026-01-26 06:45:24,158 - INFO - Files          : PASS
2026-01-26 06:45:24,159 - INFO - Citations      : PASS
2026-01-26 06:45:24,159 - INFO - Labels/Refs    : PASS
2026-01-26 06:45:24,159 - INFO - Images/Links   : PASS
2026-01-26 06:45:24,159 - INFO - Style          : PASS
2026-01-26 06:45:24,159 - INFO - ----------------------------------------
2026-01-26 06:45:24,159 - INFO - All checks passed successfully.
2026-01-26 07:09:49,220 - INFO - Starting verification on /Users/4d/Documents/GitHub/template/projects/cogsec_multiagent_3_practical/manuscript...
2026-01-26 07:09:49,221 - INFO - Checking file existence...
2026-01-26 07:09:49,221 - INFO - Verifying citations...
2026-01-26 07:09:49,221 - INFO - Found 57 bibliography entries.
2026-01-26 07:09:49,224 - INFO - Verifying definition labels and references...
2026-01-26 07:09:49,224 - INFO - Verifying images and links...
2026-01-26 07:09:49,225 - INFO - Checking style guidelines...
2026-01-26 07:09:49,237 - INFO - ----------------------------------------
2026-01-26 07:09:49,237 - INFO - Verification Summary:
2026-01-26 07:09:49,237 - INFO - Files          : PASS
2026-01-26 07:09:49,237 - INFO - Citations      : PASS
2026-01-26 07:09:49,237 - INFO - Labels/Refs    : PASS
2026-01-26 07:09:49,237 - INFO - Images/Links   : PASS
2026-01-26 07:09:49,237 - INFO - Style          : PASS
2026-01-26 07:09:49,237 - INFO - ----------------------------------------
2026-01-26 07:09:49,237 - INFO - All checks passed successfully.
2026-01-26 09:19:09,599 - INFO - Starting verification on /Users/4d/Documents/GitHub/template/projects/cogsec_multiagent_3_practical/manuscript...
2026-01-26 09:19:09,599 - INFO - Checking file existence...
2026-01-26 09:19:09,599 - INFO - Verifying citations...
2026-01-26 09:19:09,599 - INFO - Found 57 bibliography entries.
2026-01-26 09:19:09,602 - INFO - Verifying definition labels and references...
2026-01-26 09:19:09,603 - INFO - Verifying images and links...
2026-01-26 09:19:09,603 - INFO - Checking style guidelines...
2026-01-26 09:19:09,615 - INFO - ----------------------------------------
2026-01-26 09:19:09,615 - INFO - Verification Summary:
2026-01-26 09:19:09,615 - INFO - Files          : PASS
2026-01-26 09:19:09,615 - INFO - Citations      : PASS
2026-01-26 09:19:09,615 - INFO - Labels/Refs    : PASS
2026-01-26 09:19:09,615 - INFO - Images/Links   : PASS
2026-01-26 09:19:09,615 - INFO - Style          : PASS
2026-01-26 09:19:09,615 - INFO - ----------------------------------------
2026-01-26 09:19:09,616 - INFO - All checks passed successfully.
2026-01-26 10:56:42,484 - INFO - Starting verification on /Users/4d/Documents/GitHub/template/projects/cogsec_multiagent_3_practical/manuscript...
2026-01-26 10:56:42,485 - INFO - Checking file existence...
2026-01-26 10:56:42,485 - INFO - Verifying citations...
2026-01-26 10:56:42,485 - INFO - Found 57 bibliography entries.
2026-01-26 10:56:42,488 - INFO - Verifying definition labels and references...
2026-01-26 10:56:42,488 - INFO - Verifying images and links...
2026-01-26 10:56:42,489 - INFO - Checking style guidelines...
2026-01-26 10:56:42,501 - INFO - ----------------------------------------
2026-01-26 10:56:42,501 - INFO - Verification Summary:
2026-01-26 10:56:42,501 - INFO - Files          : PASS
2026-01-26 10:56:42,501 - INFO - Citations      : PASS
2026-01-26 10:56:42,501 - INFO - Labels/Refs    : PASS
2026-01-26 10:56:42,501 - INFO - Images/Links   : PASS
2026-01-26 10:56:42,501 - INFO - Style          : PASS
2026-01-26 10:56:42,501 - INFO - ----------------------------------------
2026-01-26 10:56:42,501 - INFO - All checks passed successfully.
2026-01-26 13:50:06,788 - INFO - Starting verification on /Users/4d/Documents/GitHub/template/projects/cogsec_multiagent_3_practical/manuscript...
2026-01-26 13:50:06,788 - INFO - Checking file existence...
2026-01-26 13:50:06,788 - INFO - Verifying citations...
2026-01-26 13:50:06,789 - INFO - Found 57 bibliography entries.
2026-01-26 13:50:06,791 - INFO - Verifying definition labels and references...
2026-01-26 13:50:06,792 - INFO - Verifying images and links...
2026-01-26 13:50:06,792 - INFO - Checking style guidelines...
2026-01-26 13:50:06,805 - INFO - ----------------------------------------
2026-01-26 13:50:06,805 - INFO - Verification Summary:
2026-01-26 13:50:06,805 - INFO - Files          : PASS
2026-01-26 13:50:06,805 - INFO - Citations      : PASS
2026-01-26 13:50:06,805 - INFO - Labels/Refs    : PASS
2026-01-26 13:50:06,805 - INFO - Images/Links   : PASS
2026-01-26 13:50:06,805 - INFO - Style          : PASS
2026-01-26 13:50:06,805 - INFO - ----------------------------------------
2026-01-26 13:50:06,805 - INFO - All checks passed successfully.
2026-01-26 15:11:54,445 - INFO - Starting verification on /Users/4d/Documents/GitHub/template/projects/cogsec_multiagent_3_practical/manuscript...
2026-01-26 15:11:54,445 - INFO - Checking file existence...
2026-01-26 15:11:54,446 - INFO - Verifying citations...
2026-01-26 15:11:54,446 - INFO - Found 57 bibliography entries.
2026-01-26 15:11:54,448 - INFO - Verifying definition labels and references...
2026-01-26 15:11:54,449 - INFO - Verifying images and links...
2026-01-26 15:11:54,449 - INFO - Checking style guidelines...
2026-01-26 15:11:54,466 - INFO - ----------------------------------------
2026-01-26 15:11:54,466 - INFO - Verification Summary:
2026-01-26 15:11:54,466 - INFO - Files          : PASS
2026-01-26 15:11:54,466 - INFO - Citations      : PASS
2026-01-26 15:11:54,466 - INFO - Labels/Refs    : PASS
2026-01-26 15:11:54,466 - INFO - Images/Links   : PASS
2026-01-26 15:11:54,466 - INFO - Style          : PASS
2026-01-26 15:11:54,466 - INFO - ----------------------------------------
2026-01-26 15:11:54,466 - INFO - All checks passed successfully.
2026-01-27 08:44:37,607 - INFO - Starting verification on /Users/4d/Documents/GitHub/template/projects/cogsec_multiagent_3_practical/manuscript...
2026-01-27 08:44:37,608 - INFO - Checking file existence...
2026-01-27 08:44:37,608 - INFO - Verifying citations...
2026-01-27 08:44:37,608 - INFO - Found 57 bibliography entries.
2026-01-27 08:44:37,610 - INFO - Verifying definition labels and references...
2026-01-27 08:44:37,610 - INFO - Verifying images and links...
2026-01-27 08:44:37,611 - INFO - Checking style guidelines...
2026-01-27 08:44:37,623 - INFO - ----------------------------------------
2026-01-27 08:44:37,623 - INFO - Verification Summary:
2026-01-27 08:44:37,623 - INFO - Files          : PASS
2026-01-27 08:44:37,623 - INFO - Citations      : PASS
2026-01-27 08:44:37,623 - INFO - Labels/Refs    : PASS
2026-01-27 08:44:37,623 - INFO - Images/Links   : PASS
2026-01-27 08:44:37,623 - INFO - Style          : PASS
2026-01-27 08:44:37,623 - INFO - ----------------------------------------
2026-01-27 08:44:37,623 - INFO - All checks passed successfully.
2026-01-27 09:26:29,805 - INFO - Starting verification on /Users/4d/Documents/GitHub/template/projects/cogsec_multiagent_3_practical/manuscript...
2026-01-27 09:26:29,805 - INFO - Checking file existence...
2026-01-27 09:26:29,805 - INFO - Verifying citations...
2026-01-27 09:26:29,805 - INFO - Found 57 bibliography entries.
2026-01-27 09:26:29,808 - INFO - Verifying definition labels and references...
2026-01-27 09:26:29,808 - INFO - Verifying images and links...
2026-01-27 09:26:29,809 - INFO - Checking style guidelines...
2026-01-27 09:26:29,821 - INFO - ----------------------------------------
2026-01-27 09:26:29,821 - INFO - Verification Summary:
2026-01-27 09:26:29,821 - INFO - Files          : PASS
2026-01-27 09:26:29,821 - INFO - Citations      : PASS
2026-01-27 09:26:29,821 - INFO - Labels/Refs    : PASS
2026-01-27 09:26:29,821 - INFO - Images/Links   : PASS
2026-01-27 09:26:29,821 - INFO - Style          : PASS
2026-01-27 09:26:29,821 - INFO - ----------------------------------------
2026-01-27 09:26:29,821 - INFO - All checks passed successfully.
2026-01-27 10:12:19,891 - INFO - Starting verification on /Users/4d/Documents/GitHub/template/projects/cogsec_multiagent_3_practical/manuscript...
2026-01-27 10:12:19,892 - INFO - Checking file existence...
2026-01-27 10:12:19,892 - INFO - Verifying citations...
2026-01-27 10:12:19,892 - INFO - Found 57 bibliography entries.
2026-01-27 10:12:19,895 - INFO - Verifying definition labels and references...
2026-01-27 10:12:19,895 - INFO - Verifying images and links...
2026-01-27 10:12:19,896 - INFO - Checking style guidelines...
2026-01-27 10:12:19,908 - INFO - ----------------------------------------
2026-01-27 10:12:19,908 - INFO - Verification Summary:
2026-01-27 10:12:19,908 - INFO - Files          : PASS
2026-01-27 10:12:19,908 - INFO - Citations      : PASS
2026-01-27 10:12:19,908 - INFO - Labels/Refs    : PASS
2026-01-27 10:12:19,908 - INFO - Images/Links   : PASS
2026-01-27 10:12:19,908 - INFO - Style          : PASS
2026-01-27 10:12:19,908 - INFO - ----------------------------------------
2026-01-27 10:12:19,908 - INFO - All checks passed successfully.
2026-01-27 11:19:01,833 - INFO - Starting verification on /Users/4d/Documents/GitHub/template/projects/cogsec_multiagent_3_practical/manuscript...
2026-01-27 11:19:01,833 - INFO - Checking file existence...
2026-01-27 11:19:01,833 - INFO - Verifying citations...
2026-01-27 11:19:01,833 - INFO - Found 57 bibliography entries.
2026-01-27 11:19:01,836 - INFO - Verifying definition labels and references...
2026-01-27 11:19:01,837 - INFO - Verifying images and links...
2026-01-27 11:19:01,837 - INFO - Checking style guidelines...
2026-01-27 11:19:01,850 - INFO - ----------------------------------------
2026-01-27 11:19:01,850 - INFO - Verification Summary:
2026-01-27 11:19:01,850 - INFO - Files          : PASS
2026-01-27 11:19:01,850 - INFO - Citations      : PASS
2026-01-27 11:19:01,850 - INFO - Labels/Refs    : PASS
2026-01-27 11:19:01,850 - INFO - Images/Links   : PASS
2026-01-27 11:19:01,850 - INFO - Style          : PASS
2026-01-27 11:19:01,850 - INFO - ----------------------------------------
2026-01-27 11:19:01,850 - INFO - All checks passed successfully.
2026-01-27 14:05:52,937 - INFO - Starting verification on /Users/4d/Documents/GitHub/template/projects/cogsec_multiagent_3_practical/manuscript...
2026-01-27 14:05:52,937 - INFO - Checking file existence...
2026-01-27 14:05:52,937 - INFO - Verifying citations...
2026-01-27 14:05:52,938 - INFO - Found 57 bibliography entries.
2026-01-27 14:05:52,941 - INFO - Verifying definition labels and references...
2026-01-27 14:05:52,941 - INFO - Verifying images and links...
2026-01-27 14:05:52,942 - INFO - Checking style guidelines...
2026-01-27 14:05:52,954 - INFO - ----------------------------------------
2026-01-27 14:05:52,954 - INFO - Verification Summary:
2026-01-27 14:05:52,954 - INFO - Files          : PASS
2026-01-27 14:05:52,954 - INFO - Citations      : PASS
2026-01-27 14:05:52,955 - INFO - Labels/Refs    : PASS
2026-01-27 14:05:52,955 - INFO - Images/Links   : PASS
2026-01-27 14:05:52,955 - INFO - Style          : PASS
2026-01-27 14:05:52,955 - INFO - ----------------------------------------
2026-01-27 14:05:52,955 - INFO - All checks passed successfully.
2026-01-27 15:42:16,924 - INFO - Starting verification on /Users/4d/Documents/GitHub/template/projects/cogsec_multiagent_3_practical/manuscript...
2026-01-27 15:42:16,924 - INFO - Checking file existence...
2026-01-27 15:42:16,924 - INFO - Verifying citations...
2026-01-27 15:42:16,925 - INFO - Found 57 bibliography entries.
2026-01-27 15:42:16,927 - INFO - Verifying definition labels and references...
2026-01-27 15:42:16,928 - INFO - Verifying images and links...
2026-01-27 15:42:16,928 - INFO - Checking style guidelines...
2026-01-27 15:42:16,940 - INFO - ----------------------------------------
2026-01-27 15:42:16,940 - INFO - Verification Summary:
2026-01-27 15:42:16,940 - INFO - Files          : PASS
2026-01-27 15:42:16,940 - INFO - Citations      : PASS
2026-01-27 15:42:16,940 - INFO - Labels/Refs    : PASS
2026-01-27 15:42:16,940 - INFO - Images/Links   : PASS
2026-01-27 15:42:16,940 - INFO - Style          : PASS
2026-01-27 15:42:16,940 - INFO - ----------------------------------------
2026-01-27 15:42:16,940 - INFO - All checks passed successfully.
2026-01-27 16:05:07,370 - INFO - Starting verification on /Users/4d/Documents/GitHub/template/projects/cogsec_multiagent_3_practical/manuscript...
2026-01-27 16:05:07,370 - INFO - Checking file existence...
2026-01-27 16:05:07,370 - INFO - Verifying citations...
2026-01-27 16:05:07,371 - INFO - Found 57 bibliography entries.
2026-01-27 16:05:07,373 - INFO - Verifying definition labels and references...
2026-01-27 16:05:07,374 - INFO - Verifying images and links...
2026-01-27 16:05:07,374 - INFO - Checking style guidelines...
2026-01-27 16:05:07,387 - INFO - ----------------------------------------
2026-01-27 16:05:07,387 - INFO - Verification Summary:
2026-01-27 16:05:07,387 - INFO - Files          : PASS
2026-01-27 16:05:07,387 - INFO - Citations      : PASS
2026-01-27 16:05:07,387 - INFO - Labels/Refs    : PASS
2026-01-27 16:05:07,387 - INFO - Images/Links   : PASS
2026-01-27 16:05:07,387 - INFO - Style          : PASS
2026-01-27 16:05:07,387 - INFO - ----------------------------------------
2026-01-27 16:05:07,387 - INFO - All checks passed successfully.
2026-01-28 05:30:09,561 - INFO - Starting verification on /Users/4d/Documents/GitHub/template/projects/cognitive_integrity/cogsec_multiagent_3_practical/manuscript...
2026-01-28 05:30:09,561 - INFO - Checking file existence...
2026-01-28 05:30:09,561 - INFO - Verifying citations...
2026-01-28 05:30:09,562 - INFO - Found 57 bibliography entries.
2026-01-28 05:30:09,565 - INFO - Verifying definition labels and references...
2026-01-28 05:30:09,566 - INFO - Verifying images and links...
2026-01-28 05:30:09,566 - INFO - Checking style guidelines...
2026-01-28 05:30:09,579 - INFO - ----------------------------------------
2026-01-28 05:30:09,579 - INFO - Verification Summary:
2026-01-28 05:30:09,579 - INFO - Files          : PASS
2026-01-28 05:30:09,579 - INFO - Citations      : PASS
2026-01-28 05:30:09,579 - INFO - Labels/Refs    : PASS
2026-01-28 05:30:09,579 - INFO - Images/Links   : PASS
2026-01-28 05:30:09,579 - INFO - Style          : PASS
2026-01-28 05:30:09,579 - INFO - ----------------------------------------
2026-01-28 05:30:09,579 - INFO - All checks passed successfully.
2026-01-28 05:42:22,584 - INFO - Starting verification on /Users/4d/Documents/GitHub/template/projects/cognitive_integrity/cogsec_multiagent_3_practical/manuscript...
2026-01-28 05:42:22,585 - INFO - Checking file existence...
2026-01-28 05:42:22,585 - INFO - Verifying citations...
2026-01-28 05:42:22,585 - INFO - Found 57 bibliography entries.
2026-01-28 05:42:22,587 - INFO - Verifying definition labels and references...
2026-01-28 05:42:22,587 - INFO - Verifying images and links...
2026-01-28 05:42:22,588 - INFO - Checking style guidelines...
2026-01-28 05:42:22,600 - INFO - ----------------------------------------
2026-01-28 05:42:22,600 - INFO - Verification Summary:
2026-01-28 05:42:22,600 - INFO - Files          : PASS
2026-01-28 05:42:22,600 - INFO - Citations      : PASS
2026-01-28 05:42:22,600 - INFO - Labels/Refs    : PASS
2026-01-28 05:42:22,600 - INFO - Images/Links   : PASS
2026-01-28 05:42:22,600 - INFO - Style          : PASS
2026-01-28 05:42:22,600 - INFO - ----------------------------------------
2026-01-28 05:42:22,600 - INFO - All checks passed successfully.
2026-01-28 05:55:10,171 - INFO - Starting verification on /Users/4d/Documents/GitHub/template/projects/cognitive_integrity/cogsec_multiagent_3_practical/manuscript...
2026-01-28 05:55:10,171 - INFO - Checking file existence...
2026-01-28 05:55:10,171 - INFO - Verifying citations...
2026-01-28 05:55:10,172 - INFO - Found 57 bibliography entries.
2026-01-28 05:55:10,174 - INFO - Verifying definition labels and references...
2026-01-28 05:55:10,175 - INFO - Verifying images and links...
2026-01-28 05:55:10,175 - INFO - Checking style guidelines...
2026-01-28 05:55:10,187 - INFO - ----------------------------------------
2026-01-28 05:55:10,187 - INFO - Verification Summary:
2026-01-28 05:55:10,187 - INFO - Files          : PASS
2026-01-28 05:55:10,187 - INFO - Citations      : PASS
2026-01-28 05:55:10,187 - INFO - Labels/Refs    : PASS
2026-01-28 05:55:10,187 - INFO - Images/Links   : PASS
2026-01-28 05:55:10,187 - INFO - Style          : PASS
2026-01-28 05:55:10,187 - INFO - ----------------------------------------
2026-01-28 05:55:10,187 - INFO - All checks passed successfully.
2026-01-28 06:38:20,142 - INFO - Starting verification on /Users/4d/Documents/GitHub/template/projects/cognitive_integrity/cogsec_multiagent_3_practical/manuscript...
2026-01-28 06:38:20,143 - INFO - Checking file existence...
2026-01-28 06:38:20,143 - INFO - Verifying citations...
2026-01-28 06:38:20,143 - INFO - Found 57 bibliography entries.
2026-01-28 06:38:20,145 - INFO - Verifying definition labels and references...
2026-01-28 06:38:20,145 - INFO - Verifying images and links...
2026-01-28 06:38:20,146 - INFO - Checking style guidelines...
2026-01-28 06:38:20,158 - INFO - ----------------------------------------
2026-01-28 06:38:20,158 - INFO - Verification Summary:
2026-01-28 06:38:20,158 - INFO - Files          : PASS
2026-01-28 06:38:20,158 - INFO - Citations      : PASS
2026-01-28 06:38:20,158 - INFO - Labels/Refs    : PASS
2026-01-28 06:38:20,158 - INFO - Images/Links   : PASS
2026-01-28 06:38:20,158 - INFO - Style          : PASS
2026-01-28 06:38:20,158 - INFO - ----------------------------------------
2026-01-28 06:38:20,158 - INFO - All checks passed successfully.
2026-01-30 05:20:06,963 - INFO - Starting verification on /Users/4d/Documents/GitHub/template/projects/cognitive_integrity/cogsec_multiagent_3_practical/manuscript...
2026-01-30 05:20:06,963 - INFO - Checking file existence...
2026-01-30 05:20:06,964 - INFO - Verifying citations...
2026-01-30 05:20:06,964 - INFO - Found 57 bibliography entries.
2026-01-30 05:20:06,967 - INFO - Verifying definition labels and references...
2026-01-30 05:20:06,967 - INFO - Verifying images and links...
2026-01-30 05:20:06,968 - INFO - Checking style guidelines...
2026-01-30 05:20:06,980 - INFO - ----------------------------------------
2026-01-30 05:20:06,980 - INFO - Verification Summary:
2026-01-30 05:20:06,980 - INFO - Files          : PASS
2026-01-30 05:20:06,980 - INFO - Citations      : PASS
2026-01-30 05:20:06,980 - INFO - Labels/Refs    : PASS
2026-01-30 05:20:06,980 - INFO - Images/Links   : PASS
2026-01-30 05:20:06,980 - INFO - Style          : PASS
2026-01-30 05:20:06,980 - INFO - ----------------------------------------
2026-01-30 05:20:06,980 - INFO - All checks passed successfully.
2026-01-30 07:28:12,483 - INFO - Starting verification on /Users/4d/Documents/GitHub/template/projects/cognitive_integrity/cogsec_multiagent_3_practical/manuscript...
2026-01-30 07:28:12,483 - INFO - Checking file existence...
2026-01-30 07:28:12,483 - INFO - Verifying citations...
2026-01-30 07:28:12,483 - INFO - Found 57 bibliography entries.
2026-01-30 07:28:12,486 - INFO - Verifying definition labels and references...
2026-01-30 07:28:12,487 - INFO - Verifying images and links...
2026-01-30 07:28:12,487 - INFO - Checking style guidelines...
2026-01-30 07:28:12,499 - INFO - ----------------------------------------
2026-01-30 07:28:12,499 - INFO - Verification Summary:
2026-01-30 07:28:12,499 - INFO - Files          : PASS
2026-01-30 07:28:12,499 - INFO - Citations      : PASS
2026-01-30 07:28:12,499 - INFO - Labels/Refs    : PASS
2026-01-30 07:28:12,499 - INFO - Images/Links   : PASS
2026-01-30 07:28:12,499 - INFO - Style          : PASS
2026-01-30 07:28:12,499 - INFO - ----------------------------------------
2026-01-30 07:28:12,499 - INFO - All checks passed successfully.
2026-01-30 09:04:56,026 - INFO - Starting verification on /Users/4d/Documents/GitHub/template/projects/cognitive_integrity/cogsec_multiagent_3_practical/manuscript...
2026-01-30 09:04:56,026 - INFO - Checking file existence...
2026-01-30 09:04:56,026 - INFO - Verifying citations...
2026-01-30 09:04:56,027 - INFO - Found 57 bibliography entries.
2026-01-30 09:04:56,029 - INFO - Verifying definition labels and references...
2026-01-30 09:04:56,030 - INFO - Verifying images and links...
2026-01-30 09:04:56,030 - INFO - Checking style guidelines...
2026-01-30 09:04:56,043 - INFO - ----------------------------------------
2026-01-30 09:04:56,043 - INFO - Verification Summary:
2026-01-30 09:04:56,043 - INFO - Files          : PASS
2026-01-30 09:04:56,043 - INFO - Citations      : PASS
2026-01-30 09:04:56,043 - INFO - Labels/Refs    : PASS
2026-01-30 09:04:56,043 - INFO - Images/Links   : PASS
2026-01-30 09:04:56,043 - INFO - Style          : PASS
2026-01-30 09:04:56,043 - INFO - ----------------------------------------
2026-01-30 09:04:56,043 - INFO - All checks passed successfully.
2026-01-30 09:27:01,549 - INFO - Starting verification on /Users/4d/Documents/GitHub/template/projects/cognitive_integrity/cogsec_multiagent_3_practical/manuscript...
2026-01-30 09:27:01,550 - INFO - Checking file existence...
2026-01-30 09:27:01,550 - INFO - Verifying citations...
2026-01-30 09:27:01,550 - INFO - Found 57 bibliography entries.
2026-01-30 09:27:01,553 - INFO - Verifying definition labels and references...
2026-01-30 09:27:01,553 - INFO - Verifying images and links...
2026-01-30 09:27:01,554 - INFO - Checking style guidelines...
2026-01-30 09:27:01,567 - INFO - ----------------------------------------
2026-01-30 09:27:01,567 - INFO - Verification Summary:
2026-01-30 09:27:01,567 - INFO - Files          : PASS
2026-01-30 09:27:01,567 - INFO - Citations      : PASS
2026-01-30 09:27:01,567 - INFO - Labels/Refs    : PASS
2026-01-30 09:27:01,567 - INFO - Images/Links   : PASS
2026-01-30 09:27:01,567 - INFO - Style          : PASS
2026-01-30 09:27:01,567 - INFO - ----------------------------------------
2026-01-30 09:27:01,567 - INFO - All checks passed successfully.
2026-01-30 11:38:57,678 - INFO - Starting verification on /Users/4d/Documents/GitHub/template/projects/cognitive_integrity/cogsec_multiagent_3_practical/manuscript...
2026-01-30 11:38:57,678 - INFO - Checking file existence...
2026-01-30 11:38:57,679 - INFO - Verifying citations...
2026-01-30 11:38:57,679 - INFO - Found 57 bibliography entries.
2026-01-30 11:38:57,682 - INFO - Verifying definition labels and references...
2026-01-30 11:38:57,682 - INFO - Verifying images and links...
2026-01-30 11:38:57,683 - INFO - Checking style guidelines...
2026-01-30 11:38:57,695 - INFO - ----------------------------------------
2026-01-30 11:38:57,696 - INFO - Verification Summary:
2026-01-30 11:38:57,696 - INFO - Files          : PASS
2026-01-30 11:38:57,696 - INFO - Citations      : PASS
2026-01-30 11:38:57,696 - INFO - Labels/Refs    : PASS
2026-01-30 11:38:57,696 - INFO - Images/Links   : PASS
2026-01-30 11:38:57,696 - INFO - Style          : PASS
2026-01-30 11:38:57,696 - INFO - ----------------------------------------
2026-01-30 11:38:57,696 - INFO - All checks passed successfully.
2026-01-30 13:28:20,180 - INFO - Starting verification on /Users/4d/Documents/GitHub/template/projects/cognitive_integrity/cogsec_multiagent_3_practical/manuscript...
2026-01-30 13:28:20,180 - INFO - Checking file existence...
2026-01-30 13:28:20,180 - INFO - Verifying citations...
2026-01-30 13:28:20,181 - INFO - Found 57 bibliography entries.
2026-01-30 13:28:20,183 - INFO - Verifying definition labels and references...
2026-01-30 13:28:20,184 - INFO - Verifying images and links...
2026-01-30 13:28:20,184 - INFO - Checking style guidelines...
2026-01-30 13:28:20,196 - INFO - ----------------------------------------
2026-01-30 13:28:20,196 - INFO - Verification Summary:
2026-01-30 13:28:20,196 - INFO - Files          : PASS
2026-01-30 13:28:20,196 - INFO - Citations      : PASS
2026-01-30 13:28:20,196 - INFO - Labels/Refs    : PASS
2026-01-30 13:28:20,196 - INFO - Images/Links   : PASS
2026-01-30 13:28:20,196 - INFO - Style          : PASS
2026-01-30 13:28:20,196 - INFO - ----------------------------------------
2026-01-30 13:28:20,196 - INFO - All checks passed successfully.
2026-01-30 18:06:11,940 - INFO - Starting verification on /Users/4d/Documents/GitHub/template/projects/cognitive_integrity/cogsec_multiagent_3_practical/manuscript...
2026-01-30 18:06:11,941 - INFO - Checking file existence...
2026-01-30 18:06:11,941 - INFO - Verifying citations...
2026-01-30 18:06:11,941 - INFO - Found 57 bibliography entries.
2026-01-30 18:06:11,944 - INFO - Verifying definition labels and references...
2026-01-30 18:06:11,945 - INFO - Verifying images and links...
2026-01-30 18:06:11,945 - INFO - Checking style guidelines...
2026-01-30 18:06:11,958 - INFO - ----------------------------------------
2026-01-30 18:06:11,958 - INFO - Verification Summary:
2026-01-30 18:06:11,958 - INFO - Files          : PASS
2026-01-30 18:06:11,958 - INFO - Citations      : PASS
2026-01-30 18:06:11,958 - INFO - Labels/Refs    : PASS
2026-01-30 18:06:11,958 - INFO - Images/Links   : PASS
2026-01-30 18:06:11,958 - INFO - Style          : PASS
2026-01-30 18:06:11,958 - INFO - ----------------------------------------
2026-01-30 18:06:11,958 - INFO - All checks passed successfully.
2026-01-31 07:58:52,562 - INFO - Starting verification on /Users/4d/Documents/GitHub/template/projects/cognitive_integrity/cogsec_multiagent_3_practical/manuscript...
2026-01-31 07:58:52,563 - INFO - Checking file existence...
2026-01-31 07:58:52,563 - INFO - Verifying citations...
2026-01-31 07:58:52,564 - INFO - Found 57 bibliography entries.
2026-01-31 07:58:52,567 - INFO - Verifying definition labels and references...
2026-01-31 07:58:52,567 - INFO - Verifying images and links...
2026-01-31 07:58:52,568 - INFO - Checking style guidelines...
2026-01-31 07:58:52,580 - INFO - ----------------------------------------
2026-01-31 07:58:52,580 - INFO - Verification Summary:
2026-01-31 07:58:52,581 - INFO - Files          : PASS
2026-01-31 07:58:52,581 - INFO - Citations      : PASS
2026-01-31 07:58:52,581 - INFO - Labels/Refs    : PASS
2026-01-31 07:58:52,581 - INFO - Images/Links   : PASS
2026-01-31 07:58:52,581 - INFO - Style          : PASS
2026-01-31 07:58:52,581 - INFO - ----------------------------------------
2026-01-31 07:58:52,581 - INFO - All checks passed successfully.
2026-02-01 12:56:07,615 - INFO - Starting verification on /Users/4d/Documents/GitHub/template/projects/cognitive_integrity/cogsec_multiagent_3_practical/manuscript...
2026-02-01 12:56:07,616 - INFO - Checking file existence...
2026-02-01 12:56:07,616 - INFO - Verifying citations...
2026-02-01 12:56:07,616 - INFO - Found 57 bibliography entries.
2026-02-01 12:56:07,619 - INFO - Verifying definition labels and references...
2026-02-01 12:56:07,620 - INFO - Verifying images and links...
2026-02-01 12:56:07,620 - INFO - Checking style guidelines...
2026-02-01 12:56:07,633 - INFO - ----------------------------------------
2026-02-01 12:56:07,633 - INFO - Verification Summary:
2026-02-01 12:56:07,633 - INFO - Files          : PASS
2026-02-01 12:56:07,633 - INFO - Citations      : PASS
2026-02-01 12:56:07,633 - INFO - Labels/Refs    : PASS
2026-02-01 12:56:07,633 - INFO - Images/Links   : PASS
2026-02-01 12:56:07,633 - INFO - Style          : PASS
2026-02-01 12:56:07,633 - INFO - ----------------------------------------
2026-02-01 12:56:07,633 - INFO - All checks passed successfully.
2026-02-01 13:07:24,148 - INFO - Starting verification on /Users/4d/Documents/GitHub/template/projects/cognitive_integrity/cogsec_multiagent_3_practical/manuscript...
2026-02-01 13:07:24,149 - INFO - Checking file existence...
2026-02-01 13:07:24,149 - INFO - Verifying citations...
2026-02-01 13:07:24,149 - INFO - Found 57 bibliography entries.
2026-02-01 13:07:24,152 - INFO - Verifying definition labels and references...
2026-02-01 13:07:24,153 - INFO - Verifying images and links...
2026-02-01 13:07:24,153 - INFO - Checking style guidelines...
2026-02-01 13:07:24,165 - INFO - ----------------------------------------
2026-02-01 13:07:24,165 - INFO - Verification Summary:
2026-02-01 13:07:24,165 - INFO - Files          : PASS
2026-02-01 13:07:24,165 - INFO - Citations      : PASS
2026-02-01 13:07:24,165 - INFO - Labels/Refs    : PASS
2026-02-01 13:07:24,165 - INFO - Images/Links   : PASS
2026-02-01 13:07:24,165 - INFO - Style          : PASS
2026-02-01 13:07:24,165 - INFO - ----------------------------------------
2026-02-01 13:07:24,165 - INFO - All checks passed successfully.
2026-02-01 13:22:57,994 - INFO - Starting verification on /Users/4d/Documents/GitHub/template/projects/cognitive_integrity/cogsec_multiagent_3_practical/manuscript...
2026-02-01 13:22:57,994 - INFO - Checking file existence...
2026-02-01 13:22:57,994 - INFO - Verifying citations...
2026-02-01 13:22:57,995 - INFO - Found 57 bibliography entries.
2026-02-01 13:22:57,997 - INFO - Verifying definition labels and references...
2026-02-01 13:22:57,998 - INFO - Verifying images and links...
2026-02-01 13:22:57,998 - INFO - Checking style guidelines...
2026-02-01 13:22:58,010 - INFO - ----------------------------------------
2026-02-01 13:22:58,010 - INFO - Verification Summary:
2026-02-01 13:22:58,010 - INFO - Files          : PASS
2026-02-01 13:22:58,010 - INFO - Citations      : PASS
2026-02-01 13:22:58,010 - INFO - Labels/Refs    : PASS
2026-02-01 13:22:58,010 - INFO - Images/Links   : PASS
2026-02-01 13:22:58,010 - INFO - Style          : PASS
2026-02-01 13:22:58,010 - INFO - ----------------------------------------
2026-02-01 13:22:58,010 - INFO - All checks passed successfully.
2026-02-01 13:47:25,909 - INFO - Starting verification on /Users/4d/Documents/GitHub/template/projects/cognitive_integrity/cogsec_multiagent_3_practical/manuscript...
2026-02-01 13:47:25,909 - INFO - Checking file existence...
2026-02-01 13:47:25,909 - INFO - Verifying citations...
2026-02-01 13:47:25,910 - INFO - Found 57 bibliography entries.
2026-02-01 13:47:25,912 - INFO - Verifying definition labels and references...
2026-02-01 13:47:25,913 - INFO - Verifying images and links...
2026-02-01 13:47:25,913 - INFO - Checking style guidelines...
2026-02-01 13:47:25,925 - INFO - ----------------------------------------
2026-02-01 13:47:25,925 - INFO - Verification Summary:
2026-02-01 13:47:25,925 - INFO - Files          : PASS
2026-02-01 13:47:25,925 - INFO - Citations      : PASS
2026-02-01 13:47:25,925 - INFO - Labels/Refs    : PASS
2026-02-01 13:47:25,925 - INFO - Images/Links   : PASS
2026-02-01 13:47:25,925 - INFO - Style          : PASS
2026-02-01 13:47:25,925 - INFO - ----------------------------------------
2026-02-01 13:47:25,925 - INFO - All checks passed successfully.
2026-02-01 14:09:45,587 - INFO - Starting verification on /Users/4d/Documents/GitHub/template/projects/cognitive_integrity/cogsec_multiagent_3_practical/manuscript...
2026-02-01 14:09:45,587 - INFO - Checking file existence...
2026-02-01 14:09:45,588 - INFO - Verifying citations...
2026-02-01 14:09:45,588 - INFO - Found 57 bibliography entries.
2026-02-01 14:09:45,590 - INFO - Verifying definition labels and references...
2026-02-01 14:09:45,591 - INFO - Verifying images and links...
2026-02-01 14:09:45,592 - INFO - Checking style guidelines...
2026-02-01 14:09:45,604 - INFO - ----------------------------------------
2026-02-01 14:09:45,604 - INFO - Verification Summary:
2026-02-01 14:09:45,604 - INFO - Files          : PASS
2026-02-01 14:09:45,604 - INFO - Citations      : PASS
2026-02-01 14:09:45,604 - INFO - Labels/Refs    : PASS
2026-02-01 14:09:45,604 - INFO - Images/Links   : PASS
2026-02-01 14:09:45,604 - INFO - Style          : PASS
2026-02-01 14:09:45,604 - INFO - ----------------------------------------
2026-02-01 14:09:45,604 - INFO - All checks passed successfully.
2026-02-02 06:35:01,633 - INFO - Starting verification on /Users/4d/Documents/GitHub/template/projects/cognitive_integrity/cogsec_multiagent_3_practical/manuscript...
2026-02-02 06:35:01,634 - INFO - Checking file existence...
2026-02-02 06:35:01,634 - INFO - Verifying citations...
2026-02-02 06:35:01,634 - INFO - Found 57 bibliography entries.
2026-02-02 06:35:01,637 - INFO - Verifying definition labels and references...
2026-02-02 06:35:01,637 - INFO - Verifying images and links...
2026-02-02 06:35:01,638 - INFO - Checking style guidelines...
2026-02-02 06:35:01,650 - INFO - ----------------------------------------
2026-02-02 06:35:01,650 - INFO - Verification Summary:
2026-02-02 06:35:01,650 - INFO - Files          : PASS
2026-02-02 06:35:01,650 - INFO - Citations      : PASS
2026-02-02 06:35:01,650 - INFO - Labels/Refs    : PASS
2026-02-02 06:35:01,650 - INFO - Images/Links   : PASS
2026-02-02 06:35:01,650 - INFO - Style          : PASS
2026-02-02 06:35:01,650 - INFO - ----------------------------------------
2026-02-02 06:35:01,650 - INFO - All checks passed successfully.
2026-02-02 08:49:02,820 - INFO - Starting verification on /Users/4d/Documents/GitHub/template/projects/cognitive_integrity/cogsec_multiagent_3_practical/manuscript...
2026-02-02 08:49:02,820 - INFO - Checking file existence...
2026-02-02 08:49:02,820 - INFO - Verifying citations...
2026-02-02 08:49:02,821 - INFO - Found 57 bibliography entries.
2026-02-02 08:49:02,823 - INFO - Verifying definition labels and references...
2026-02-02 08:49:02,824 - INFO - Verifying images and links...
2026-02-02 08:49:02,824 - INFO - Checking style guidelines...
2026-02-02 08:49:02,836 - INFO - ----------------------------------------
2026-02-02 08:49:02,836 - INFO - Verification Summary:
2026-02-02 08:49:02,836 - INFO - Files          : PASS
2026-02-02 08:49:02,836 - INFO - Citations      : PASS
2026-02-02 08:49:02,836 - INFO - Labels/Refs    : PASS
2026-02-02 08:49:02,836 - INFO - Images/Links   : PASS
2026-02-02 08:49:02,836 - INFO - Style          : PASS
2026-02-02 08:49:02,836 - INFO - ----------------------------------------
2026-02-02 08:49:02,836 - INFO - All checks passed successfully.
2026-02-02 09:48:34,066 - INFO - Starting verification on /Users/4d/Documents/GitHub/template/projects/cognitive_integrity/cogsec_multiagent_3_practical/manuscript...
2026-02-02 09:48:34,066 - INFO - Checking file existence...
2026-02-02 09:48:34,066 - INFO - Verifying citations...
2026-02-02 09:48:34,067 - INFO - Found 57 bibliography entries.
2026-02-02 09:48:34,069 - INFO - Verifying definition labels and references...
2026-02-02 09:48:34,070 - INFO - Verifying images and links...
2026-02-02 09:48:34,070 - INFO - Checking style guidelines...
2026-02-02 09:48:34,082 - INFO - ----------------------------------------
2026-02-02 09:48:34,082 - INFO - Verification Summary:
2026-02-02 09:48:34,082 - INFO - Files          : PASS
2026-02-02 09:48:34,082 - INFO - Citations      : PASS
2026-02-02 09:48:34,082 - INFO - Labels/Refs    : PASS
2026-02-02 09:48:34,082 - INFO - Images/Links   : PASS
2026-02-02 09:48:34,082 - INFO - Style          : PASS
2026-02-02 09:48:34,082 - INFO - ----------------------------------------
2026-02-02 09:48:34,082 - INFO - All checks passed successfully.
2026-02-02 10:50:32,947 - INFO - Starting verification on /Users/4d/Documents/GitHub/template/projects/cognitive_integrity/cogsec_multiagent_3_practical/manuscript...
2026-02-02 10:50:32,947 - INFO - Checking file existence...
2026-02-02 10:50:32,947 - INFO - Verifying citations...
2026-02-02 10:50:32,948 - INFO - Found 57 bibliography entries.
2026-02-02 10:50:32,950 - INFO - Verifying definition labels and references...
2026-02-02 10:50:32,951 - INFO - Verifying images and links...
2026-02-02 10:50:32,951 - INFO - Checking style guidelines...
2026-02-02 10:50:32,963 - INFO - ----------------------------------------
2026-02-02 10:50:32,963 - INFO - Verification Summary:
2026-02-02 10:50:32,963 - INFO - Files          : PASS
2026-02-02 10:50:32,963 - INFO - Citations      : PASS
2026-02-02 10:50:32,963 - INFO - Labels/Refs    : PASS
2026-02-02 10:50:32,963 - INFO - Images/Links   : PASS
2026-02-02 10:50:32,963 - INFO - Style          : PASS
2026-02-02 10:50:32,963 - INFO - ----------------------------------------
2026-02-02 10:50:32,963 - INFO - All checks passed successfully.
2026-02-02 11:23:40,187 - INFO - Starting verification on /Users/4d/Documents/GitHub/template/projects/cognitive_integrity/cogsec_multiagent_3_practical/manuscript...
2026-02-02 11:23:40,188 - INFO - Checking file existence...
2026-02-02 11:23:40,188 - INFO - Verifying citations...
2026-02-02 11:23:40,188 - INFO - Found 57 bibliography entries.
2026-02-02 11:23:40,191 - INFO - Verifying definition labels and references...
2026-02-02 11:23:40,192 - INFO - Verifying images and links...
2026-02-02 11:23:40,193 - INFO - Checking style guidelines...
2026-02-02 11:23:40,208 - INFO - ----------------------------------------
2026-02-02 11:23:40,208 - INFO - Verification Summary:
2026-02-02 11:23:40,208 - INFO - Files          : PASS
2026-02-02 11:23:40,208 - INFO - Citations      : PASS
2026-02-02 11:23:40,208 - INFO - Labels/Refs    : PASS
2026-02-02 11:23:40,208 - INFO - Images/Links   : PASS
2026-02-02 11:23:40,208 - INFO - Style          : PASS
2026-02-02 11:23:40,208 - INFO - ----------------------------------------
2026-02-02 11:23:40,208 - INFO - All checks passed successfully.
2026-02-02 11:39:22,383 - INFO - Starting verification on /Users/4d/Documents/GitHub/template/projects/cognitive_integrity/cogsec_multiagent_3_practical/manuscript...
2026-02-02 11:39:22,384 - INFO - Checking file existence...
2026-02-02 11:39:22,384 - INFO - Verifying citations...
2026-02-02 11:39:22,384 - INFO - Found 57 bibliography entries.
2026-02-02 11:39:22,387 - INFO - Verifying definition labels and references...
2026-02-02 11:39:22,387 - INFO - Verifying images and links...
2026-02-02 11:39:22,388 - INFO - Checking style guidelines...
2026-02-02 11:39:22,400 - INFO - ----------------------------------------
2026-02-02 11:39:22,400 - INFO - Verification Summary:
2026-02-02 11:39:22,400 - INFO - Files          : PASS
2026-02-02 11:39:22,400 - INFO - Citations      : PASS
2026-02-02 11:39:22,400 - INFO - Labels/Refs    : PASS
2026-02-02 11:39:22,400 - INFO - Images/Links   : PASS
2026-02-02 11:39:22,400 - INFO - Style          : PASS
2026-02-02 11:39:22,400 - INFO - ----------------------------------------
2026-02-02 11:39:22,400 - INFO - All checks passed successfully.
2026-02-02 11:58:22,513 - INFO - Starting verification on /Users/4d/Documents/GitHub/template/projects/cognitive_integrity/cogsec_multiagent_3_practical/manuscript...
2026-02-02 11:58:22,513 - INFO - Checking file existence...
2026-02-02 11:58:22,513 - INFO - Verifying citations...
2026-02-02 11:58:22,514 - INFO - Found 57 bibliography entries.
2026-02-02 11:58:22,516 - INFO - Verifying definition labels and references...
2026-02-02 11:58:22,517 - INFO - Verifying images and links...
2026-02-02 11:58:22,517 - INFO - Checking style guidelines...
2026-02-02 11:58:22,530 - INFO - ----------------------------------------
2026-02-02 11:58:22,530 - INFO - Verification Summary:
2026-02-02 11:58:22,530 - INFO - Files          : PASS
2026-02-02 11:58:22,530 - INFO - Citations      : PASS
2026-02-02 11:58:22,530 - INFO - Labels/Refs    : PASS
2026-02-02 11:58:22,530 - INFO - Images/Links   : PASS
2026-02-02 11:58:22,530 - INFO - Style          : PASS
2026-02-02 11:58:22,530 - INFO - ----------------------------------------
2026-02-02 11:58:22,530 - INFO - All checks passed successfully.
2026-02-02 14:48:56,690 - INFO - Starting verification on /Users/4d/Documents/GitHub/template/projects/cognitive_integrity/cogsec_multiagent_3_practical/manuscript...
2026-02-02 14:48:56,690 - INFO - Checking file existence...
2026-02-02 14:48:56,691 - INFO - Verifying citations...
2026-02-02 14:48:56,691 - INFO - Found 57 bibliography entries.
2026-02-02 14:48:56,693 - INFO - Verifying definition labels and references...
2026-02-02 14:48:56,694 - INFO - Verifying images and links...
2026-02-02 14:48:56,694 - INFO - Checking style guidelines...
2026-02-02 14:48:56,706 - INFO - ----------------------------------------
2026-02-02 14:48:56,706 - INFO - Verification Summary:
2026-02-02 14:48:56,706 - INFO - Files          : PASS
2026-02-02 14:48:56,706 - INFO - Citations      : PASS
2026-02-02 14:48:56,706 - INFO - Labels/Refs    : PASS
2026-02-02 14:48:56,706 - INFO - Images/Links   : PASS
2026-02-02 14:48:56,706 - INFO - Style          : PASS
2026-02-02 14:48:56,706 - INFO - ----------------------------------------
2026-02-02 14:48:56,706 - INFO - All checks passed successfully.
2026-02-03 04:58:54,580 - INFO - Starting verification on /Users/4d/Documents/GitHub/template/projects/cognitive_integrity/cogsec_multiagent_3_practical/manuscript...
2026-02-03 04:58:54,580 - INFO - Checking file existence...
2026-02-03 04:58:54,580 - INFO - Verifying citations...
2026-02-03 04:58:54,581 - INFO - Found 57 bibliography entries.
2026-02-03 04:58:54,584 - INFO - Verifying definition labels and references...
2026-02-03 04:58:54,585 - INFO - Verifying images and links...
2026-02-03 04:58:54,585 - INFO - Checking style guidelines...
2026-02-03 04:58:54,597 - INFO - ----------------------------------------
2026-02-03 04:58:54,597 - INFO - Verification Summary:
2026-02-03 04:58:54,598 - INFO - Files          : PASS
2026-02-03 04:58:54,598 - INFO - Citations      : PASS
2026-02-03 04:58:54,598 - INFO - Labels/Refs    : PASS
2026-02-03 04:58:54,598 - INFO - Images/Links   : PASS
2026-02-03 04:58:54,598 - INFO - Style          : PASS
2026-02-03 04:58:54,598 - INFO - ----------------------------------------
2026-02-03 04:58:54,598 - INFO - All checks passed successfully.
2026-02-03 05:45:22,822 - INFO - Starting verification on /Users/4d/Documents/GitHub/template/projects/cognitive_integrity/cogsec_multiagent_3_practical/manuscript...
2026-02-03 05:45:22,823 - INFO - Checking file existence...
2026-02-03 05:45:22,823 - INFO - Verifying citations...
2026-02-03 05:45:22,823 - INFO - Found 57 bibliography entries.
2026-02-03 05:45:22,826 - INFO - Verifying definition labels and references...
2026-02-03 05:45:22,826 - INFO - Verifying images and links...
2026-02-03 05:45:22,827 - INFO - Checking style guidelines...
2026-02-03 05:45:22,839 - INFO - ----------------------------------------
2026-02-03 05:45:22,839 - INFO - Verification Summary:
2026-02-03 05:45:22,839 - INFO - Files          : PASS
2026-02-03 05:45:22,840 - INFO - Citations      : PASS
2026-02-03 05:45:22,840 - INFO - Labels/Refs    : PASS
2026-02-03 05:45:22,840 - INFO - Images/Links   : PASS
2026-02-03 05:45:22,840 - INFO - Style          : PASS
2026-02-03 05:45:22,840 - INFO - ----------------------------------------
2026-02-03 05:45:22,840 - INFO - All checks passed successfully.
2026-02-03 06:09:59,307 - INFO - Starting verification on /Users/4d/Documents/GitHub/template/projects/cognitive_integrity/cogsec_multiagent_3_practical/manuscript...
2026-02-03 06:09:59,308 - INFO - Checking file existence...
2026-02-03 06:09:59,308 - INFO - Verifying citations...
2026-02-03 06:09:59,308 - INFO - Found 57 bibliography entries.
2026-02-03 06:09:59,311 - INFO - Verifying definition labels and references...
2026-02-03 06:09:59,312 - INFO - Verifying images and links...
2026-02-03 06:09:59,312 - INFO - Checking style guidelines...
2026-02-03 06:09:59,324 - INFO - ----------------------------------------
2026-02-03 06:09:59,324 - INFO - Verification Summary:
2026-02-03 06:09:59,324 - INFO - Files          : PASS
2026-02-03 06:09:59,324 - INFO - Citations      : PASS
2026-02-03 06:09:59,324 - INFO - Labels/Refs    : PASS
2026-02-03 06:09:59,324 - INFO - Images/Links   : PASS
2026-02-03 06:09:59,324 - INFO - Style          : PASS
2026-02-03 06:09:59,324 - INFO - ----------------------------------------
2026-02-03 06:09:59,324 - INFO - All checks passed successfully.
2026-02-03 07:30:17,118 - INFO - Starting verification on /Users/4d/Documents/GitHub/template/projects/cognitive_integrity/cogsec_multiagent_3_practical/manuscript...
2026-02-03 07:30:17,119 - INFO - Checking file existence...
2026-02-03 07:30:17,119 - INFO - Verifying citations...
2026-02-03 07:30:17,119 - INFO - Found 57 bibliography entries.
2026-02-03 07:30:17,122 - INFO - Verifying definition labels and references...
2026-02-03 07:30:17,123 - INFO - Verifying images and links...
2026-02-03 07:30:17,124 - INFO - Checking style guidelines...
2026-02-03 07:30:17,136 - INFO - ----------------------------------------
2026-02-03 07:30:17,136 - INFO - Verification Summary:
2026-02-03 07:30:17,136 - INFO - Files          : PASS
2026-02-03 07:30:17,136 - INFO - Citations      : PASS
2026-02-03 07:30:17,136 - INFO - Labels/Refs    : PASS
2026-02-03 07:30:17,136 - INFO - Images/Links   : PASS
2026-02-03 07:30:17,136 - INFO - Style          : PASS
2026-02-03 07:30:17,136 - INFO - ----------------------------------------
2026-02-03 07:30:17,136 - INFO - All checks passed successfully.
2026-02-03 08:14:37,345 - INFO - Starting verification on /Users/4d/Documents/GitHub/template/projects/cognitive_integrity/cogsec_multiagent_3_practical/manuscript...
2026-02-03 08:14:37,346 - INFO - Checking file existence...
2026-02-03 08:14:37,346 - INFO - Verifying citations...
2026-02-03 08:14:37,347 - INFO - Found 57 bibliography entries.
2026-02-03 08:14:37,349 - INFO - Verifying definition labels and references...
2026-02-03 08:14:37,350 - INFO - Verifying images and links...
2026-02-03 08:14:37,350 - INFO - Checking style guidelines...
2026-02-03 08:14:37,363 - INFO - ----------------------------------------
2026-02-03 08:14:37,363 - INFO - Verification Summary:
2026-02-03 08:14:37,363 - INFO - Files          : PASS
2026-02-03 08:14:37,363 - INFO - Citations      : PASS
2026-02-03 08:14:37,363 - INFO - Labels/Refs    : PASS
2026-02-03 08:14:37,363 - INFO - Images/Links   : PASS
2026-02-03 08:14:37,363 - INFO - Style          : PASS
2026-02-03 08:14:37,363 - INFO - ----------------------------------------
2026-02-03 08:14:37,363 - INFO - All checks passed successfully.
2026-02-03 09:32:03,601 - INFO - Starting verification on /Users/4d/Documents/GitHub/template/projects/cognitive_integrity/cogsec_multiagent_3_practical/manuscript...
2026-02-03 09:32:03,601 - INFO - Checking file existence...
2026-02-03 09:32:03,601 - INFO - Verifying citations...
2026-02-03 09:32:03,602 - INFO - Found 57 bibliography entries.
2026-02-03 09:32:03,604 - INFO - Verifying definition labels and references...
2026-02-03 09:32:03,605 - INFO - Verifying images and links...
2026-02-03 09:32:03,606 - INFO - Checking style guidelines...
2026-02-03 09:32:03,617 - INFO - ----------------------------------------
2026-02-03 09:32:03,617 - INFO - Verification Summary:
2026-02-03 09:32:03,618 - INFO - Files          : PASS
2026-02-03 09:32:03,618 - INFO - Citations      : PASS
2026-02-03 09:32:03,618 - INFO - Labels/Refs    : PASS
2026-02-03 09:32:03,618 - INFO - Images/Links   : PASS
2026-02-03 09:32:03,618 - INFO - Style          : PASS
2026-02-03 09:32:03,618 - INFO - ----------------------------------------
2026-02-03 09:32:03,618 - INFO - All checks passed successfully.
2026-02-03 10:31:27,772 - INFO - Starting verification on /Users/4d/Documents/GitHub/template/projects/cognitive_integrity/cogsec_multiagent_3_practical/manuscript...
2026-02-03 10:31:27,773 - INFO - Checking file existence...
2026-02-03 10:31:27,773 - INFO - Verifying citations...
2026-02-03 10:31:27,773 - INFO - Found 57 bibliography entries.
2026-02-03 10:31:27,776 - INFO - Verifying definition labels and references...
2026-02-03 10:31:27,776 - INFO - Verifying images and links...
2026-02-03 10:31:27,777 - INFO - Checking style guidelines...
2026-02-03 10:31:27,789 - INFO - ----------------------------------------
2026-02-03 10:31:27,789 - INFO - Verification Summary:
2026-02-03 10:31:27,789 - INFO - Files          : PASS
2026-02-03 10:31:27,789 - INFO - Citations      : PASS
2026-02-03 10:31:27,789 - INFO - Labels/Refs    : PASS
2026-02-03 10:31:27,789 - INFO - Images/Links   : PASS
2026-02-03 10:31:27,789 - INFO - Style          : PASS
2026-02-03 10:31:27,789 - INFO - ----------------------------------------
2026-02-03 10:31:27,789 - INFO - All checks passed successfully.
2026-02-03 11:04:07,818 - INFO - Starting verification on /Users/4d/Documents/GitHub/template/projects/cognitive_integrity/cogsec_multiagent_3_practical/manuscript...
2026-02-03 11:04:07,818 - INFO - Checking file existence...
2026-02-03 11:04:07,818 - INFO - Verifying citations...
2026-02-03 11:04:07,819 - INFO - Found 57 bibliography entries.
2026-02-03 11:04:07,821 - INFO - Verifying definition labels and references...
2026-02-03 11:04:07,822 - INFO - Verifying images and links...
2026-02-03 11:04:07,822 - INFO - Checking style guidelines...
2026-02-03 11:04:07,835 - INFO - ----------------------------------------
2026-02-03 11:04:07,835 - INFO - Verification Summary:
2026-02-03 11:04:07,835 - INFO - Files          : PASS
2026-02-03 11:04:07,835 - INFO - Citations      : PASS
2026-02-03 11:04:07,835 - INFO - Labels/Refs    : PASS
2026-02-03 11:04:07,835 - INFO - Images/Links   : PASS
2026-02-03 11:04:07,835 - INFO - Style          : PASS
2026-02-03 11:04:07,835 - INFO - ----------------------------------------
2026-02-03 11:04:07,835 - INFO - All checks passed successfully.
2026-02-03 11:29:49,514 - INFO - Starting verification on /Users/4d/Documents/GitHub/template/projects/cognitive_integrity/cogsec_multiagent_3_practical/manuscript...
2026-02-03 11:29:49,514 - INFO - Checking file existence...
2026-02-03 11:29:49,514 - INFO - Verifying citations...
2026-02-03 11:29:49,515 - INFO - Found 57 bibliography entries.
2026-02-03 11:29:49,517 - INFO - Verifying definition labels and references...
2026-02-03 11:29:49,517 - INFO - Verifying images and links...
2026-02-03 11:29:49,518 - INFO - Checking style guidelines...
2026-02-03 11:29:49,530 - INFO - ----------------------------------------
2026-02-03 11:29:49,530 - INFO - Verification Summary:
2026-02-03 11:29:49,530 - INFO - Files          : PASS
2026-02-03 11:29:49,530 - INFO - Citations      : PASS
2026-02-03 11:29:49,530 - INFO - Labels/Refs    : PASS
2026-02-03 11:29:49,531 - INFO - Images/Links   : PASS
2026-02-03 11:29:49,531 - INFO - Style          : PASS
2026-02-03 11:29:49,531 - INFO - ----------------------------------------
2026-02-03 11:29:49,531 - INFO - All checks passed successfully.
2026-02-03 13:00:35,413 - INFO - Starting verification on /Users/4d/Documents/GitHub/template/projects/cognitive_integrity/cogsec_multiagent_3_practical/manuscript...
2026-02-03 13:00:35,414 - INFO - Checking file existence...
2026-02-03 13:00:35,414 - INFO - Verifying citations...
2026-02-03 13:00:35,414 - INFO - Found 57 bibliography entries.
2026-02-03 13:00:35,416 - INFO - Verifying definition labels and references...
2026-02-03 13:00:35,417 - INFO - Verifying images and links...
2026-02-03 13:00:35,418 - INFO - Checking style guidelines...
2026-02-03 13:00:35,430 - INFO - ----------------------------------------
2026-02-03 13:00:35,430 - INFO - Verification Summary:
2026-02-03 13:00:35,430 - INFO - Files          : PASS
2026-02-03 13:00:35,430 - INFO - Citations      : PASS
2026-02-03 13:00:35,430 - INFO - Labels/Refs    : PASS
2026-02-03 13:00:35,430 - INFO - Images/Links   : PASS
2026-02-03 13:00:35,430 - INFO - Style          : PASS
2026-02-03 13:00:35,430 - INFO - ----------------------------------------
2026-02-03 13:00:35,430 - INFO - All checks passed successfully.
2026-02-03 13:25:10,468 - INFO - Starting verification on /Users/4d/Documents/GitHub/template/projects/cognitive_integrity/cogsec_multiagent_3_practical/manuscript...
2026-02-03 13:25:10,469 - INFO - Checking file existence...
2026-02-03 13:25:10,469 - INFO - Verifying citations...
2026-02-03 13:25:10,469 - INFO - Found 57 bibliography entries.
2026-02-03 13:25:10,471 - INFO - Verifying definition labels and references...
2026-02-03 13:25:10,472 - INFO - Verifying images and links...
2026-02-03 13:25:10,472 - INFO - Checking style guidelines...
2026-02-03 13:25:10,484 - INFO - ----------------------------------------
2026-02-03 13:25:10,484 - INFO - Verification Summary:
2026-02-03 13:25:10,484 - INFO - Files          : PASS
2026-02-03 13:25:10,484 - INFO - Citations      : PASS
2026-02-03 13:25:10,484 - INFO - Labels/Refs    : PASS
2026-02-03 13:25:10,484 - INFO - Images/Links   : PASS
2026-02-03 13:25:10,484 - INFO - Style          : PASS
2026-02-03 13:25:10,484 - INFO - ----------------------------------------
2026-02-03 13:25:10,484 - INFO - All checks passed successfully.
2026-02-03 14:47:45,314 - INFO - Starting verification on /Users/4d/Documents/GitHub/template/projects/cognitive_integrity/cogsec_multiagent_3_practical/manuscript...
2026-02-03 14:47:45,315 - INFO - Checking file existence...
2026-02-03 14:47:45,315 - INFO - Verifying citations...
2026-02-03 14:47:45,315 - INFO - Found 57 bibliography entries.
2026-02-03 14:47:45,318 - INFO - Verifying definition labels and references...
2026-02-03 14:47:45,318 - INFO - Verifying images and links...
2026-02-03 14:47:45,319 - INFO - Checking style guidelines...
2026-02-03 14:47:45,331 - INFO - ----------------------------------------
2026-02-03 14:47:45,331 - INFO - Verification Summary:
2026-02-03 14:47:45,331 - INFO - Files          : PASS
2026-02-03 14:47:45,331 - INFO - Citations      : PASS
2026-02-03 14:47:45,331 - INFO - Labels/Refs    : PASS
2026-02-03 14:47:45,331 - INFO - Images/Links   : PASS
2026-02-03 14:47:45,331 - INFO - Style          : PASS
2026-02-03 14:47:45,331 - INFO - ----------------------------------------
2026-02-03 14:47:45,331 - INFO - All checks passed successfully.
2026-02-03 16:12:46,494 - INFO - Starting verification on /Users/4d/Documents/GitHub/template/projects/cognitive_integrity/cogsec_multiagent_3_practical/manuscript...
2026-02-03 16:12:46,494 - INFO - Checking file existence...
2026-02-03 16:12:46,494 - INFO - Verifying citations...
2026-02-03 16:12:46,494 - INFO - Found 57 bibliography entries.
2026-02-03 16:12:46,498 - INFO - Verifying definition labels and references...
2026-02-03 16:12:46,498 - INFO - Verifying images and links...
2026-02-03 16:12:46,499 - INFO - Checking style guidelines...
2026-02-03 16:12:46,511 - INFO - ----------------------------------------
2026-02-03 16:12:46,511 - INFO - Verification Summary:
2026-02-03 16:12:46,511 - INFO - Files          : PASS
2026-02-03 16:12:46,511 - INFO - Citations      : PASS
2026-02-03 16:12:46,511 - INFO - Labels/Refs    : PASS
2026-02-03 16:12:46,511 - INFO - Images/Links   : PASS
2026-02-03 16:12:46,511 - INFO - Style          : PASS
2026-02-03 16:12:46,511 - INFO - ----------------------------------------
2026-02-03 16:12:46,511 - INFO - All checks passed successfully.
2026-02-18 05:35:00,464 - INFO - Starting verification on /Users/4d/Documents/GitHub/template/projects/cognitive_integrity/cogsec_multiagent_3_practical/manuscript...
2026-02-18 05:35:00,464 - INFO - Checking file existence...
2026-02-18 05:35:00,464 - INFO - Verifying citations...
2026-02-18 05:35:00,465 - INFO - Found 63 bibliography entries.
2026-02-18 05:35:00,466 - INFO - Verifying definition labels and references...
2026-02-18 05:35:00,467 - INFO - Verifying images and links...
2026-02-18 05:35:00,467 - INFO - Checking style guidelines...
2026-02-18 05:35:00,475 - INFO - ----------------------------------------
2026-02-18 05:35:00,475 - INFO - Verification Summary:
2026-02-18 05:35:00,475 - INFO - Files          : PASS
2026-02-18 05:35:00,475 - INFO - Citations      : PASS
2026-02-18 05:35:00,475 - INFO - Labels/Refs    : PASS
2026-02-18 05:35:00,475 - INFO - Images/Links   : PASS
2026-02-18 05:35:00,475 - INFO - Style          : PASS
2026-02-18 05:35:00,475 - INFO - ----------------------------------------
2026-02-18 05:35:00,475 - INFO - All checks passed successfully.
2026-04-19 14:43:11,222 - INFO - Starting verification on /Users/4d/Documents/GitHub/template/projects_in_progress/cognitive_integrity/cogsec_multiagent_3_practical/manuscript...
2026-04-19 14:43:11,223 - INFO - Checking file existence...
2026-04-19 14:43:11,223 - INFO - Verifying citations...
2026-04-19 14:43:11,224 - INFO - Found 63 bibliography entries.
2026-04-19 14:43:11,224 - WARNING - Missing citation key: 'friston2010free' in 02_theory_review.md
2026-04-19 14:43:11,224 - INFO - Verifying definition labels and references...
2026-04-19 14:43:11,225 - WARNING - Undefined reference: '\cref{sec:theoretical-connections}' in 02_theory_review.md
2026-04-19 14:43:11,225 - WARNING - Undefined reference: '\cref{sec:information-geometry}' in 02_theory_review.md
2026-04-19 14:43:11,225 - WARNING - Undefined reference: '\cref{sec:game-theory}' in 03_simulation_review.md
2026-04-19 14:43:11,225 - WARNING - Undefined reference: '\cref{sec:architecture-gap}' in 03_simulation_review.md
2026-04-19 14:43:11,225 - WARNING - Undefined reference: '\ref{sec:architecture-gap-analysis}' in 06b_case_studies.md
2026-04-19 14:43:11,225 - WARNING - Undefined reference: '\cref{sec:theoretical-connections}' in 07_future_directions.md
2026-04-19 14:43:11,225 - WARNING - Undefined reference: '\cref{sec:game-theory}' in 07_future_directions.md
2026-04-19 14:43:11,225 - WARNING - Undefined reference: '\cref{sec:architecture-gap}' in 07_future_directions.md
2026-04-19 14:43:11,226 - WARNING - Undefined reference: '\cref{tab:power-analysis-preregistration}' in 08_conclusion.md
2026-04-19 14:43:11,226 - INFO - Verifying images and links...
2026-04-19 14:43:11,226 - INFO - Checking style guidelines...
2026-04-19 14:43:11,242 - INFO - ----------------------------------------
2026-04-19 14:43:11,242 - INFO - Verification Summary:
2026-04-19 14:43:11,242 - INFO - Files          : PASS
2026-04-19 14:43:11,242 - INFO - Citations      : FAIL
2026-04-19 14:43:11,242 - INFO - Labels/Refs    : FAIL
2026-04-19 14:43:11,242 - INFO - Images/Links   : PASS
2026-04-19 14:43:11,242 - INFO - Style          : PASS
2026-04-19 14:43:11,242 - INFO - ----------------------------------------
2026-04-19 14:43:11,242 - ERROR - Verification failed. See logs for details.
2026-04-24 15:47:34,411 - INFO - Starting verification on /Users/4d/Documents/GitHub/template/projects/cognitive_integrity/cogsec_multiagent_3_practical/manuscript...
2026-04-24 15:47:34,412 - INFO - Checking file existence...
2026-04-24 15:47:34,412 - INFO - Verifying citations...
2026-04-24 15:47:34,412 - INFO - Found 80 bibliography entries.
2026-04-24 15:47:34,416 - INFO - Verifying definition labels and references...
2026-04-24 15:47:34,417 - WARNING - Undefined reference: '\cref{sec:theoretical-connections}' in 02_theory_review.md
2026-04-24 15:47:34,417 - WARNING - Undefined reference: '\cref{sec:information-geometry}' in 02_theory_review.md
2026-04-24 15:47:34,417 - WARNING - Undefined reference: '\cref{sec:game-theory}' in 03_simulation_review.md
2026-04-24 15:47:34,417 - WARNING - Undefined reference: '\cref{sec:architecture-gap-analysis}' in 03_simulation_review.md
2026-04-24 15:47:34,417 - WARNING - Undefined reference: '\cref{sec:architecture-gap-analysis}' in 06b_case_studies.md
2026-04-24 15:47:34,417 - WARNING - Undefined reference: '\cref{sec:theoretical-connections}' in 07_future_directions.md
2026-04-24 15:47:34,417 - WARNING - Undefined reference: '\cref{sec:game-theory}' in 07_future_directions.md
2026-04-24 15:47:34,417 - WARNING - Undefined reference: '\cref{sec:architecture-gap-analysis}' in 07_future_directions.md
2026-04-24 15:47:34,417 - WARNING - Undefined reference: '\cref{tab:power-analysis-preregistration}' in 08_conclusion.md
2026-04-24 15:47:34,417 - INFO - Verifying images and links...
2026-04-24 15:47:34,418 - INFO - Checking style guidelines...
2026-04-24 15:47:34,434 - INFO - ----------------------------------------
2026-04-24 15:47:34,434 - INFO - Verification Summary:
2026-04-24 15:47:34,434 - INFO - Files          : PASS
2026-04-24 15:47:34,434 - INFO - Citations      : PASS
2026-04-24 15:47:34,434 - INFO - Labels/Refs    : FAIL
2026-04-24 15:47:34,434 - INFO - Images/Links   : PASS
2026-04-24 15:47:34,434 - INFO - Style          : PASS
2026-04-24 15:47:34,434 - INFO - ----------------------------------------
2026-04-24 15:47:34,434 - ERROR - Verification failed. See logs for details.
2026-04-24 16:22:43,600 - INFO - Starting verification on /Users/4d/Documents/GitHub/template/projects/cognitive_integrity/cogsec_multiagent_3_practical/manuscript...
2026-04-24 16:22:43,601 - INFO - Checking file existence...
2026-04-24 16:22:43,601 - INFO - Verifying citations...
2026-04-24 16:22:43,602 - INFO - Found 80 bibliography entries.
2026-04-24 16:22:43,605 - INFO - Verifying definition labels and references...
2026-04-24 16:22:43,606 - WARNING - Undefined reference: '\cref{sec:theoretical-connections}' in 02_theory_review.md
2026-04-24 16:22:43,606 - WARNING - Undefined reference: '\cref{sec:information-geometry}' in 02_theory_review.md
2026-04-24 16:22:43,606 - WARNING - Undefined reference: '\cref{sec:game-theory}' in 03_simulation_review.md
2026-04-24 16:22:43,606 - WARNING - Undefined reference: '\cref{sec:architecture-gap-analysis}' in 03_simulation_review.md
2026-04-24 16:22:43,606 - WARNING - Undefined reference: '\cref{sec:architecture-gap-analysis}' in 06b_case_studies.md
2026-04-24 16:22:43,606 - WARNING - Undefined reference: '\cref{sec:theoretical-connections}' in 07_future_directions.md
2026-04-24 16:22:43,606 - WARNING - Undefined reference: '\cref{sec:game-theory}' in 07_future_directions.md
2026-04-24 16:22:43,606 - WARNING - Undefined reference: '\cref{sec:architecture-gap-analysis}' in 07_future_directions.md
2026-04-24 16:22:43,606 - WARNING - Undefined reference: '\cref{tab:power-analysis-preregistration}' in 08_conclusion.md
2026-04-24 16:22:43,606 - INFO - Verifying images and links...
2026-04-24 16:22:43,606 - INFO - Checking style guidelines...
2026-04-24 16:22:43,622 - INFO - ----------------------------------------
2026-04-24 16:22:43,622 - INFO - Verification Summary:
2026-04-24 16:22:43,623 - INFO - Files          : PASS
2026-04-24 16:22:43,623 - INFO - Citations      : PASS
2026-04-24 16:22:43,623 - INFO - Labels/Refs    : FAIL
2026-04-24 16:22:43,623 - INFO - Images/Links   : PASS
2026-04-24 16:22:43,623 - INFO - Style          : PASS
2026-04-24 16:22:43,623 - INFO - ----------------------------------------
2026-04-24 16:22:43,623 - ERROR - Verification failed. See logs for details.
2026-04-24 16:53:55,343 - INFO - Starting verification on /Users/4d/Documents/GitHub/template/projects/cognitive_integrity/cogsec_multiagent_3_practical/manuscript...
2026-04-24 16:53:55,343 - INFO - Checking file existence...
2026-04-24 16:53:55,343 - INFO - Verifying citations...
2026-04-24 16:53:55,344 - INFO - Found 80 bibliography entries.
2026-04-24 16:53:55,347 - INFO - Verifying definition labels and references...
2026-04-24 16:53:55,348 - WARNING - Undefined reference: '\cref{sec:theoretical-connections}' in 02_theory_review.md
2026-04-24 16:53:55,348 - WARNING - Undefined reference: '\cref{sec:information-geometry}' in 02_theory_review.md
2026-04-24 16:53:55,348 - WARNING - Undefined reference: '\cref{sec:game-theory}' in 03_simulation_review.md
2026-04-24 16:53:55,348 - WARNING - Undefined reference: '\cref{sec:architecture-gap-analysis}' in 03_simulation_review.md
2026-04-24 16:53:55,348 - WARNING - Undefined reference: '\cref{sec:architecture-gap-analysis}' in 06b_case_studies.md
2026-04-24 16:53:55,348 - WARNING - Undefined reference: '\cref{sec:theoretical-connections}' in 07_future_directions.md
2026-04-24 16:53:55,348 - WARNING - Undefined reference: '\cref{sec:game-theory}' in 07_future_directions.md
2026-04-24 16:53:55,348 - WARNING - Undefined reference: '\cref{sec:architecture-gap-analysis}' in 07_future_directions.md
2026-04-24 16:53:55,348 - WARNING - Undefined reference: '\cref{tab:power-analysis-preregistration}' in 08_conclusion.md
2026-04-24 16:53:55,348 - INFO - Verifying images and links...
2026-04-24 16:53:55,349 - INFO - Checking style guidelines...
2026-04-24 16:53:55,364 - INFO - ----------------------------------------
2026-04-24 16:53:55,364 - INFO - Verification Summary:
2026-04-24 16:53:55,364 - INFO - Files          : PASS
2026-04-24 16:53:55,364 - INFO - Citations      : PASS
2026-04-24 16:53:55,364 - INFO - Labels/Refs    : FAIL
2026-04-24 16:53:55,364 - INFO - Images/Links   : PASS
2026-04-24 16:53:55,364 - INFO - Style          : PASS
2026-04-24 16:53:55,364 - INFO - ----------------------------------------
2026-04-24 16:53:55,364 - ERROR - Verification failed. See logs for details.
2026-04-24 16:55:14,655 - INFO - Starting verification on /Users/4d/Documents/GitHub/template/projects/cognitive_integrity/cogsec_multiagent_3_practical/manuscript...
2026-04-24 16:55:14,656 - INFO - Checking file existence...
2026-04-24 16:55:14,656 - INFO - Verifying citations...
2026-04-24 16:55:14,656 - INFO - Found 80 bibliography entries.
2026-04-24 16:55:14,656 - INFO - Verifying definition labels and references...
2026-04-24 16:55:14,657 - INFO - Verifying images and links...
2026-04-24 16:55:14,658 - INFO - Checking style guidelines...
2026-04-24 16:55:14,673 - INFO - ----------------------------------------
2026-04-24 16:55:14,673 - INFO - Verification Summary:
2026-04-24 16:55:14,673 - INFO - Files          : PASS
2026-04-24 16:55:14,673 - INFO - Citations      : PASS
2026-04-24 16:55:14,673 - INFO - Labels/Refs    : PASS
2026-04-24 16:55:14,673 - INFO - Images/Links   : PASS
2026-04-24 16:55:14,673 - INFO - Style          : PASS
2026-04-24 16:55:14,673 - INFO - ----------------------------------------
2026-04-24 16:55:14,673 - INFO - All checks passed successfully.
2026-04-24 16:55:33,165 - INFO - Starting verification on /Users/4d/Documents/GitHub/template/projects/cognitive_integrity/cogsec_multiagent_3_practical/manuscript...
2026-04-24 16:55:33,165 - INFO - Checking file existence...
2026-04-24 16:55:33,165 - INFO - Verifying citations...
2026-04-24 16:55:33,166 - INFO - Found 80 bibliography entries.
2026-04-24 16:55:33,168 - INFO - Verifying definition labels and references...
2026-04-24 16:55:33,169 - INFO - Verifying images and links...
2026-04-24 16:55:33,169 - INFO - Checking style guidelines...
2026-04-24 16:55:33,185 - INFO - ----------------------------------------
2026-04-24 16:55:33,185 - INFO - Verification Summary:
2026-04-24 16:55:33,185 - INFO - Files          : PASS
2026-04-24 16:55:33,185 - INFO - Citations      : PASS
2026-04-24 16:55:33,185 - INFO - Labels/Refs    : PASS
2026-04-24 16:55:33,185 - INFO - Images/Links   : PASS
2026-04-24 16:55:33,185 - INFO - Style          : PASS
2026-04-24 16:55:33,185 - INFO - ----------------------------------------
2026-04-24 16:55:33,185 - INFO - All checks passed successfully.
2026-04-25 13:13:11,578 - INFO - Starting verification on /Users/4d/Documents/GitHub/template/projects/cognitive_integrity/cogsec_multiagent_3_practical/manuscript...
2026-04-25 13:13:11,578 - INFO - Checking file existence...
2026-04-25 13:13:11,578 - INFO - Verifying citations...
2026-04-25 13:13:11,579 - INFO - Found 80 bibliography entries.
2026-04-25 13:13:11,581 - INFO - Verifying definition labels and references...
2026-04-25 13:13:11,582 - INFO - Verifying images and links...
2026-04-25 13:13:11,582 - INFO - Checking style guidelines...
2026-04-25 13:13:11,598 - INFO - ----------------------------------------
2026-04-25 13:13:11,598 - INFO - Verification Summary:
2026-04-25 13:13:11,598 - INFO - Files          : PASS
2026-04-25 13:13:11,598 - INFO - Citations      : PASS
2026-04-25 13:13:11,598 - INFO - Labels/Refs    : PASS
2026-04-25 13:13:11,598 - INFO - Images/Links   : PASS
2026-04-25 13:13:11,598 - INFO - Style          : PASS
2026-04-25 13:13:11,598 - INFO - ----------------------------------------
2026-04-25 13:13:11,598 - INFO - All checks passed successfully.
2026-04-26 17:20:55,740 - INFO - Starting verification on /Users/4d/Documents/GitHub/template/projects/cognitive_integrity/cogsec_multiagent_3_practical/manuscript...
2026-04-26 17:20:55,742 - INFO - Checking file existence...
2026-04-26 17:20:55,742 - INFO - Verifying citations...
2026-04-26 17:20:55,742 - INFO - Found 80 bibliography entries.
2026-04-26 17:20:55,748 - INFO - Verifying definition labels and references...
2026-04-26 17:20:55,749 - INFO - Verifying images and links...
2026-04-26 17:20:55,749 - INFO - Checking style guidelines...
2026-04-26 17:20:55,765 - INFO - ----------------------------------------
2026-04-26 17:20:55,766 - INFO - Verification Summary:
2026-04-26 17:20:55,766 - INFO - Files          : PASS
2026-04-26 17:20:55,766 - INFO - Citations      : PASS
2026-04-26 17:20:55,766 - INFO - Labels/Refs    : PASS
2026-04-26 17:20:55,766 - INFO - Images/Links   : PASS
2026-04-26 17:20:55,766 - INFO - Style          : PASS
2026-04-26 17:20:55,766 - INFO - ----------------------------------------
2026-04-26 17:20:55,766 - INFO - All checks passed successfully.
2026-04-26 19:04:27,497 - INFO - Starting verification on /Users/4d/Documents/GitHub/template/projects/cognitive_integrity/cogsec_multiagent_3_practical/manuscript...
2026-04-26 19:04:27,497 - INFO - Checking file existence...
2026-04-26 19:04:27,497 - INFO - Verifying citations...
2026-04-26 19:04:27,498 - INFO - Found 80 bibliography entries.
2026-04-26 19:04:27,501 - INFO - Verifying definition labels and references...
2026-04-26 19:04:27,502 - INFO - Verifying images and links...
2026-04-26 19:04:27,502 - INFO - Checking style guidelines...
2026-04-26 19:04:27,517 - INFO - ----------------------------------------
2026-04-26 19:04:27,517 - INFO - Verification Summary:
2026-04-26 19:04:27,517 - INFO - Files          : PASS
2026-04-26 19:04:27,517 - INFO - Citations      : PASS
2026-04-26 19:04:27,517 - INFO - Labels/Refs    : PASS
2026-04-26 19:04:27,518 - INFO - Images/Links   : PASS
2026-04-26 19:04:27,518 - INFO - Style          : PASS
2026-04-26 19:04:27,518 - INFO - ----------------------------------------
2026-04-26 19:04:27,518 - INFO - All checks passed successfully.
