[2026-04-26 19:04:15,633] [INFO] ✓ Stage 1 completed successfully (0.0s)
[2026-04-26 19:04:15,633] [INFO] 
[2026-04-26 19:04:15,633] [INFO] [2/8] Environment Setup (25% complete)
[2026-04-26 19:04:15,634] [INFO]   Elapsed: 0s | ETA: 0s
[2026-04-26 19:04:15,634] [INFO] ━━━━━━━━━━━━━━━━━━━━━━━━━━━━━━━━━━━━━━━━━━━━━━
[2026-04-26 19:04:19,295] [INFO] ✓ Stage 2 completed successfully (3.7s)
[2026-04-26 19:04:19,296] [INFO] 
[2026-04-26 19:04:19,296] [INFO] [3/8] Project Tests (37% complete)
[2026-04-26 19:04:19,296] [INFO]   Elapsed: 3s | ETA: 6s
[2026-04-26 19:04:19,296] [INFO] ━━━━━━━━━━━━━━━━━━━━━━━━━━━━━━━━━━━━━━━━━━━━━━
[2026-04-26 19:04:24,110] [INFO] ✓ Stage 3 completed successfully (4.8s)
[2026-04-26 19:04:24,110] [INFO] 
[2026-04-26 19:04:24,110] [INFO] [4/8] Project Analysis (50% complete)
[2026-04-26 19:04:24,110] [INFO]   Elapsed: 8s | ETA: 8s
[2026-04-26 19:04:24,110] [INFO] ━━━━━━━━━━━━━━━━━━━━━━━━━━━━━━━━━━━━━━━━━━━━━━
[2026-04-26 19:04:27,578] [INFO] ✓ Stage 4 completed successfully (3.5s)
[2026-04-26 19:04:27,579] [INFO] 
[2026-04-26 19:04:27,579] [INFO] [5/8] PDF Rendering (62% complete)
[2026-04-26 19:04:27,579] [INFO]   Elapsed: 11s | ETA: 7s
[2026-04-26 19:04:27,579] [INFO] ━━━━━━━━━━━━━━━━━━━━━━━━━━━━━━━━━━━━━━━━━━━━━━
[2026-04-26 19:05:05,418] [INFO] ✓ Stage 5 completed successfully (37.8s)
[2026-04-26 19:05:05,419] [INFO] 
[2026-04-26 19:05:05,419] [INFO] [6/8] Output Validation (75% complete)
[2026-04-26 19:05:05,419] [INFO]   Elapsed: 49s | ETA: 16s
[2026-04-26 19:05:05,419] [INFO] ━━━━━━━━━━━━━━━━━━━━━━━━━━━━━━━━━━━━━━━━━━━━━━
[2026-04-26 19:05:05,793] [INFO] ✓ Stage 6 completed successfully (0.4s)
[2026-04-26 19:05:05,793] [INFO] 
[2026-04-26 19:05:05,793] [INFO] [7/8] Copy Outputs (87% complete)
[2026-04-26 19:05:05,793] [INFO]   Elapsed: 50s | ETA: 7s
[2026-04-26 19:05:05,793] [INFO] ━━━━━━━━━━━━━━━━━━━━━━━━━━━━━━━━━━━━━━━━━━━━━━
[2026-04-26 19:05:06,144] [INFO] ✓ Stage 7 completed successfully (0.4s)
