2026-01-24 16:51:39,025 - INFO - Starting verification on /Users/4d/Documents/GitHub/template/projects/cogsec_multiagent_2_computational/manuscript...
2026-01-24 16:51:39,025 - INFO - Checking file existence...
2026-01-24 16:51:39,025 - INFO - Verifying citations...
2026-01-24 16:51:39,025 - INFO - Found 54 bibliography entries.
2026-01-24 16:51:39,027 - INFO - Verifying definition labels and references...
2026-01-24 16:51:39,028 - WARNING - Undefined reference: '\cref{sec:trust-calculus}' in 01_introduction.md
2026-01-24 16:51:39,028 - WARNING - Undefined reference: '\cref{sec:defense-composition}' in 01_introduction.md
2026-01-24 16:51:39,028 - WARNING - Undefined reference: '\cref{sec:integrity-properties}' in 01_introduction.md
2026-01-24 16:51:39,028 - WARNING - Undefined reference: '\cref{eq:trust-function}' in 02_methodology.md
2026-01-24 16:51:39,028 - WARNING - Undefined reference: '\cref{def:canary}' in 02_methodology.md
2026-01-24 16:51:39,028 - WARNING - Undefined reference: '\cref{thm:byzantine-termination}' in 02_methodology.md
2026-01-24 16:51:39,028 - WARNING - Undefined reference: '\cref{thm:latency-overhead}' in 02_methodology.md
2026-01-24 16:51:39,028 - WARNING - Undefined reference: '\cref{sec:defense-composition}' in 04_experimental_setup.md
2026-01-24 16:51:39,028 - WARNING - Undefined reference: '\cref{tab:risk-profiles}' in 04_experimental_setup.md
2026-01-24 16:51:39,028 - WARNING - Undefined reference: '\cref{ax:honest-orchestrator}' in 04_experimental_setup.md
2026-01-24 16:51:39,028 - WARNING - Undefined reference: '\cref{eq:detection-degradation}' in 04_experimental_setup.md
2026-01-24 16:51:39,028 - WARNING - Undefined reference: '\ref{thm:no-trust-amp}' in 04_experimental_setup.md
2026-01-24 16:51:39,028 - WARNING - Undefined reference: '\ref{thm:series-detection}' in 04_experimental_setup.md
2026-01-24 16:51:39,028 - WARNING - Undefined reference: '\ref{thm:parallel-detection}' in 04_experimental_setup.md
2026-01-24 16:51:39,028 - WARNING - Undefined reference: '\ref{thm:stealth-impact}' in 04_experimental_setup.md
2026-01-24 16:51:39,028 - WARNING - Undefined reference: '\cref{eq:detection-degradation}' in 06_discussion.md
2026-01-24 16:51:39,029 - WARNING - Undefined reference: '\cref{def:agent}' in S01_notation_reference.md
2026-01-24 16:51:39,029 - WARNING - Undefined reference: '\cref{def:cognitive-state}' in S01_notation_reference.md
2026-01-24 16:51:39,029 - WARNING - Undefined reference: '\cref{def:cognitive-state}' in S01_notation_reference.md
2026-01-24 16:51:39,029 - WARNING - Undefined reference: '\cref{tab:cognitive-components}' in S01_notation_reference.md
2026-01-24 16:51:39,029 - WARNING - Undefined reference: '\cref{def:cognitive-state}' in S01_notation_reference.md
2026-01-24 16:51:39,029 - WARNING - Undefined reference: '\cref{def:trust-function}' in S01_notation_reference.md
2026-01-24 16:51:39,029 - WARNING - Undefined reference: '\cref{def:trust-algebra}' in S01_notation_reference.md
2026-01-24 16:51:39,029 - WARNING - Undefined reference: '\cref{def:trust-algebra}' in S01_notation_reference.md
2026-01-24 16:51:39,029 - WARNING - Undefined reference: '\cref{def:trust-algebra}' in S01_notation_reference.md
2026-01-24 16:51:39,029 - WARNING - Undefined reference: '\cref{eq:trust-function}' in S01_notation_reference.md
2026-01-24 16:51:39,029 - WARNING - Undefined reference: '\cref{def:defense}' in S01_notation_reference.md
2026-01-24 16:51:39,029 - WARNING - Undefined reference: '\cref{def:detection-rate}' in S01_notation_reference.md
2026-01-24 16:51:39,029 - WARNING - Undefined reference: '\cref{eq:tripwire-alert}' in S01_notation_reference.md
2026-01-24 16:51:39,029 - WARNING - Undefined reference: '\cref{def:quorum}' in S01_notation_reference.md
2026-01-24 16:51:39,029 - WARNING - Undefined reference: '\cref{thm:byzantine-req}' in S01_notation_reference.md
2026-01-24 16:51:39,029 - INFO - Verifying images and links...
2026-01-24 16:51:39,029 - INFO - Checking style guidelines...
2026-01-24 16:51:39,052 - INFO - ----------------------------------------
2026-01-24 16:51:39,052 - INFO - Verification Summary:
2026-01-24 16:51:39,052 - INFO - Files          : PASS
2026-01-24 16:51:39,052 - INFO - Citations      : PASS
2026-01-24 16:51:39,052 - INFO - Labels/Refs    : FAIL
2026-01-24 16:51:39,052 - INFO - Images/Links   : PASS
2026-01-24 16:51:39,052 - INFO - Style          : PASS
2026-01-24 16:51:39,052 - INFO - ----------------------------------------
2026-01-24 16:51:39,052 - ERROR - Verification failed. See logs for details.
2026-01-24 17:04:14,700 - INFO - Starting verification on /Users/4d/Documents/GitHub/template/projects/cogsec_multiagent_2_computational/manuscript...
2026-01-24 17:04:14,700 - INFO - Checking file existence...
2026-01-24 17:04:14,700 - INFO - Verifying citations...
2026-01-24 17:04:14,700 - INFO - Found 54 bibliography entries.
2026-01-24 17:04:14,704 - INFO - Verifying definition labels and references...
2026-01-24 17:04:14,705 - WARNING - Undefined reference: '\cref{sec:trust-calculus}' in 01_introduction.md
2026-01-24 17:04:14,705 - WARNING - Undefined reference: '\cref{sec:defense-composition}' in 01_introduction.md
2026-01-24 17:04:14,705 - WARNING - Undefined reference: '\cref{sec:integrity-properties}' in 01_introduction.md
2026-01-24 17:04:14,705 - WARNING - Undefined reference: '\cref{eq:trust-function}' in 02_methodology.md
2026-01-24 17:04:14,705 - WARNING - Undefined reference: '\cref{def:canary}' in 02_methodology.md
2026-01-24 17:04:14,705 - WARNING - Undefined reference: '\cref{thm:byzantine-termination}' in 02_methodology.md
2026-01-24 17:04:14,705 - WARNING - Undefined reference: '\cref{thm:latency-overhead}' in 02_methodology.md
2026-01-24 17:04:14,705 - WARNING - Undefined reference: '\cref{sec:defense-composition}' in 04_experimental_setup.md
2026-01-24 17:04:14,705 - WARNING - Undefined reference: '\cref{tab:risk-profiles}' in 04_experimental_setup.md
2026-01-24 17:04:14,705 - WARNING - Undefined reference: '\cref{ax:honest-orchestrator}' in 04_experimental_setup.md
2026-01-24 17:04:14,705 - WARNING - Undefined reference: '\cref{eq:detection-degradation}' in 04_experimental_setup.md
2026-01-24 17:04:14,705 - WARNING - Undefined reference: '\ref{thm:no-trust-amp}' in 04_experimental_setup.md
2026-01-24 17:04:14,705 - WARNING - Undefined reference: '\ref{thm:series-detection}' in 04_experimental_setup.md
2026-01-24 17:04:14,705 - WARNING - Undefined reference: '\ref{thm:parallel-detection}' in 04_experimental_setup.md
2026-01-24 17:04:14,705 - WARNING - Undefined reference: '\ref{thm:stealth-impact}' in 04_experimental_setup.md
2026-01-24 17:04:14,705 - WARNING - Undefined reference: '\cref{eq:detection-degradation}' in 06_discussion.md
2026-01-24 17:04:14,705 - WARNING - Undefined reference: '\cref{def:agent}' in S01_notation_reference.md
2026-01-24 17:04:14,705 - WARNING - Undefined reference: '\cref{def:cognitive-state}' in S01_notation_reference.md
2026-01-24 17:04:14,705 - WARNING - Undefined reference: '\cref{def:cognitive-state}' in S01_notation_reference.md
2026-01-24 17:04:14,705 - WARNING - Undefined reference: '\cref{tab:cognitive-components}' in S01_notation_reference.md
2026-01-24 17:04:14,705 - WARNING - Undefined reference: '\cref{def:cognitive-state}' in S01_notation_reference.md
2026-01-24 17:04:14,705 - WARNING - Undefined reference: '\cref{def:trust-function}' in S01_notation_reference.md
2026-01-24 17:04:14,705 - WARNING - Undefined reference: '\cref{def:trust-algebra}' in S01_notation_reference.md
2026-01-24 17:04:14,705 - WARNING - Undefined reference: '\cref{def:trust-algebra}' in S01_notation_reference.md
2026-01-24 17:04:14,705 - WARNING - Undefined reference: '\cref{def:trust-algebra}' in S01_notation_reference.md
2026-01-24 17:04:14,705 - WARNING - Undefined reference: '\cref{eq:trust-function}' in S01_notation_reference.md
2026-01-24 17:04:14,705 - WARNING - Undefined reference: '\cref{def:defense}' in S01_notation_reference.md
2026-01-24 17:04:14,705 - WARNING - Undefined reference: '\cref{def:detection-rate}' in S01_notation_reference.md
2026-01-24 17:04:14,705 - WARNING - Undefined reference: '\cref{eq:tripwire-alert}' in S01_notation_reference.md
2026-01-24 17:04:14,705 - WARNING - Undefined reference: '\cref{def:quorum}' in S01_notation_reference.md
2026-01-24 17:04:14,705 - WARNING - Undefined reference: '\cref{thm:byzantine-req}' in S01_notation_reference.md
2026-01-24 17:04:14,705 - INFO - Verifying images and links...
2026-01-24 17:04:14,706 - INFO - Checking style guidelines...
2026-01-24 17:04:14,729 - INFO - ----------------------------------------
2026-01-24 17:04:14,729 - INFO - Verification Summary:
2026-01-24 17:04:14,729 - INFO - Files          : PASS
2026-01-24 17:04:14,729 - INFO - Citations      : PASS
2026-01-24 17:04:14,729 - INFO - Labels/Refs    : FAIL
2026-01-24 17:04:14,729 - INFO - Images/Links   : PASS
2026-01-24 17:04:14,729 - INFO - Style          : PASS
2026-01-24 17:04:14,729 - INFO - ----------------------------------------
2026-01-24 17:04:14,729 - ERROR - Verification failed. See logs for details.
2026-01-24 18:08:11,080 - INFO - Starting verification on /Users/4d/Documents/GitHub/template/projects/cogsec_multiagent_2_computational/manuscript...
2026-01-24 18:08:11,081 - INFO - Checking file existence...
2026-01-24 18:08:11,081 - INFO - Verifying citations...
2026-01-24 18:08:11,081 - INFO - Found 54 bibliography entries.
2026-01-24 18:08:11,084 - INFO - Verifying definition labels and references...
2026-01-24 18:08:11,085 - WARNING - Undefined reference: '\cref{sec:trust-calculus}' in 01_introduction.md
2026-01-24 18:08:11,085 - WARNING - Undefined reference: '\cref{sec:defense-composition}' in 01_introduction.md
2026-01-24 18:08:11,085 - WARNING - Undefined reference: '\cref{sec:integrity-properties}' in 01_introduction.md
2026-01-24 18:08:11,085 - WARNING - Undefined reference: '\cref{eq:trust-function}' in 02_methodology.md
2026-01-24 18:08:11,085 - WARNING - Undefined reference: '\cref{def:canary}' in 02_methodology.md
2026-01-24 18:08:11,085 - WARNING - Undefined reference: '\cref{thm:byzantine-termination}' in 02_methodology.md
2026-01-24 18:08:11,085 - WARNING - Undefined reference: '\cref{thm:latency-overhead}' in 02_methodology.md
2026-01-24 18:08:11,085 - WARNING - Undefined reference: '\cref{sec:defense-composition}' in 04_experimental_setup.md
2026-01-24 18:08:11,085 - WARNING - Undefined reference: '\cref{tab:risk-profiles}' in 04_experimental_setup.md
2026-01-24 18:08:11,085 - WARNING - Undefined reference: '\cref{ax:honest-orchestrator}' in 04_experimental_setup.md
2026-01-24 18:08:11,085 - WARNING - Undefined reference: '\cref{eq:detection-degradation}' in 04_experimental_setup.md
2026-01-24 18:08:11,085 - WARNING - Undefined reference: '\ref{thm:no-trust-amp}' in 04_experimental_setup.md
2026-01-24 18:08:11,085 - WARNING - Undefined reference: '\ref{thm:series-detection}' in 04_experimental_setup.md
2026-01-24 18:08:11,085 - WARNING - Undefined reference: '\ref{thm:parallel-detection}' in 04_experimental_setup.md
2026-01-24 18:08:11,085 - WARNING - Undefined reference: '\ref{thm:stealth-impact}' in 04_experimental_setup.md
2026-01-24 18:08:11,086 - WARNING - Undefined reference: '\cref{eq:detection-degradation}' in 06_discussion.md
2026-01-24 18:08:11,086 - WARNING - Undefined reference: '\cref{def:agent}' in S01_notation_reference.md
2026-01-24 18:08:11,086 - WARNING - Undefined reference: '\cref{def:cognitive-state}' in S01_notation_reference.md
2026-01-24 18:08:11,086 - WARNING - Undefined reference: '\cref{def:cognitive-state}' in S01_notation_reference.md
2026-01-24 18:08:11,086 - WARNING - Undefined reference: '\cref{tab:cognitive-components}' in S01_notation_reference.md
2026-01-24 18:08:11,086 - WARNING - Undefined reference: '\cref{def:cognitive-state}' in S01_notation_reference.md
2026-01-24 18:08:11,086 - WARNING - Undefined reference: '\cref{def:trust-function}' in S01_notation_reference.md
2026-01-24 18:08:11,086 - WARNING - Undefined reference: '\cref{def:trust-algebra}' in S01_notation_reference.md
2026-01-24 18:08:11,086 - WARNING - Undefined reference: '\cref{def:trust-algebra}' in S01_notation_reference.md
2026-01-24 18:08:11,086 - WARNING - Undefined reference: '\cref{def:trust-algebra}' in S01_notation_reference.md
2026-01-24 18:08:11,086 - WARNING - Undefined reference: '\cref{eq:trust-function}' in S01_notation_reference.md
2026-01-24 18:08:11,086 - WARNING - Undefined reference: '\cref{def:defense}' in S01_notation_reference.md
2026-01-24 18:08:11,086 - WARNING - Undefined reference: '\cref{def:detection-rate}' in S01_notation_reference.md
2026-01-24 18:08:11,086 - WARNING - Undefined reference: '\cref{eq:tripwire-alert}' in S01_notation_reference.md
2026-01-24 18:08:11,086 - WARNING - Undefined reference: '\cref{def:quorum}' in S01_notation_reference.md
2026-01-24 18:08:11,086 - WARNING - Undefined reference: '\cref{thm:byzantine-req}' in S01_notation_reference.md
2026-01-24 18:08:11,086 - INFO - Verifying images and links...
2026-01-24 18:08:11,086 - INFO - Checking style guidelines...
2026-01-24 18:08:11,109 - INFO - ----------------------------------------
2026-01-24 18:08:11,109 - INFO - Verification Summary:
2026-01-24 18:08:11,109 - INFO - Files          : PASS
2026-01-24 18:08:11,110 - INFO - Citations      : PASS
2026-01-24 18:08:11,110 - INFO - Labels/Refs    : FAIL
2026-01-24 18:08:11,110 - INFO - Images/Links   : PASS
2026-01-24 18:08:11,110 - INFO - Style          : PASS
2026-01-24 18:08:11,110 - INFO - ----------------------------------------
2026-01-24 18:08:11,110 - ERROR - Verification failed. See logs for details.
2026-01-24 18:23:33,791 - INFO - Starting verification on /Users/4d/Documents/GitHub/template/projects/cogsec_multiagent_2_computational/manuscript...
2026-01-24 18:23:33,791 - INFO - Checking file existence...
2026-01-24 18:23:33,791 - INFO - Verifying citations...
2026-01-24 18:23:33,792 - INFO - Found 54 bibliography entries.
2026-01-24 18:23:33,795 - INFO - Verifying definition labels and references...
2026-01-24 18:23:33,795 - WARNING - Undefined reference: '\cref{sec:trust-calculus}' in 01_introduction.md
2026-01-24 18:23:33,795 - WARNING - Undefined reference: '\cref{sec:defense-composition}' in 01_introduction.md
2026-01-24 18:23:33,795 - WARNING - Undefined reference: '\cref{sec:integrity-properties}' in 01_introduction.md
2026-01-24 18:23:33,795 - WARNING - Undefined reference: '\cref{eq:trust-function}' in 02_methodology.md
2026-01-24 18:23:33,795 - WARNING - Undefined reference: '\cref{def:canary}' in 02_methodology.md
2026-01-24 18:23:33,795 - WARNING - Undefined reference: '\cref{thm:byzantine-termination}' in 02_methodology.md
2026-01-24 18:23:33,795 - WARNING - Undefined reference: '\cref{thm:latency-overhead}' in 02_methodology.md
2026-01-24 18:23:33,796 - WARNING - Undefined reference: '\cref{sec:defense-composition}' in 04_experimental_setup.md
2026-01-24 18:23:33,796 - WARNING - Undefined reference: '\cref{tab:risk-profiles}' in 04_experimental_setup.md
2026-01-24 18:23:33,796 - WARNING - Undefined reference: '\cref{ax:honest-orchestrator}' in 04_experimental_setup.md
2026-01-24 18:23:33,796 - WARNING - Undefined reference: '\cref{eq:detection-degradation}' in 04_experimental_setup.md
2026-01-24 18:23:33,796 - WARNING - Undefined reference: '\ref{thm:no-trust-amp}' in 04_experimental_setup.md
2026-01-24 18:23:33,796 - WARNING - Undefined reference: '\ref{thm:series-detection}' in 04_experimental_setup.md
2026-01-24 18:23:33,796 - WARNING - Undefined reference: '\ref{thm:parallel-detection}' in 04_experimental_setup.md
2026-01-24 18:23:33,796 - WARNING - Undefined reference: '\ref{thm:stealth-impact}' in 04_experimental_setup.md
2026-01-24 18:23:33,796 - WARNING - Undefined reference: '\cref{eq:detection-degradation}' in 06_discussion.md
2026-01-24 18:23:33,796 - WARNING - Undefined reference: '\cref{def:agent}' in S01_notation_reference.md
2026-01-24 18:23:33,796 - WARNING - Undefined reference: '\cref{def:cognitive-state}' in S01_notation_reference.md
2026-01-24 18:23:33,796 - WARNING - Undefined reference: '\cref{def:cognitive-state}' in S01_notation_reference.md
2026-01-24 18:23:33,796 - WARNING - Undefined reference: '\cref{tab:cognitive-components}' in S01_notation_reference.md
2026-01-24 18:23:33,796 - WARNING - Undefined reference: '\cref{def:cognitive-state}' in S01_notation_reference.md
2026-01-24 18:23:33,796 - WARNING - Undefined reference: '\cref{def:trust-function}' in S01_notation_reference.md
2026-01-24 18:23:33,796 - WARNING - Undefined reference: '\cref{def:trust-algebra}' in S01_notation_reference.md
2026-01-24 18:23:33,796 - WARNING - Undefined reference: '\cref{def:trust-algebra}' in S01_notation_reference.md
2026-01-24 18:23:33,796 - WARNING - Undefined reference: '\cref{def:trust-algebra}' in S01_notation_reference.md
2026-01-24 18:23:33,796 - WARNING - Undefined reference: '\cref{eq:trust-function}' in S01_notation_reference.md
2026-01-24 18:23:33,796 - WARNING - Undefined reference: '\cref{def:defense}' in S01_notation_reference.md
2026-01-24 18:23:33,796 - WARNING - Undefined reference: '\cref{def:detection-rate}' in S01_notation_reference.md
2026-01-24 18:23:33,796 - WARNING - Undefined reference: '\cref{eq:tripwire-alert}' in S01_notation_reference.md
2026-01-24 18:23:33,796 - WARNING - Undefined reference: '\cref{def:quorum}' in S01_notation_reference.md
2026-01-24 18:23:33,796 - WARNING - Undefined reference: '\cref{thm:byzantine-req}' in S01_notation_reference.md
2026-01-24 18:23:33,796 - INFO - Verifying images and links...
2026-01-24 18:23:33,796 - INFO - Checking style guidelines...
2026-01-24 18:23:33,817 - INFO - ----------------------------------------
2026-01-24 18:23:33,817 - INFO - Verification Summary:
2026-01-24 18:23:33,817 - INFO - Files          : PASS
2026-01-24 18:23:33,817 - INFO - Citations      : PASS
2026-01-24 18:23:33,817 - INFO - Labels/Refs    : FAIL
2026-01-24 18:23:33,817 - INFO - Images/Links   : PASS
2026-01-24 18:23:33,817 - INFO - Style          : PASS
2026-01-24 18:23:33,817 - INFO - ----------------------------------------
2026-01-24 18:23:33,817 - ERROR - Verification failed. See logs for details.
2026-01-24 18:26:31,785 - INFO - Starting verification on /Users/4d/Documents/GitHub/template/projects/cogsec_multiagent_2_computational/manuscript...
2026-01-24 18:26:31,786 - INFO - Checking file existence...
2026-01-24 18:26:31,786 - INFO - Verifying citations...
2026-01-24 18:26:31,786 - INFO - Found 54 bibliography entries.
2026-01-24 18:26:31,788 - INFO - Verifying definition labels and references...
2026-01-24 18:26:31,789 - WARNING - Undefined reference: '\cref{sec:trust-calculus}' in 01_introduction.md
2026-01-24 18:26:31,789 - WARNING - Undefined reference: '\cref{sec:defense-composition}' in 01_introduction.md
2026-01-24 18:26:31,789 - WARNING - Undefined reference: '\cref{sec:integrity-properties}' in 01_introduction.md
2026-01-24 18:26:31,789 - WARNING - Undefined reference: '\cref{eq:trust-function}' in 02_methodology.md
2026-01-24 18:26:31,789 - WARNING - Undefined reference: '\cref{def:canary}' in 02_methodology.md
2026-01-24 18:26:31,789 - WARNING - Undefined reference: '\cref{thm:byzantine-termination}' in 02_methodology.md
2026-01-24 18:26:31,789 - WARNING - Undefined reference: '\cref{thm:latency-overhead}' in 02_methodology.md
2026-01-24 18:26:31,789 - WARNING - Undefined reference: '\cref{sec:defense-composition}' in 04_experimental_setup.md
2026-01-24 18:26:31,789 - WARNING - Undefined reference: '\cref{tab:risk-profiles}' in 04_experimental_setup.md
2026-01-24 18:26:31,789 - WARNING - Undefined reference: '\cref{ax:honest-orchestrator}' in 04_experimental_setup.md
2026-01-24 18:26:31,789 - INFO - Verifying images and links...
2026-01-24 18:26:31,789 - INFO - Checking style guidelines...
2026-01-24 18:26:31,810 - INFO - ----------------------------------------
2026-01-24 18:26:31,810 - INFO - Verification Summary:
2026-01-24 18:26:31,810 - INFO - Files          : PASS
2026-01-24 18:26:31,810 - INFO - Citations      : PASS
2026-01-24 18:26:31,810 - INFO - Labels/Refs    : FAIL
2026-01-24 18:26:31,810 - INFO - Images/Links   : PASS
2026-01-24 18:26:31,810 - INFO - Style          : PASS
2026-01-24 18:26:31,810 - INFO - ----------------------------------------
2026-01-24 18:26:31,810 - ERROR - Verification failed. See logs for details.
2026-01-24 18:27:26,316 - INFO - Starting verification on /Users/4d/Documents/GitHub/template/projects/cogsec_multiagent_2_computational/manuscript...
2026-01-24 18:27:26,316 - INFO - Checking file existence...
2026-01-24 18:27:26,316 - INFO - Verifying citations...
2026-01-24 18:27:26,316 - INFO - Found 54 bibliography entries.
2026-01-24 18:27:26,318 - INFO - Verifying definition labels and references...
2026-01-24 18:27:26,318 - INFO - Verifying images and links...
2026-01-24 18:27:26,319 - INFO - Checking style guidelines...
2026-01-24 18:27:26,339 - INFO - ----------------------------------------
2026-01-24 18:27:26,339 - INFO - Verification Summary:
2026-01-24 18:27:26,339 - INFO - Files          : PASS
2026-01-24 18:27:26,339 - INFO - Citations      : PASS
2026-01-24 18:27:26,339 - INFO - Labels/Refs    : PASS
2026-01-24 18:27:26,339 - INFO - Images/Links   : PASS
2026-01-24 18:27:26,339 - INFO - Style          : PASS
2026-01-24 18:27:26,339 - INFO - ----------------------------------------
2026-01-24 18:27:26,339 - INFO - All checks passed successfully.
2026-01-24 18:27:37,519 - INFO - Starting verification on /Users/4d/Documents/GitHub/template/projects/cogsec_multiagent_2_computational/manuscript...
2026-01-24 18:27:37,520 - INFO - Checking file existence...
2026-01-24 18:27:37,520 - INFO - Verifying citations...
2026-01-24 18:27:37,520 - INFO - Found 54 bibliography entries.
2026-01-24 18:27:37,522 - INFO - Verifying definition labels and references...
2026-01-24 18:27:37,523 - INFO - Verifying images and links...
2026-01-24 18:27:37,523 - INFO - Checking style guidelines...
2026-01-24 18:27:37,546 - INFO - ----------------------------------------
2026-01-24 18:27:37,546 - INFO - Verification Summary:
2026-01-24 18:27:37,546 - INFO - Files          : PASS
2026-01-24 18:27:37,546 - INFO - Citations      : PASS
2026-01-24 18:27:37,546 - INFO - Labels/Refs    : PASS
2026-01-24 18:27:37,546 - INFO - Images/Links   : PASS
2026-01-24 18:27:37,546 - INFO - Style          : PASS
2026-01-24 18:27:37,546 - INFO - ----------------------------------------
2026-01-24 18:27:37,546 - INFO - All checks passed successfully.
2026-01-24 18:29:47,340 - INFO - Starting verification on /Users/4d/Documents/GitHub/template/projects/cogsec_multiagent_2_computational/manuscript...
2026-01-24 18:29:47,341 - INFO - Checking file existence...
2026-01-24 18:29:47,341 - INFO - Verifying citations...
2026-01-24 18:29:47,341 - INFO - Found 54 bibliography entries.
2026-01-24 18:29:47,344 - INFO - Verifying definition labels and references...
2026-01-24 18:29:47,345 - INFO - Verifying images and links...
2026-01-24 18:29:47,345 - INFO - Checking style guidelines...
2026-01-24 18:29:47,368 - INFO - ----------------------------------------
2026-01-24 18:29:47,368 - INFO - Verification Summary:
2026-01-24 18:29:47,368 - INFO - Files          : PASS
2026-01-24 18:29:47,368 - INFO - Citations      : PASS
2026-01-24 18:29:47,368 - INFO - Labels/Refs    : PASS
2026-01-24 18:29:47,368 - INFO - Images/Links   : PASS
2026-01-24 18:29:47,368 - INFO - Style          : PASS
2026-01-24 18:29:47,368 - INFO - ----------------------------------------
2026-01-24 18:29:47,368 - INFO - All checks passed successfully.
2026-01-24 20:44:07,107 - INFO - Starting verification on /Users/4d/Documents/GitHub/template/projects/cogsec_multiagent_2_computational/manuscript...
2026-01-24 20:44:07,107 - INFO - Checking file existence...
2026-01-24 20:44:07,107 - INFO - Verifying citations...
2026-01-24 20:44:07,108 - INFO - Found 54 bibliography entries.
2026-01-24 20:44:07,110 - INFO - Verifying definition labels and references...
2026-01-24 20:44:07,110 - WARNING - Undefined reference: '\cref{sec:system-requirements}' in 02_methodology.md
2026-01-24 20:44:07,110 - WARNING - Undefined reference: '\cref{tab:network-ports}' in 02_methodology.md
2026-01-24 20:44:07,110 - INFO - Verifying images and links...
2026-01-24 20:44:07,110 - INFO - Checking style guidelines...
2026-01-24 20:44:07,132 - INFO - ----------------------------------------
2026-01-24 20:44:07,132 - INFO - Verification Summary:
2026-01-24 20:44:07,132 - INFO - Files          : PASS
2026-01-24 20:44:07,132 - INFO - Citations      : PASS
2026-01-24 20:44:07,132 - INFO - Labels/Refs    : FAIL
2026-01-24 20:44:07,132 - INFO - Images/Links   : PASS
2026-01-24 20:44:07,132 - INFO - Style          : PASS
2026-01-24 20:44:07,132 - INFO - ----------------------------------------
2026-01-24 20:44:07,132 - ERROR - Verification failed. See logs for details.
2026-01-24 20:44:41,578 - INFO - Starting verification on /Users/4d/Documents/GitHub/template/projects/cogsec_multiagent_2_computational/manuscript...
2026-01-24 20:44:41,578 - INFO - Checking file existence...
2026-01-24 20:44:41,578 - INFO - Verifying citations...
2026-01-24 20:44:41,579 - INFO - Found 54 bibliography entries.
2026-01-24 20:44:41,580 - INFO - Verifying definition labels and references...
2026-01-24 20:44:41,580 - INFO - Verifying images and links...
2026-01-24 20:44:41,581 - INFO - Checking style guidelines...
2026-01-24 20:44:41,602 - INFO - ----------------------------------------
2026-01-24 20:44:41,602 - INFO - Verification Summary:
2026-01-24 20:44:41,602 - INFO - Files          : PASS
2026-01-24 20:44:41,602 - INFO - Citations      : PASS
2026-01-24 20:44:41,602 - INFO - Labels/Refs    : PASS
2026-01-24 20:44:41,602 - INFO - Images/Links   : PASS
2026-01-24 20:44:41,602 - INFO - Style          : PASS
2026-01-24 20:44:41,602 - INFO - ----------------------------------------
2026-01-24 20:44:41,602 - INFO - All checks passed successfully.
2026-01-25 10:25:03,978 - INFO - Starting verification on /Users/4d/Documents/GitHub/template/projects/cogsec_multiagent_2_computational/manuscript...
2026-01-25 10:25:03,978 - INFO - Checking file existence...
2026-01-25 10:25:03,978 - INFO - Verifying citations...
2026-01-25 10:25:03,979 - INFO - Found 54 bibliography entries.
2026-01-25 10:25:03,981 - INFO - Verifying definition labels and references...
2026-01-25 10:25:03,983 - INFO - Verifying images and links...
2026-01-25 10:25:03,983 - INFO - Checking style guidelines...
2026-01-25 10:25:04,006 - INFO - ----------------------------------------
2026-01-25 10:25:04,006 - INFO - Verification Summary:
2026-01-25 10:25:04,006 - INFO - Files          : PASS
2026-01-25 10:25:04,006 - INFO - Citations      : PASS
2026-01-25 10:25:04,006 - INFO - Labels/Refs    : PASS
2026-01-25 10:25:04,006 - INFO - Images/Links   : PASS
2026-01-25 10:25:04,006 - INFO - Style          : PASS
2026-01-25 10:25:04,006 - INFO - ----------------------------------------
2026-01-25 10:25:04,006 - INFO - All checks passed successfully.
2026-01-25 13:08:20,760 - INFO - Starting verification on /Users/4d/Documents/GitHub/template/projects/cogsec_multiagent_2_computational/manuscript...
2026-01-25 13:08:20,761 - INFO - Checking file existence...
2026-01-25 13:08:20,761 - INFO - Verifying citations...
2026-01-25 13:08:20,761 - INFO - Found 54 bibliography entries.
2026-01-25 13:08:20,763 - INFO - Verifying definition labels and references...
2026-01-25 13:08:20,764 - INFO - Verifying images and links...
2026-01-25 13:08:20,764 - INFO - Checking style guidelines...
2026-01-25 13:08:20,789 - INFO - ----------------------------------------
2026-01-25 13:08:20,789 - INFO - Verification Summary:
2026-01-25 13:08:20,789 - INFO - Files          : PASS
2026-01-25 13:08:20,790 - INFO - Citations      : PASS
2026-01-25 13:08:20,790 - INFO - Labels/Refs    : PASS
2026-01-25 13:08:20,790 - INFO - Images/Links   : PASS
2026-01-25 13:08:20,790 - INFO - Style          : PASS
2026-01-25 13:08:20,790 - INFO - ----------------------------------------
2026-01-25 13:08:20,790 - INFO - All checks passed successfully.
2026-01-25 13:14:57,248 - INFO - Starting verification on /Users/4d/Documents/GitHub/template/projects/cogsec_multiagent_2_computational/manuscript...
2026-01-25 13:14:57,249 - INFO - Checking file existence...
2026-01-25 13:14:57,249 - INFO - Verifying citations...
2026-01-25 13:14:57,249 - INFO - Found 54 bibliography entries.
2026-01-25 13:14:57,251 - INFO - Verifying definition labels and references...
2026-01-25 13:14:57,252 - INFO - Verifying images and links...
2026-01-25 13:14:57,253 - INFO - Checking style guidelines...
2026-01-25 13:14:57,275 - INFO - ----------------------------------------
2026-01-25 13:14:57,275 - INFO - Verification Summary:
2026-01-25 13:14:57,275 - INFO - Files          : PASS
2026-01-25 13:14:57,275 - INFO - Citations      : PASS
2026-01-25 13:14:57,275 - INFO - Labels/Refs    : PASS
2026-01-25 13:14:57,275 - INFO - Images/Links   : PASS
2026-01-25 13:14:57,275 - INFO - Style          : PASS
2026-01-25 13:14:57,275 - INFO - ----------------------------------------
2026-01-25 13:14:57,275 - INFO - All checks passed successfully.
2026-01-25 13:18:35,771 - INFO - Starting verification on /Users/4d/Documents/GitHub/template/projects/cogsec_multiagent_2_computational/manuscript...
2026-01-25 13:18:35,771 - INFO - Checking file existence...
2026-01-25 13:18:35,772 - INFO - Verifying citations...
2026-01-25 13:18:35,773 - INFO - Found 54 bibliography entries.
2026-01-25 13:18:35,781 - INFO - Verifying definition labels and references...
2026-01-25 13:18:35,782 - INFO - Verifying images and links...
2026-01-25 13:18:35,784 - INFO - Checking style guidelines...
2026-01-25 13:18:35,812 - INFO - ----------------------------------------
2026-01-25 13:18:35,812 - INFO - Verification Summary:
2026-01-25 13:18:35,812 - INFO - Files          : PASS
2026-01-25 13:18:35,812 - INFO - Citations      : PASS
2026-01-25 13:18:35,812 - INFO - Labels/Refs    : PASS
2026-01-25 13:18:35,812 - INFO - Images/Links   : PASS
2026-01-25 13:18:35,812 - INFO - Style          : PASS
2026-01-25 13:18:35,812 - INFO - ----------------------------------------
2026-01-25 13:18:35,812 - INFO - All checks passed successfully.
2026-01-25 13:20:40,200 - INFO - Starting verification on /Users/4d/Documents/GitHub/template/projects/cogsec_multiagent_2_computational/manuscript...
2026-01-25 13:20:40,200 - INFO - Checking file existence...
2026-01-25 13:20:40,200 - INFO - Verifying citations...
2026-01-25 13:20:40,201 - INFO - Found 54 bibliography entries.
2026-01-25 13:20:40,204 - INFO - Verifying definition labels and references...
2026-01-25 13:20:40,205 - INFO - Verifying images and links...
2026-01-25 13:20:40,206 - INFO - Checking style guidelines...
2026-01-25 13:20:40,229 - INFO - ----------------------------------------
2026-01-25 13:20:40,229 - INFO - Verification Summary:
2026-01-25 13:20:40,229 - INFO - Files          : PASS
2026-01-25 13:20:40,229 - INFO - Citations      : PASS
2026-01-25 13:20:40,229 - INFO - Labels/Refs    : PASS
2026-01-25 13:20:40,229 - INFO - Images/Links   : PASS
2026-01-25 13:20:40,229 - INFO - Style          : PASS
2026-01-25 13:20:40,229 - INFO - ----------------------------------------
2026-01-25 13:20:40,229 - INFO - All checks passed successfully.
2026-01-25 13:39:43,476 - INFO - Starting verification on /Users/4d/Documents/GitHub/template/projects/cogsec_multiagent_2_computational/manuscript...
2026-01-25 13:39:43,476 - INFO - Checking file existence...
2026-01-25 13:39:43,476 - INFO - Verifying citations...
2026-01-25 13:39:43,476 - INFO - Found 54 bibliography entries.
2026-01-25 13:39:43,480 - INFO - Verifying definition labels and references...
2026-01-25 13:39:43,480 - INFO - Verifying images and links...
2026-01-25 13:39:43,481 - INFO - Checking style guidelines...
2026-01-25 13:39:43,505 - INFO - ----------------------------------------
2026-01-25 13:39:43,505 - INFO - Verification Summary:
2026-01-25 13:39:43,505 - INFO - Files          : PASS
2026-01-25 13:39:43,505 - INFO - Citations      : PASS
2026-01-25 13:39:43,505 - INFO - Labels/Refs    : PASS
2026-01-25 13:39:43,505 - INFO - Images/Links   : PASS
2026-01-25 13:39:43,505 - INFO - Style          : PASS
2026-01-25 13:39:43,505 - INFO - ----------------------------------------
2026-01-25 13:39:43,505 - INFO - All checks passed successfully.
2026-01-25 13:55:19,103 - INFO - Starting verification on /Users/4d/Documents/GitHub/template/projects/cogsec_multiagent_2_computational/manuscript...
2026-01-25 13:55:19,103 - INFO - Checking file existence...
2026-01-25 13:55:19,104 - INFO - Verifying citations...
2026-01-25 13:55:19,104 - INFO - Found 54 bibliography entries.
2026-01-25 13:55:19,108 - INFO - Verifying definition labels and references...
2026-01-25 13:55:19,108 - INFO - Verifying images and links...
2026-01-25 13:55:19,109 - INFO - Checking style guidelines...
2026-01-25 13:55:19,134 - INFO - ----------------------------------------
2026-01-25 13:55:19,134 - INFO - Verification Summary:
2026-01-25 13:55:19,134 - INFO - Files          : PASS
2026-01-25 13:55:19,134 - INFO - Citations      : PASS
2026-01-25 13:55:19,134 - INFO - Labels/Refs    : PASS
2026-01-25 13:55:19,134 - INFO - Images/Links   : PASS
2026-01-25 13:55:19,134 - INFO - Style          : PASS
2026-01-25 13:55:19,134 - INFO - ----------------------------------------
2026-01-25 13:55:19,134 - INFO - All checks passed successfully.
2026-01-25 15:06:41,019 - INFO - Starting verification on /Users/4d/Documents/GitHub/template/projects/cogsec_multiagent_2_computational/manuscript...
2026-01-25 15:06:41,019 - INFO - Checking file existence...
2026-01-25 15:06:41,019 - INFO - Verifying citations...
2026-01-25 15:06:41,020 - INFO - Found 54 bibliography entries.
2026-01-25 15:06:41,023 - INFO - Verifying definition labels and references...
2026-01-25 15:06:41,024 - INFO - Verifying images and links...
2026-01-25 15:06:41,024 - INFO - Checking style guidelines...
2026-01-25 15:06:41,049 - INFO - ----------------------------------------
2026-01-25 15:06:41,049 - INFO - Verification Summary:
2026-01-25 15:06:41,049 - INFO - Files          : PASS
2026-01-25 15:06:41,049 - INFO - Citations      : PASS
2026-01-25 15:06:41,049 - INFO - Labels/Refs    : PASS
2026-01-25 15:06:41,049 - INFO - Images/Links   : PASS
2026-01-25 15:06:41,049 - INFO - Style          : PASS
2026-01-25 15:06:41,049 - INFO - ----------------------------------------
2026-01-25 15:06:41,049 - INFO - All checks passed successfully.
2026-01-25 15:42:18,726 - INFO - Starting verification on /Users/4d/Documents/GitHub/template/projects/cogsec_multiagent_2_computational/manuscript...
2026-01-25 15:42:18,726 - INFO - Checking file existence...
2026-01-25 15:42:18,730 - INFO - Verifying citations...
2026-01-25 15:42:18,732 - INFO - Found 54 bibliography entries.
2026-01-25 15:42:18,755 - INFO - Verifying definition labels and references...
2026-01-25 15:42:18,756 - INFO - Verifying images and links...
2026-01-25 15:42:18,757 - INFO - Checking style guidelines...
2026-01-25 15:42:18,817 - INFO - ----------------------------------------
2026-01-25 15:42:18,817 - INFO - Verification Summary:
2026-01-25 15:42:18,817 - INFO - Files          : PASS
2026-01-25 15:42:18,817 - INFO - Citations      : PASS
2026-01-25 15:42:18,817 - INFO - Labels/Refs    : PASS
2026-01-25 15:42:18,818 - INFO - Images/Links   : PASS
2026-01-25 15:42:18,818 - INFO - Style          : PASS
2026-01-25 15:42:18,818 - INFO - ----------------------------------------
2026-01-25 15:42:18,818 - INFO - All checks passed successfully.
2026-01-25 16:26:29,628 - INFO - Starting verification on /Users/4d/Documents/GitHub/template/projects/cogsec_multiagent_2_computational/manuscript...
2026-01-25 16:26:29,629 - INFO - Checking file existence...
2026-01-25 16:26:29,629 - INFO - Verifying citations...
2026-01-25 16:26:29,629 - INFO - Found 54 bibliography entries.
2026-01-25 16:26:29,634 - INFO - Verifying definition labels and references...
2026-01-25 16:26:29,636 - INFO - Verifying images and links...
2026-01-25 16:26:29,636 - INFO - Checking style guidelines...
2026-01-25 16:26:29,663 - INFO - ----------------------------------------
2026-01-25 16:26:29,663 - INFO - Verification Summary:
2026-01-25 16:26:29,663 - INFO - Files          : PASS
2026-01-25 16:26:29,663 - INFO - Citations      : PASS
2026-01-25 16:26:29,663 - INFO - Labels/Refs    : PASS
2026-01-25 16:26:29,663 - INFO - Images/Links   : PASS
2026-01-25 16:26:29,663 - INFO - Style          : PASS
2026-01-25 16:26:29,663 - INFO - ----------------------------------------
2026-01-25 16:26:29,663 - INFO - All checks passed successfully.
2026-01-26 05:27:23,913 - INFO - Starting verification on /Users/4d/Documents/GitHub/template/projects/cogsec_multiagent_2_computational/manuscript...
2026-01-26 05:27:23,913 - INFO - Checking file existence...
2026-01-26 05:27:23,913 - INFO - Verifying citations...
2026-01-26 05:27:23,914 - INFO - Found 54 bibliography entries.
2026-01-26 05:27:23,916 - INFO - Verifying definition labels and references...
2026-01-26 05:27:23,917 - INFO - Verifying images and links...
2026-01-26 05:27:23,918 - INFO - Checking style guidelines...
2026-01-26 05:27:23,942 - INFO - ----------------------------------------
2026-01-26 05:27:23,942 - INFO - Verification Summary:
2026-01-26 05:27:23,943 - INFO - Files          : PASS
2026-01-26 05:27:23,943 - INFO - Citations      : PASS
2026-01-26 05:27:23,943 - INFO - Labels/Refs    : PASS
2026-01-26 05:27:23,943 - INFO - Images/Links   : PASS
2026-01-26 05:27:23,943 - INFO - Style          : PASS
2026-01-26 05:27:23,943 - INFO - ----------------------------------------
2026-01-26 05:27:23,943 - INFO - All checks passed successfully.
2026-01-26 06:44:34,058 - INFO - Starting verification on /Users/4d/Documents/GitHub/template/projects/cogsec_multiagent_2_computational/manuscript...
2026-01-26 06:44:34,058 - INFO - Checking file existence...
2026-01-26 06:44:34,059 - INFO - Verifying citations...
2026-01-26 06:44:34,059 - INFO - Found 54 bibliography entries.
2026-01-26 06:44:34,061 - INFO - Verifying definition labels and references...
2026-01-26 06:44:34,062 - INFO - Verifying images and links...
2026-01-26 06:44:34,063 - INFO - Checking style guidelines...
2026-01-26 06:44:34,088 - INFO - ----------------------------------------
2026-01-26 06:44:34,088 - INFO - Verification Summary:
2026-01-26 06:44:34,088 - INFO - Files          : PASS
2026-01-26 06:44:34,088 - INFO - Citations      : PASS
2026-01-26 06:44:34,088 - INFO - Labels/Refs    : PASS
2026-01-26 06:44:34,088 - INFO - Images/Links   : PASS
2026-01-26 06:44:34,088 - INFO - Style          : PASS
2026-01-26 06:44:34,088 - INFO - ----------------------------------------
2026-01-26 06:44:34,088 - INFO - All checks passed successfully.
2026-01-26 07:08:29,336 - INFO - Starting verification on /Users/4d/Documents/GitHub/template/projects/cogsec_multiagent_2_computational/manuscript...
2026-01-26 07:08:29,336 - INFO - Checking file existence...
2026-01-26 07:08:29,337 - INFO - Verifying citations...
2026-01-26 07:08:29,337 - INFO - Found 54 bibliography entries.
2026-01-26 07:08:29,340 - INFO - Verifying definition labels and references...
2026-01-26 07:08:29,342 - INFO - Verifying images and links...
2026-01-26 07:08:29,343 - INFO - Checking style guidelines...
2026-01-26 07:08:29,369 - INFO - ----------------------------------------
2026-01-26 07:08:29,369 - INFO - Verification Summary:
2026-01-26 07:08:29,369 - INFO - Files          : PASS
2026-01-26 07:08:29,369 - INFO - Citations      : PASS
2026-01-26 07:08:29,369 - INFO - Labels/Refs    : PASS
2026-01-26 07:08:29,369 - INFO - Images/Links   : PASS
2026-01-26 07:08:29,369 - INFO - Style          : PASS
2026-01-26 07:08:29,369 - INFO - ----------------------------------------
2026-01-26 07:08:29,369 - INFO - All checks passed successfully.
2026-01-26 09:18:24,115 - INFO - Starting verification on /Users/4d/Documents/GitHub/template/projects/cogsec_multiagent_2_computational/manuscript...
2026-01-26 09:18:24,116 - INFO - Checking file existence...
2026-01-26 09:18:24,116 - INFO - Verifying citations...
2026-01-26 09:18:24,116 - INFO - Found 54 bibliography entries.
2026-01-26 09:18:24,119 - INFO - Verifying definition labels and references...
2026-01-26 09:18:24,119 - INFO - Verifying images and links...
2026-01-26 09:18:24,120 - INFO - Checking style guidelines...
2026-01-26 09:18:24,144 - INFO - ----------------------------------------
2026-01-26 09:18:24,145 - INFO - Verification Summary:
2026-01-26 09:18:24,145 - INFO - Files          : PASS
2026-01-26 09:18:24,145 - INFO - Citations      : PASS
2026-01-26 09:18:24,145 - INFO - Labels/Refs    : PASS
2026-01-26 09:18:24,145 - INFO - Images/Links   : PASS
2026-01-26 09:18:24,145 - INFO - Style          : PASS
2026-01-26 09:18:24,145 - INFO - ----------------------------------------
2026-01-26 09:18:24,145 - INFO - All checks passed successfully.
2026-01-26 10:55:55,976 - INFO - Starting verification on /Users/4d/Documents/GitHub/template/projects/cogsec_multiagent_2_computational/manuscript...
2026-01-26 10:55:55,977 - INFO - Checking file existence...
2026-01-26 10:55:55,977 - INFO - Verifying citations...
2026-01-26 10:55:55,977 - INFO - Found 54 bibliography entries.
2026-01-26 10:55:55,980 - INFO - Verifying definition labels and references...
2026-01-26 10:55:55,981 - INFO - Verifying images and links...
2026-01-26 10:55:55,981 - INFO - Checking style guidelines...
2026-01-26 10:55:56,005 - INFO - ----------------------------------------
2026-01-26 10:55:56,005 - INFO - Verification Summary:
2026-01-26 10:55:56,005 - INFO - Files          : PASS
2026-01-26 10:55:56,005 - INFO - Citations      : PASS
2026-01-26 10:55:56,005 - INFO - Labels/Refs    : PASS
2026-01-26 10:55:56,005 - INFO - Images/Links   : PASS
2026-01-26 10:55:56,005 - INFO - Style          : PASS
2026-01-26 10:55:56,005 - INFO - ----------------------------------------
2026-01-26 10:55:56,005 - INFO - All checks passed successfully.
2026-01-26 13:49:21,607 - INFO - Starting verification on /Users/4d/Documents/GitHub/template/projects/cogsec_multiagent_2_computational/manuscript...
2026-01-26 13:49:21,607 - INFO - Checking file existence...
2026-01-26 13:49:21,607 - INFO - Verifying citations...
2026-01-26 13:49:21,608 - INFO - Found 54 bibliography entries.
2026-01-26 13:49:21,610 - INFO - Verifying definition labels and references...
2026-01-26 13:49:21,611 - INFO - Verifying images and links...
2026-01-26 13:49:21,612 - INFO - Checking style guidelines...
2026-01-26 13:49:21,637 - INFO - ----------------------------------------
2026-01-26 13:49:21,638 - INFO - Verification Summary:
2026-01-26 13:49:21,638 - INFO - Files          : PASS
2026-01-26 13:49:21,638 - INFO - Citations      : PASS
2026-01-26 13:49:21,638 - INFO - Labels/Refs    : PASS
2026-01-26 13:49:21,638 - INFO - Images/Links   : PASS
2026-01-26 13:49:21,638 - INFO - Style          : PASS
2026-01-26 13:49:21,638 - INFO - ----------------------------------------
2026-01-26 13:49:21,638 - INFO - All checks passed successfully.
2026-01-26 15:10:49,557 - INFO - Starting verification on /Users/4d/Documents/GitHub/template/projects/cogsec_multiagent_2_computational/manuscript...
2026-01-26 15:10:49,558 - INFO - Checking file existence...
2026-01-26 15:10:49,558 - INFO - Verifying citations...
2026-01-26 15:10:49,558 - INFO - Found 54 bibliography entries.
2026-01-26 15:10:49,561 - INFO - Verifying definition labels and references...
2026-01-26 15:10:49,562 - INFO - Verifying images and links...
2026-01-26 15:10:49,563 - INFO - Checking style guidelines...
2026-01-26 15:10:49,597 - INFO - ----------------------------------------
2026-01-26 15:10:49,597 - INFO - Verification Summary:
2026-01-26 15:10:49,597 - INFO - Files          : PASS
2026-01-26 15:10:49,597 - INFO - Citations      : PASS
2026-01-26 15:10:49,597 - INFO - Labels/Refs    : PASS
2026-01-26 15:10:49,597 - INFO - Images/Links   : PASS
2026-01-26 15:10:49,597 - INFO - Style          : PASS
2026-01-26 15:10:49,597 - INFO - ----------------------------------------
2026-01-26 15:10:49,597 - INFO - All checks passed successfully.
2026-01-27 08:43:53,209 - INFO - Starting verification on /Users/4d/Documents/GitHub/template/projects/cogsec_multiagent_2_computational/manuscript...
2026-01-27 08:43:53,209 - INFO - Checking file existence...
2026-01-27 08:43:53,209 - INFO - Verifying citations...
2026-01-27 08:43:53,209 - INFO - Found 54 bibliography entries.
2026-01-27 08:43:53,211 - INFO - Verifying definition labels and references...
2026-01-27 08:43:53,212 - INFO - Verifying images and links...
2026-01-27 08:43:53,213 - INFO - Checking style guidelines...
2026-01-27 08:43:53,237 - INFO - ----------------------------------------
2026-01-27 08:43:53,237 - INFO - Verification Summary:
2026-01-27 08:43:53,237 - INFO - Files          : PASS
2026-01-27 08:43:53,237 - INFO - Citations      : PASS
2026-01-27 08:43:53,237 - INFO - Labels/Refs    : PASS
2026-01-27 08:43:53,237 - INFO - Images/Links   : PASS
2026-01-27 08:43:53,237 - INFO - Style          : PASS
2026-01-27 08:43:53,237 - INFO - ----------------------------------------
2026-01-27 08:43:53,237 - INFO - All checks passed successfully.
2026-01-27 09:25:44,780 - INFO - Starting verification on /Users/4d/Documents/GitHub/template/projects/cogsec_multiagent_2_computational/manuscript...
2026-01-27 09:25:44,780 - INFO - Checking file existence...
2026-01-27 09:25:44,781 - INFO - Verifying citations...
2026-01-27 09:25:44,781 - INFO - Found 54 bibliography entries.
2026-01-27 09:25:44,784 - INFO - Verifying definition labels and references...
2026-01-27 09:25:44,785 - INFO - Verifying images and links...
2026-01-27 09:25:44,785 - INFO - Checking style guidelines...
2026-01-27 09:25:44,810 - INFO - ----------------------------------------
2026-01-27 09:25:44,810 - INFO - Verification Summary:
2026-01-27 09:25:44,810 - INFO - Files          : PASS
2026-01-27 09:25:44,810 - INFO - Citations      : PASS
2026-01-27 09:25:44,810 - INFO - Labels/Refs    : PASS
2026-01-27 09:25:44,810 - INFO - Images/Links   : PASS
2026-01-27 09:25:44,810 - INFO - Style          : PASS
2026-01-27 09:25:44,810 - INFO - ----------------------------------------
2026-01-27 09:25:44,810 - INFO - All checks passed successfully.
2026-01-27 10:11:31,791 - INFO - Starting verification on /Users/4d/Documents/GitHub/template/projects/cogsec_multiagent_2_computational/manuscript...
2026-01-27 10:11:31,791 - INFO - Checking file existence...
2026-01-27 10:11:31,791 - INFO - Verifying citations...
2026-01-27 10:11:31,792 - INFO - Found 54 bibliography entries.
2026-01-27 10:11:31,795 - INFO - Verifying definition labels and references...
2026-01-27 10:11:31,795 - INFO - Verifying images and links...
2026-01-27 10:11:31,796 - INFO - Checking style guidelines...
2026-01-27 10:11:31,822 - INFO - ----------------------------------------
2026-01-27 10:11:31,822 - INFO - Verification Summary:
2026-01-27 10:11:31,822 - INFO - Files          : PASS
2026-01-27 10:11:31,822 - INFO - Citations      : PASS
2026-01-27 10:11:31,822 - INFO - Labels/Refs    : PASS
2026-01-27 10:11:31,822 - INFO - Images/Links   : PASS
2026-01-27 10:11:31,822 - INFO - Style          : PASS
2026-01-27 10:11:31,822 - INFO - ----------------------------------------
2026-01-27 10:11:31,822 - INFO - All checks passed successfully.
2026-01-27 11:18:15,308 - INFO - Starting verification on /Users/4d/Documents/GitHub/template/projects/cogsec_multiagent_2_computational/manuscript...
2026-01-27 11:18:15,309 - INFO - Checking file existence...
2026-01-27 11:18:15,309 - INFO - Verifying citations...
2026-01-27 11:18:15,309 - INFO - Found 54 bibliography entries.
2026-01-27 11:18:15,312 - INFO - Verifying definition labels and references...
2026-01-27 11:18:15,313 - INFO - Verifying images and links...
2026-01-27 11:18:15,313 - INFO - Checking style guidelines...
2026-01-27 11:18:15,338 - INFO - ----------------------------------------
2026-01-27 11:18:15,338 - INFO - Verification Summary:
2026-01-27 11:18:15,339 - INFO - Files          : PASS
2026-01-27 11:18:15,339 - INFO - Citations      : PASS
2026-01-27 11:18:15,339 - INFO - Labels/Refs    : PASS
2026-01-27 11:18:15,339 - INFO - Images/Links   : PASS
2026-01-27 11:18:15,339 - INFO - Style          : PASS
2026-01-27 11:18:15,339 - INFO - ----------------------------------------
2026-01-27 11:18:15,339 - INFO - All checks passed successfully.
2026-01-27 14:05:04,817 - INFO - Starting verification on /Users/4d/Documents/GitHub/template/projects/cogsec_multiagent_2_computational/manuscript...
2026-01-27 14:05:04,818 - INFO - Checking file existence...
2026-01-27 14:05:04,818 - INFO - Verifying citations...
2026-01-27 14:05:04,818 - INFO - Found 54 bibliography entries.
2026-01-27 14:05:04,820 - INFO - Verifying definition labels and references...
2026-01-27 14:05:04,821 - INFO - Verifying images and links...
2026-01-27 14:05:04,822 - INFO - Checking style guidelines...
2026-01-27 14:05:04,847 - INFO - ----------------------------------------
2026-01-27 14:05:04,848 - INFO - Verification Summary:
2026-01-27 14:05:04,848 - INFO - Files          : PASS
2026-01-27 14:05:04,848 - INFO - Citations      : PASS
2026-01-27 14:05:04,848 - INFO - Labels/Refs    : PASS
2026-01-27 14:05:04,848 - INFO - Images/Links   : PASS
2026-01-27 14:05:04,848 - INFO - Style          : PASS
2026-01-27 14:05:04,848 - INFO - ----------------------------------------
2026-01-27 14:05:04,848 - INFO - All checks passed successfully.
2026-01-27 15:42:08,303 - INFO - Starting verification on /Users/4d/Documents/GitHub/template/projects/cogsec_multiagent_2_computational/manuscript...
2026-01-27 15:42:08,304 - INFO - Checking file existence...
2026-01-27 15:42:08,304 - INFO - Verifying citations...
2026-01-27 15:42:08,304 - INFO - Found 54 bibliography entries.
2026-01-27 15:42:08,307 - INFO - Verifying definition labels and references...
2026-01-27 15:42:08,308 - WARNING - Undefined reference: '\cref{def:system-state}' in S04_model_checking.md
2026-01-27 15:42:08,308 - INFO - Verifying images and links...
2026-01-27 15:42:08,309 - INFO - Checking style guidelines...
2026-01-27 15:42:08,335 - INFO - ----------------------------------------
2026-01-27 15:42:08,335 - INFO - Verification Summary:
2026-01-27 15:42:08,335 - INFO - Files          : PASS
2026-01-27 15:42:08,335 - INFO - Citations      : PASS
2026-01-27 15:42:08,335 - INFO - Labels/Refs    : FAIL
2026-01-27 15:42:08,335 - INFO - Images/Links   : PASS
2026-01-27 15:42:08,335 - INFO - Style          : PASS
2026-01-27 15:42:08,335 - INFO - ----------------------------------------
2026-01-27 15:42:08,335 - ERROR - Verification failed. See logs for details.
2026-01-27 16:05:01,622 - INFO - Starting verification on /Users/4d/Documents/GitHub/template/projects/cogsec_multiagent_2_computational/manuscript...
2026-01-27 16:05:01,622 - INFO - Checking file existence...
2026-01-27 16:05:01,622 - INFO - Verifying citations...
2026-01-27 16:05:01,623 - INFO - Found 54 bibliography entries.
2026-01-27 16:05:01,625 - INFO - Verifying definition labels and references...
2026-01-27 16:05:01,625 - INFO - Verifying images and links...
2026-01-27 16:05:01,626 - INFO - Checking style guidelines...
2026-01-27 16:05:01,654 - INFO - ----------------------------------------
2026-01-27 16:05:01,654 - INFO - Verification Summary:
2026-01-27 16:05:01,654 - INFO - Files          : PASS
2026-01-27 16:05:01,654 - INFO - Citations      : PASS
2026-01-27 16:05:01,654 - INFO - Labels/Refs    : PASS
2026-01-27 16:05:01,654 - INFO - Images/Links   : PASS
2026-01-27 16:05:01,654 - INFO - Style          : PASS
2026-01-27 16:05:01,654 - INFO - ----------------------------------------
2026-01-27 16:05:01,654 - INFO - All checks passed successfully.
2026-01-27 16:06:13,980 - INFO - Starting verification on /Users/4d/Documents/GitHub/template/projects/cogsec_multiagent_2_computational/manuscript...
2026-01-27 16:06:13,981 - INFO - Checking file existence...
2026-01-27 16:06:13,981 - INFO - Verifying citations...
2026-01-27 16:06:13,981 - INFO - Found 54 bibliography entries.
2026-01-27 16:06:13,983 - INFO - Verifying definition labels and references...
2026-01-27 16:06:13,984 - INFO - Verifying images and links...
2026-01-27 16:06:13,985 - INFO - Checking style guidelines...
2026-01-27 16:06:14,011 - INFO - ----------------------------------------
2026-01-27 16:06:14,011 - INFO - Verification Summary:
2026-01-27 16:06:14,011 - INFO - Files          : PASS
2026-01-27 16:06:14,011 - INFO - Citations      : PASS
2026-01-27 16:06:14,011 - INFO - Labels/Refs    : PASS
2026-01-27 16:06:14,011 - INFO - Images/Links   : PASS
2026-01-27 16:06:14,011 - INFO - Style          : PASS
2026-01-27 16:06:14,011 - INFO - ----------------------------------------
2026-01-27 16:06:14,011 - INFO - All checks passed successfully.
2026-01-28 05:29:20,239 - INFO - Starting verification on /Users/4d/Documents/GitHub/template/projects/cognitive_integrity/cogsec_multiagent_2_computational/manuscript...
2026-01-28 05:29:20,239 - INFO - Checking file existence...
2026-01-28 05:29:20,240 - INFO - Verifying citations...
2026-01-28 05:29:20,240 - INFO - Found 54 bibliography entries.
2026-01-28 05:29:20,242 - INFO - Verifying definition labels and references...
2026-01-28 05:29:20,243 - INFO - Verifying images and links...
2026-01-28 05:29:20,243 - INFO - Checking style guidelines...
2026-01-28 05:29:20,270 - INFO - ----------------------------------------
2026-01-28 05:29:20,270 - INFO - Verification Summary:
2026-01-28 05:29:20,270 - INFO - Files          : PASS
2026-01-28 05:29:20,270 - INFO - Citations      : PASS
2026-01-28 05:29:20,270 - INFO - Labels/Refs    : PASS
2026-01-28 05:29:20,270 - INFO - Images/Links   : PASS
2026-01-28 05:29:20,270 - INFO - Style          : PASS
2026-01-28 05:29:20,270 - INFO - ----------------------------------------
2026-01-28 05:29:20,270 - INFO - All checks passed successfully.
2026-01-28 05:41:35,392 - INFO - Starting verification on /Users/4d/Documents/GitHub/template/projects/cognitive_integrity/cogsec_multiagent_2_computational/manuscript...
2026-01-28 05:41:35,393 - INFO - Checking file existence...
2026-01-28 05:41:35,393 - INFO - Verifying citations...
2026-01-28 05:41:35,393 - INFO - Found 54 bibliography entries.
2026-01-28 05:41:35,395 - INFO - Verifying definition labels and references...
2026-01-28 05:41:35,396 - INFO - Verifying images and links...
2026-01-28 05:41:35,397 - INFO - Checking style guidelines...
2026-01-28 05:41:35,423 - INFO - ----------------------------------------
2026-01-28 05:41:35,423 - INFO - Verification Summary:
2026-01-28 05:41:35,423 - INFO - Files          : PASS
2026-01-28 05:41:35,423 - INFO - Citations      : PASS
2026-01-28 05:41:35,423 - INFO - Labels/Refs    : PASS
2026-01-28 05:41:35,423 - INFO - Images/Links   : PASS
2026-01-28 05:41:35,424 - INFO - Style          : PASS
2026-01-28 05:41:35,424 - INFO - ----------------------------------------
2026-01-28 05:41:35,424 - INFO - All checks passed successfully.
2026-01-28 05:54:21,729 - INFO - Starting verification on /Users/4d/Documents/GitHub/template/projects/cognitive_integrity/cogsec_multiagent_2_computational/manuscript...
2026-01-28 05:54:21,729 - INFO - Checking file existence...
2026-01-28 05:54:21,729 - INFO - Verifying citations...
2026-01-28 05:54:21,730 - INFO - Found 54 bibliography entries.
2026-01-28 05:54:21,733 - INFO - Verifying definition labels and references...
2026-01-28 05:54:21,735 - INFO - Verifying images and links...
2026-01-28 05:54:21,735 - INFO - Checking style guidelines...
2026-01-28 05:54:21,762 - INFO - ----------------------------------------
2026-01-28 05:54:21,762 - INFO - Verification Summary:
2026-01-28 05:54:21,762 - INFO - Files          : PASS
2026-01-28 05:54:21,762 - INFO - Citations      : PASS
2026-01-28 05:54:21,762 - INFO - Labels/Refs    : PASS
2026-01-28 05:54:21,762 - INFO - Images/Links   : PASS
2026-01-28 05:54:21,762 - INFO - Style          : PASS
2026-01-28 05:54:21,762 - INFO - ----------------------------------------
2026-01-28 05:54:21,762 - INFO - All checks passed successfully.
2026-01-28 06:37:30,039 - INFO - Starting verification on /Users/4d/Documents/GitHub/template/projects/cognitive_integrity/cogsec_multiagent_2_computational/manuscript...
2026-01-28 06:37:30,039 - INFO - Checking file existence...
2026-01-28 06:37:30,039 - INFO - Verifying citations...
2026-01-28 06:37:30,039 - INFO - Found 54 bibliography entries.
2026-01-28 06:37:30,041 - INFO - Verifying definition labels and references...
2026-01-28 06:37:30,042 - INFO - Verifying images and links...
2026-01-28 06:37:30,043 - INFO - Checking style guidelines...
2026-01-28 06:37:30,070 - INFO - ----------------------------------------
2026-01-28 06:37:30,070 - INFO - Verification Summary:
2026-01-28 06:37:30,070 - INFO - Files          : PASS
2026-01-28 06:37:30,070 - INFO - Citations      : PASS
2026-01-28 06:37:30,070 - INFO - Labels/Refs    : PASS
2026-01-28 06:37:30,070 - INFO - Images/Links   : PASS
2026-01-28 06:37:30,070 - INFO - Style          : PASS
2026-01-28 06:37:30,070 - INFO - ----------------------------------------
2026-01-28 06:37:30,070 - INFO - All checks passed successfully.
